Archive member included to satisfy reference by file (symbol)

../../../../../../../Middlewares/ST/STM32_Cryptographic/Fw_Crypto/STM32H7/Lib\libSTM32CryptographicV3.1.1_STM32H7_GCC.a(crypto.o)
                              ./Application/User/se_crypto_bootloader.o (AES_CBC_Decrypt_Init)
C:/ST/STM32CubeIDE_1.17.0/STM32CubeIDE/plugins/com.st.stm32cube.ide.mcu.externaltools.gnu-tools-for-stm32.13.3.rel1.win32_1.0.0.202411081344/tools/bin/../lib/gcc/arm-none-eabi/13.3.1/../../../../arm-none-eabi/lib/thumb/v7e-m+dp/hard\libc_nano.a(libc_a-exit.o)
                              C:/ST/STM32CubeIDE_1.17.0/STM32CubeIDE/plugins/com.st.stm32cube.ide.mcu.externaltools.gnu-tools-for-stm32.13.3.rel1.win32_1.0.0.202411081344/tools/bin/../lib/gcc/arm-none-eabi/13.3.1/../../../../arm-none-eabi/lib/thumb/v7e-m+dp/hard/crt0.o (exit)
C:/ST/STM32CubeIDE_1.17.0/STM32CubeIDE/plugins/com.st.stm32cube.ide.mcu.externaltools.gnu-tools-for-stm32.13.3.rel1.win32_1.0.0.202411081344/tools/bin/../lib/gcc/arm-none-eabi/13.3.1/../../../../arm-none-eabi/lib/thumb/v7e-m+dp/hard\libc_nano.a(libc_a-findfp.o)
                              C:/ST/STM32CubeIDE_1.17.0/STM32CubeIDE/plugins/com.st.stm32cube.ide.mcu.externaltools.gnu-tools-for-stm32.13.3.rel1.win32_1.0.0.202411081344/tools/bin/../lib/gcc/arm-none-eabi/13.3.1/../../../../arm-none-eabi/lib/thumb/v7e-m+dp/hard\libc_nano.a(libc_a-exit.o) (__stdio_exit_handler)
C:/ST/STM32CubeIDE_1.17.0/STM32CubeIDE/plugins/com.st.stm32cube.ide.mcu.externaltools.gnu-tools-for-stm32.13.3.rel1.win32_1.0.0.202411081344/tools/bin/../lib/gcc/arm-none-eabi/13.3.1/../../../../arm-none-eabi/lib/thumb/v7e-m+dp/hard\libc_nano.a(libc_a-fwalk.o)
                              C:/ST/STM32CubeIDE_1.17.0/STM32CubeIDE/plugins/com.st.stm32cube.ide.mcu.externaltools.gnu-tools-for-stm32.13.3.rel1.win32_1.0.0.202411081344/tools/bin/../lib/gcc/arm-none-eabi/13.3.1/../../../../arm-none-eabi/lib/thumb/v7e-m+dp/hard\libc_nano.a(libc_a-findfp.o) (_fwalk_sglue)
C:/ST/STM32CubeIDE_1.17.0/STM32CubeIDE/plugins/com.st.stm32cube.ide.mcu.externaltools.gnu-tools-for-stm32.13.3.rel1.win32_1.0.0.202411081344/tools/bin/../lib/gcc/arm-none-eabi/13.3.1/../../../../arm-none-eabi/lib/thumb/v7e-m+dp/hard\libc_nano.a(libc_a-stdio.o)
                              C:/ST/STM32CubeIDE_1.17.0/STM32CubeIDE/plugins/com.st.stm32cube.ide.mcu.externaltools.gnu-tools-for-stm32.13.3.rel1.win32_1.0.0.202411081344/tools/bin/../lib/gcc/arm-none-eabi/13.3.1/../../../../arm-none-eabi/lib/thumb/v7e-m+dp/hard\libc_nano.a(libc_a-findfp.o) (__sread)
C:/ST/STM32CubeIDE_1.17.0/STM32CubeIDE/plugins/com.st.stm32cube.ide.mcu.externaltools.gnu-tools-for-stm32.13.3.rel1.win32_1.0.0.202411081344/tools/bin/../lib/gcc/arm-none-eabi/13.3.1/../../../../arm-none-eabi/lib/thumb/v7e-m+dp/hard\libc_nano.a(libc_a-memcmp.o)
                              ./Application/User/se_crypto_bootloader.o (memcmp)
C:/ST/STM32CubeIDE_1.17.0/STM32CubeIDE/plugins/com.st.stm32cube.ide.mcu.externaltools.gnu-tools-for-stm32.13.3.rel1.win32_1.0.0.202411081344/tools/bin/../lib/gcc/arm-none-eabi/13.3.1/../../../../arm-none-eabi/lib/thumb/v7e-m+dp/hard\libc_nano.a(libc_a-memmove.o)
                              ../../../../../../../Middlewares/ST/STM32_Cryptographic/Fw_Crypto/STM32H7/Lib\libSTM32CryptographicV3.1.1_STM32H7_GCC.a(crypto.o) (memmove)
C:/ST/STM32CubeIDE_1.17.0/STM32CubeIDE/plugins/com.st.stm32cube.ide.mcu.externaltools.gnu-tools-for-stm32.13.3.rel1.win32_1.0.0.202411081344/tools/bin/../lib/gcc/arm-none-eabi/13.3.1/../../../../arm-none-eabi/lib/thumb/v7e-m+dp/hard\libc_nano.a(libc_a-memset.o)
                              C:/ST/STM32CubeIDE_1.17.0/STM32CubeIDE/plugins/com.st.stm32cube.ide.mcu.externaltools.gnu-tools-for-stm32.13.3.rel1.win32_1.0.0.202411081344/tools/bin/../lib/gcc/arm-none-eabi/13.3.1/../../../../arm-none-eabi/lib/thumb/v7e-m+dp/hard/crt0.o (memset)
C:/ST/STM32CubeIDE_1.17.0/STM32CubeIDE/plugins/com.st.stm32cube.ide.mcu.externaltools.gnu-tools-for-stm32.13.3.rel1.win32_1.0.0.202411081344/tools/bin/../lib/gcc/arm-none-eabi/13.3.1/../../../../arm-none-eabi/lib/thumb/v7e-m+dp/hard\libc_nano.a(libc_a-closer.o)
                              C:/ST/STM32CubeIDE_1.17.0/STM32CubeIDE/plugins/com.st.stm32cube.ide.mcu.externaltools.gnu-tools-for-stm32.13.3.rel1.win32_1.0.0.202411081344/tools/bin/../lib/gcc/arm-none-eabi/13.3.1/../../../../arm-none-eabi/lib/thumb/v7e-m+dp/hard\libc_nano.a(libc_a-stdio.o) (_close_r)
C:/ST/STM32CubeIDE_1.17.0/STM32CubeIDE/plugins/com.st.stm32cube.ide.mcu.externaltools.gnu-tools-for-stm32.13.3.rel1.win32_1.0.0.202411081344/tools/bin/../lib/gcc/arm-none-eabi/13.3.1/../../../../arm-none-eabi/lib/thumb/v7e-m+dp/hard\libc_nano.a(libc_a-reent.o)
                              C:/ST/STM32CubeIDE_1.17.0/STM32CubeIDE/plugins/com.st.stm32cube.ide.mcu.externaltools.gnu-tools-for-stm32.13.3.rel1.win32_1.0.0.202411081344/tools/bin/../lib/gcc/arm-none-eabi/13.3.1/../../../../arm-none-eabi/lib/thumb/v7e-m+dp/hard\libc_nano.a(libc_a-closer.o) (errno)
[...]
Memory Configuration

Name             Origin             Length             Attributes
SE_Entry_Secure_ROM_Region 0x08000400         0x00000200         xr
SE_Key_region_ROM 0x08000600         0x00000300         xr
SE_Startup_region_ROM 0x08000900         0x00000100         xr
SE_ROM_region    0x08000a00         0x00007600         xr
SE_IF_region_ROM 0x08008000         0x00000900         xr
SB_HDP_ROM_region 0x08008900         0x00000100         xr
SB_ROM_region    0x08008a00         0x00017600         xr
SE_RAM_region    0x20000400         0x00000c00         xrw
SB_HDP_Code_RAM_region 0x20001000         0x00000100         xrw
SB_RAM_region    0x20001100         0x0001ef00         xrw
*default*        0x00000000         0xffffffff

Linker script and memory map

LOAD C:/ST/STM32CubeIDE_1.17.0/STM32CubeIDE/plugins/com.st.stm32cube.ide.mcu.externaltools.gnu-tools-for-stm32.13.3.rel1.win32_1.0.0.202411081344/tools/bin/../lib/gcc/arm-none-eabi/13.3.1/thumb/v7e-m+dp/hard/crti.o
LOAD C:/ST/STM32CubeIDE_1.17.0/STM32CubeIDE/plugins/com.st.stm32cube.ide.mcu.externaltools.gnu-tools-for-stm32.13.3.rel1.win32_1.0.0.202411081344/tools/bin/../lib/gcc/arm-none-eabi/13.3.1/thumb/v7e-m+dp/hard/crtbegin.o
LOAD C:/ST/STM32CubeIDE_1.17.0/STM32CubeIDE/plugins/com.st.stm32cube.ide.mcu.externaltools.gnu-tools-for-stm32.13.3.rel1.win32_1.0.0.202411081344/tools/bin/../lib/gcc/arm-none-eabi/13.3.1/../../../../arm-none-eabi/lib/thumb/v7e-m+dp/hard/crt0.o
LOAD ./Application/Startup/se_key.o
LOAD ./Application/User/data_init.o
LOAD ./Application/User/se_crypto_bootloader.o
LOAD ./Application/User/se_low_level.o
LOAD ./Application/User/syscalls.o
LOAD ./Drivers/STM32H7xx_HAL_Driver/stm32h7xx_hal_crc.o
LOAD ./Drivers/STM32H7xx_HAL_Driver/stm32h7xx_hal_crc_ex.o
LOAD ./Drivers/STM32H7xx_HAL_Driver/stm32h7xx_hal_flash.o
LOAD ./Drivers/STM32H7xx_HAL_Driver/stm32h7xx_hal_flash_ex.o
LOAD ./Middlewares/STM32_Secure_Engine/se_callgate.o
LOAD ./Middlewares/STM32_Secure_Engine/se_crypto_common.o
LOAD ./Middlewares/STM32_Secure_Engine/se_exception.o
LOAD ./Middlewares/STM32_Secure_Engine/se_fwimg.o
LOAD ./Middlewares/STM32_Secure_Engine/se_startup.o
LOAD ./Middlewares/STM32_Secure_Engine/se_user_application.o
LOAD ./Middlewares/STM32_Secure_Engine/se_utils.o
LOAD ../../../../../../../Middlewares/ST/STM32_Cryptographic/Fw_Crypto/STM32H7/Lib\libSTM32CryptographicV3.1.1_STM32H7_GCC.a
START GROUP
LOAD C:/ST/STM32CubeIDE_1.17.0/STM32CubeIDE/plugins/com.st.stm32cube.ide.mcu.externaltools.gnu-tools-for-stm32.13.3.rel1.win32_1.0.0.202411081344/tools/bin/../lib/gcc/arm-none-eabi/13.3.1/../../../../arm-none-eabi/lib/thumb/v7e-m+dp/hard\libc_nano.a
LOAD C:/ST/STM32CubeIDE_1.17.0/STM32CubeIDE/plugins/com.st.stm32cube.ide.mcu.externaltools.gnu-tools-for-stm32.13.3.rel1.win32_1.0.0.202411081344/tools/bin/../lib/gcc/arm-none-eabi/13.3.1/../../../../arm-none-eabi/lib/thumb/v7e-m+dp/hard\libm.a
END GROUP
START GROUP
LOAD C:/ST/STM32CubeIDE_1.17.0/STM32CubeIDE/plugins/com.st.stm32cube.ide.mcu.externaltools.gnu-tools-for-stm32.13.3.rel1.win32_1.0.0.202411081344/tools/bin/../lib/gcc/arm-none-eabi/13.3.1/thumb/v7e-m+dp/hard\libgcc.a
LOAD C:/ST/STM32CubeIDE_1.17.0/STM32CubeIDE/plugins/com.st.stm32cube.ide.mcu.externaltools.gnu-tools-for-stm32.13.3.rel1.win32_1.0.0.202411081344/tools/bin/../lib/gcc/arm-none-eabi/13.3.1/../../../../arm-none-eabi/lib/thumb/v7e-m+dp/hard\libc_nano.a
END GROUP
START GROUP
LOAD C:/ST/STM32CubeIDE_1.17.0/STM32CubeIDE/plugins/com.st.stm32cube.ide.mcu.externaltools.gnu-tools-for-stm32.13.3.rel1.win32_1.0.0.202411081344/tools/bin/../lib/gcc/arm-none-eabi/13.3.1/thumb/v7e-m+dp/hard\libgcc.a
LOAD C:/ST/STM32CubeIDE_1.17.0/STM32CubeIDE/plugins/com.st.stm32cube.ide.mcu.externaltools.gnu-tools-for-stm32.13.3.rel1.win32_1.0.0.202411081344/tools/bin/../lib/gcc/arm-none-eabi/13.3.1/../../../../arm-none-eabi/lib/thumb/v7e-m+dp/hard\libc_nano.a
LOAD C:/ST/STM32CubeIDE_1.17.0/STM32CubeIDE/plugins/com.st.stm32cube.ide.mcu.externaltools.gnu-tools-for-stm32.13.3.rel1.win32_1.0.0.202411081344/tools/bin/../lib/gcc/arm-none-eabi/13.3.1/../../../../arm-none-eabi/lib/thumb/v7e-m+dp/hard\libnosys.a
END GROUP
START GROUP
LOAD C:/ST/STM32CubeIDE_1.17.0/STM32CubeIDE/plugins/com.st.stm32cube.ide.mcu.externaltools.gnu-tools-for-stm32.13.3.rel1.win32_1.0.0.202411081344/tools/bin/../lib/gcc/arm-none-eabi/13.3.1/thumb/v7e-m+dp/hard\libgcc.a
LOAD C:/ST/STM32CubeIDE_1.17.0/STM32CubeIDE/plugins/com.st.stm32cube.ide.mcu.externaltools.gnu-tools-for-stm32.13.3.rel1.win32_1.0.0.202411081344/tools/bin/../lib/gcc/arm-none-eabi/13.3.1/../../../../arm-none-eabi/lib/thumb/v7e-m+dp/hard\libc_nano.a
LOAD C:/ST/STM32CubeIDE_1.17.0/STM32CubeIDE/plugins/com.st.stm32cube.ide.mcu.externaltools.gnu-tools-for-stm32.13.3.rel1.win32_1.0.0.202411081344/tools/bin/../lib/gcc/arm-none-eabi/13.3.1/../../../../arm-none-eabi/lib/thumb/v7e-m+dp/hard\libnosys.a
END GROUP
LOAD C:/ST/STM32CubeIDE_1.17.0/STM32CubeIDE/plugins/com.st.stm32cube.ide.mcu.externaltools.gnu-tools-for-stm32.13.3.rel1.win32_1.0.0.202411081344/tools/bin/../lib/gcc/arm-none-eabi/13.3.1/thumb/v7e-m+dp/hard/crtend.o
LOAD C:/ST/STM32CubeIDE_1.17.0/STM32CubeIDE/plugins/com.st.stm32cube.ide.mcu.externaltools.gnu-tools-for-stm32.13.3.rel1.win32_1.0.0.202411081344/tools/bin/../lib/gcc/arm-none-eabi/13.3.1/thumb/v7e-m+dp/hard/crtn.o
                0x00000000                        _Min_Heap_Size = 0x0
                0x00000000                        _Min_Stack_Size = 0x0
                0x08020000                        __ICFEDIT_SLOT_Active_1_start__ = 0x8020000
                0x081fffff                        __ICFEDIT_SLOT_Active_1_end__ = 0x81fffff
                0x08020000                        __ICFEDIT_SLOT_Active_1_header__ = __ICFEDIT_SLOT_Active_1_start__
                0x00000000                        __ICFEDIT_SLOT_Active_2_header__ = 0x0
                0x00000000                        __ICFEDIT_SLOT_Active_2_start__ = 0x0
                0x00000000                        __ICFEDIT_SLOT_Active_2_end__ = 0x0
                0x00000000                        __ICFEDIT_SLOT_Active_3_header__ = 0x0
                0x00000000                        __ICFEDIT_SLOT_Active_3_start__ = 0x0
                0x00000000                        __ICFEDIT_SLOT_Active_3_end__ = 0x0
                0x00000400                        VECTOR_SIZE = 0x400
                0x08000400                        __ICFEDIT_SE_Code_region_ROM_start__ = (0x8000000 + VECTOR_SIZE)
                0x08000400                        __ICFEDIT_SE_CallGate_region_ROM_start__ = __ICFEDIT_SE_Code_region_ROM_start__
                0x080005ff                        __ICFEDIT_SE_CallGate_region_ROM_end__ = (__ICFEDIT_SE_Code_region_ROM_start__ + 0x1ff)
                0x08000600                        __ICFEDIT_SE_Key_region_ROM_start__ = (__ICFEDIT_SE_CallGate_region_ROM_end__ + 0x1)
                0x080008ff                        __ICFEDIT_SE_Key_region_ROM_end__ = (__ICFEDIT_SE_Key_region_ROM_start__ + 0x2ff)
                0x08000900                        __ICFEDIT_SE_Startup_region_ROM_start__ = (__ICFEDIT_SE_Key_region_ROM_end__ + 0x1)
                0x08000a00                        __ICFEDIT_SE_Code_nokey_region_ROM_start__ = (__ICFEDIT_SE_Startup_region_ROM_start__ + 0x100)
                0x08007fff                        __ICFEDIT_SE_Code_region_ROM_end__ = 0x8007fff
                0x08008000                        __ICFEDIT_SE_IF_region_ROM_start__ = 0x8008000
                0x080088ff                        __ICFEDIT_SE_IF_region_ROM_end__ = (__ICFEDIT_SE_IF_region_ROM_start__ + 0x8ff)
                0x08008900                        __ICFEDIT_SB_HDP_region_ROM_start__ = (__ICFEDIT_SE_IF_region_ROM_end__ + 0x1)
                0x080089ff                        __ICFEDIT_SB_HDP_region_ROM_end__ = (__ICFEDIT_SB_HDP_region_ROM_start__ + 0xff)
                0x08008a00                        __ICFEDIT_SB_region_ROM_start__ = (__ICFEDIT_SB_HDP_region_ROM_end__ + 0x1)
                0x0801ffff                        __ICFEDIT_SB_region_ROM_end__ = 0x801ffff
                0x00000200                        SE_Entry_Secure_ROM_Region_Length = ((__ICFEDIT_SE_CallGate_region_ROM_end__ - __ICFEDIT_SE_CallGate_region_ROM_start__) + 0x1)
                0x00000300                        SE_Key_region_ROM_Length = ((__ICFEDIT_SE_Key_region_ROM_end__ - __ICFEDIT_SE_Key_region_ROM_start__) + 0x1)
                0x00000100                        SE_Startup_region_ROM_Length = (__ICFEDIT_SE_Code_nokey_region_ROM_start__ - __ICFEDIT_SE_Startup_region_ROM_start__)
                0x00007600                        SE_ROM_region_Length = ((__ICFEDIT_SE_Code_region_ROM_end__ - __ICFEDIT_SE_Code_nokey_region_ROM_start__) + 0x1)
                0x00000900                        SE_IF_region_ROM_Length = ((__ICFEDIT_SE_IF_region_ROM_end__ - __ICFEDIT_SE_IF_region_ROM_start__) + 0x1)
                0x00000100                        SB_HDP_ROM_region_Length = ((__ICFEDIT_SB_HDP_region_ROM_end__ - __ICFEDIT_SB_HDP_region_ROM_start__) + 0x1)
                0x00017600                        SB_ROM_region_Length = ((__ICFEDIT_SB_region_ROM_end__ - __ICFEDIT_SB_region_ROM_start__) + 0x1)
                0x20000000                        __ICFEDIT_SE_region_RAM_start__ = 0x20000000
                0x20000400                        __ICFEDIT_SE_region_RAM_stack_top__ = 0x20000400
                0x20000fff                        __ICFEDIT_SE_region_RAM_end__ = 0x20000fff
                0x20001000                        __ICFEDIT_SB_HDP_Code_region_RAM_start__ = (__ICFEDIT_SE_region_RAM_end__ + 0x1)
                0x200010ff                        __ICFEDIT_SB_HDP_Code_region_RAM_end__ = (__ICFEDIT_SB_HDP_Code_region_RAM_start__ + 0xff)
                0x20001100                        __ICFEDIT_SB_region_RAM_start__ = (__ICFEDIT_SB_HDP_Code_region_RAM_end__ + 0x1)
                0x2001ffff                        __ICFEDIT_SB_region_RAM_end__ = 0x2001ffff
                0x00000c00                        SE_RAM_region_Length = ((__ICFEDIT_SE_region_RAM_end__ - __ICFEDIT_SE_region_RAM_stack_top__) + 0x1)
                0x00000100                        SB_HDP_CODE_RAM_region_Length = ((__ICFEDIT_SB_HDP_Code_region_RAM_end__ - __ICFEDIT_SB_HDP_Code_region_RAM_start__) + 0x1)
                0x0001ef00                        SB_RAM_region_Length = ((__ICFEDIT_SB_region_RAM_end__ - __ICFEDIT_SB_region_RAM_start__) + 0x1)

.SE_CallGate_Code
                0x08000400       0xcc
                0x08000400        0x1 BYTE 0x0
                0x08000401        0x1 BYTE 0x0
                0x08000402        0x1 BYTE 0x0
                0x08000403        0x1 BYTE 0x0
 *(.SE_CallGate_Code)
 .SE_CallGate_Code
                0x08000404       0xc8 ./Middlewares/STM32_Secure_Engine/se_callgate.o
                0x08000404                SE_CallGate

.SE_Key_Data    0x08000600      0x198
 *(.SE_Key_Data)
 .SE_Key_Data   0x08000600      0x198 ./Application/Startup/se_key.o
                0x08000600                SE_ReadKey_1
                0x0800062a                SE_ReadKey_2
                0x08000654                SE_ReadKey_1_Pub
                0x080006f6                SE_ReadKey_2_Pub

.SE_Startup_Code
                0x08000900       0x10
 *se_startup.o(.text .text*)
 .text          0x08000900        0x0 ./Middlewares/STM32_Secure_Engine/se_startup.o
 .text.SE_CORE_Startup
                0x08000900       0x10 ./Middlewares/STM32_Secure_Engine/se_startup.o
                0x08000900                SE_CORE_Startup

.text           0x08000a00     0x3fd0
                0x08000a00                        . = ALIGN (0x8)
 *(.text)
 .text          0x08000a00       0x40 C:/ST/STM32CubeIDE_1.17.0/STM32CubeIDE/plugins/com.st.stm32cube.ide.mcu.externaltools.gnu-tools-for-stm32.13.3.rel1.win32_1.0.0.202411081344/tools/bin/../lib/gcc/arm-none-eabi/13.3.1/thumb/v7e-m+dp/hard/crtbegin.o
 *(.text*)
 .text.LoopCopyDataInit
                0x08000a40       0x40 ./Application/User/data_init.o
                0x08000a40                LoopCopyDataInit
 .text.LoopFillZerobss
                0x08000a80       0x34 ./Application/User/data_init.o
                0x08000a80                LoopFillZerobss
 .text.__gcc_data_init
                0x08000ab4        0xe ./Application/User/data_init.o
                0x08000ab4                __gcc_data_init
 *fill*         0x08000ac2        0x2 
 .text.LoopCleanDataInit
                0x08000ac4       0x34 ./Application/User/data_init.o
                0x08000ac4                LoopCleanDataInit
 .text.__gcc_clean_data
                0x08000af8        0xe ./Application/User/data_init.o
                0x08000af8                __gcc_clean_data
 *fill*         0x08000b06        0x2 
 .text.SE_CRYPTO_Decrypt_Init
                0x08000b08       0x64 ./Application/User/se_crypto_bootloader.o
                0x08000b08                SE_CRYPTO_Decrypt_Init
 .text.SE_CRYPTO_Decrypt_Append
                0x08000b6c       0x38 ./Application/User/se_crypto_bootloader.o
                0x08000b6c                SE_CRYPTO_Decrypt_Append
 .text.SE_CRYPTO_Decrypt_Finish
                0x08000ba4       0xc8 ./Application/User/se_crypto_bootloader.o
                0x08000ba4                SE_CRYPTO_Decrypt_Finish
 .text.SE_CRYPTO_AuthenticateFW_Init
                0x08000c6c       0x30 ./Application/User/se_crypto_bootloader.o
                0x08000c6c                SE_CRYPTO_AuthenticateFW_Init
 .text.SE_CRYPTO_AuthenticateFW_Append
                0x08000c9c       0x28 ./Application/User/se_crypto_bootloader.o
                0x08000c9c                SE_CRYPTO_AuthenticateFW_Append
 .text.SE_CRYPTO_AuthenticateFW_Finish
                0x08000cc4       0x28 ./Application/User/se_crypto_bootloader.o
                0x08000cc4                SE_CRYPTO_AuthenticateFW_Finish
 .text.SE_CRYPTO_Authenticate_Metadata
                0x08000cec      0x1d0 ./Application/User/se_crypto_bootloader.o
                0x08000cec                SE_CRYPTO_Authenticate_Metadata
 .text.__NVIC_SystemReset
                0x08000ebc       0x24 ./Application/User/se_low_level.o
 .text.SE_LL_GetSector
                0x08000ee0       0x38 ./Application/User/se_low_level.o
 .text.SE_LL_CRC_Config
                0x08000f18       0x38 ./Application/User/se_low_level.o
                0x08000f18                SE_LL_CRC_Config
 .text.SE_LL_FLASH_Erase
                0x08000f50       0xb8 ./Application/User/se_low_level.o
                0x08000f50                SE_LL_FLASH_Erase
 .text.SE_LL_FLASH_Write
                0x08001008       0x74 ./Application/User/se_low_level.o
                0x08001008                SE_LL_FLASH_Write
 .text.SE_LL_FLASH_Read
                0x0800107c       0x74 ./Application/User/se_low_level.o
                0x0800107c                SE_LL_FLASH_Read
 .text.SE_LL_Buffer_in_ram
                0x080010f0       0x2c ./Application/User/se_low_level.o
                0x080010f0                SE_LL_Buffer_in_ram
 .text.SE_LL_Buffer_in_SBSFU_ram
                0x0800111c       0x2c ./Application/User/se_low_level.o
                0x0800111c                SE_LL_Buffer_in_SBSFU_ram
 .text.SE_LL_Buffer_part_of_SE_ram
                0x08001148       0x34 ./Application/User/se_low_level.o
                0x08001148                SE_LL_Buffer_part_of_SE_ram
 .text.SE_LL_CORE_Cleanup
                0x0800117c        0x4 ./Application/User/se_low_level.o
                0x0800117c                SE_LL_CORE_Cleanup
 .text.SE_LL_Lock_Keys
                0x08001180        0x8 ./Application/User/se_low_level.o
                0x08001180                SE_LL_Lock_Keys
 .text.HAL_CRC_MspInit
                0x08001188        0x2 ./Drivers/STM32H7xx_HAL_Driver/stm32h7xx_hal_crc.o
                0x08001188                HAL_CRC_MspInit
 *fill*         0x0800118a        0x2 
 .text.HAL_CRC_Init
                0x0800118c       0x74 ./Drivers/STM32H7xx_HAL_Driver/stm32h7xx_hal_crc.o
                0x0800118c                HAL_CRC_Init
 .text.HAL_CRCEx_Polynomial_Set
                0x08001200       0x4e ./Drivers/STM32H7xx_HAL_Driver/stm32h7xx_hal_crc_ex.o
                0x08001200                HAL_CRCEx_Polynomial_Set
 *fill*         0x0800124e        0x2 
 .text.HAL_FLASH_Unlock
                0x08001250       0x4c ./Drivers/STM32H7xx_HAL_Driver/stm32h7xx_hal_flash.o
                0x08001250                HAL_FLASH_Unlock
 .text.HAL_FLASH_Lock
                0x0800129c       0x30 ./Drivers/STM32H7xx_HAL_Driver/stm32h7xx_hal_flash.o
                0x0800129c                HAL_FLASH_Lock
 .text.FLASH_WaitForLastOperation
                0x080012cc       0xb8 ./Drivers/STM32H7xx_HAL_Driver/stm32h7xx_hal_flash.o
                0x080012cc                FLASH_WaitForLastOperation
 .text.HAL_FLASH_Program
                0x08001384       0xac ./Drivers/STM32H7xx_HAL_Driver/stm32h7xx_hal_flash.o
                0x08001384                HAL_FLASH_Program
 .text.FLASH_MassErase
                0x08001430       0x84 ./Drivers/STM32H7xx_HAL_Driver/stm32h7xx_hal_flash_ex.o
 .text.FLASH_Erase_Sector
                0x080014b4       0x48 ./Drivers/STM32H7xx_HAL_Driver/stm32h7xx_hal_flash_ex.o
                0x080014b4                FLASH_Erase_Sector
 .text.HAL_FLASHEx_Erase
                0x080014fc      0x124 ./Drivers/STM32H7xx_HAL_Driver/stm32h7xx_hal_flash_ex.o
                0x080014fc                HAL_FLASHEx_Erase
 .text.__NVIC_SystemReset
                0x08001620       0x24 ./Middlewares/STM32_Secure_Engine/se_callgate.o
 .text.SE_CallGateService
                0x08001644      0x4d0 ./Middlewares/STM32_Secure_Engine/se_callgate.o
                0x08001644                SE_CallGateService
 .text.SE_IMG_Write
                0x08001b14       0x44 ./Middlewares/STM32_Secure_Engine/se_fwimg.o
                0x08001b14                SE_IMG_Write
 .text.SE_IMG_Read
                0x08001b58       0x44 ./Middlewares/STM32_Secure_Engine/se_fwimg.o
                0x08001b58                SE_IMG_Read
 .text.SE_IMG_Erase
                0x08001b9c       0x48 ./Middlewares/STM32_Secure_Engine/se_fwimg.o
                0x08001b9c                SE_IMG_Erase
 .text.SE_APPLI_GetActiveFwInfo
                0x08001be4       0x3c ./Middlewares/STM32_Secure_Engine/se_user_application.o
                0x08001be4                SE_APPLI_GetActiveFwInfo
 .text.SE_SetSystemCoreClock
                0x08001c20        0xc ./Middlewares/STM32_Secure_Engine/se_utils.o
                0x08001c20                SE_SetSystemCoreClock
 .text.HAL_GetTick
                0x08001c2c       0x40 ./Middlewares/STM32_Secure_Engine/se_utils.o
                0x08001c2c                HAL_GetTick
 .text.AES_keyschedule_enc_LL
                0x08001c6c      0x1ba ../../../../../../../Middlewares/ST/STM32_Cryptographic/Fw_Crypto/STM32H7/Lib\libSTM32CryptographicV3.1.1_STM32H7_GCC.a(crypto.o)
 .text.SHA256Transform
                0x08001e26      0x282 ../../../../../../../Middlewares/ST/STM32_Cryptographic/Fw_Crypto/STM32H7/Lib\libSTM32CryptographicV3.1.1_STM32H7_GCC.a(crypto.o)
 .text.AES_keyschedule_enc
                0x080020a8       0x3a ../../../../../../../Middlewares/ST/STM32_Cryptographic/Fw_Crypto/STM32H7/Lib\libSTM32CryptographicV3.1.1_STM32H7_GCC.a(crypto.o)
                0x080020a8                AES_keyschedule_enc
 .text.AESstdInit
                0x080020e2       0xc0 ../../../../../../../Middlewares/ST/STM32_Cryptographic/Fw_Crypto/STM32H7/Lib\libSTM32CryptographicV3.1.1_STM32H7_GCC.a(crypto.o)
 .text.AES_general_SW_dec
                0x080021a2      0x308 ../../../../../../../Middlewares/ST/STM32_Cryptographic/Fw_Crypto/STM32H7/Lib\libSTM32CryptographicV3.1.1_STM32H7_GCC.a(crypto.o)
                0x080021a2                AES_general_SW_dec
 .text.AES_CBC_Decrypt_Init
                0x080024aa        0x6 ../../../../../../../Middlewares/ST/STM32_Cryptographic/Fw_Crypto/STM32H7/Lib\libSTM32CryptographicV3.1.1_STM32H7_GCC.a(crypto.o)
                0x080024aa                AES_CBC_Decrypt_Init
 .text.AES_CBC_Decrypt_Append
                0x080024b0      0x27c ../../../../../../../Middlewares/ST/STM32_Cryptographic/Fw_Crypto/STM32H7/Lib\libSTM32CryptographicV3.1.1_STM32H7_GCC.a(crypto.o)
                0x080024b0                AES_CBC_Decrypt_Append
 .text.AES_CFB_Decrypt_Finish
                0x0800272c       0x18 ../../../../../../../Middlewares/ST/STM32_Cryptographic/Fw_Crypto/STM32H7/Lib\libSTM32CryptographicV3.1.1_STM32H7_GCC.a(crypto.o)
                0x0800272c                AES_CFB_Decrypt_Finish
 .text.AES_CBC_Decrypt_Finish
                0x08002744        0x4 ../../../../../../../Middlewares/ST/STM32_Cryptographic/Fw_Crypto/STM32H7/Lib\libSTM32CryptographicV3.1.1_STM32H7_GCC.a(crypto.o)
                0x08002744                AES_CBC_Decrypt_Finish
 .text.SHA256Update
                0x08002748       0x90 ../../../../../../../Middlewares/ST/STM32_Cryptographic/Fw_Crypto/STM32H7/Lib\libSTM32CryptographicV3.1.1_STM32H7_GCC.a(crypto.o)
                0x08002748                SHA256Update
 .text.SHA256_Append
                0x080027d8       0x26 ../../../../../../../Middlewares/ST/STM32_Cryptographic/Fw_Crypto/STM32H7/Lib\libSTM32CryptographicV3.1.1_STM32H7_GCC.a(crypto.o)
                0x080027d8                SHA256_Append
 .text.SHA256Init
                0x080027fe       0x58 ../../../../../../../Middlewares/ST/STM32_Cryptographic/Fw_Crypto/STM32H7/Lib\libSTM32CryptographicV3.1.1_STM32H7_GCC.a(crypto.o)
                0x080027fe                SHA256Init
 .text.SHA256_Init
                0x08002856       0x1a ../../../../../../../Middlewares/ST/STM32_Cryptographic/Fw_Crypto/STM32H7/Lib\libSTM32CryptographicV3.1.1_STM32H7_GCC.a(crypto.o)
                0x08002856                SHA256_Init
 .text.SHA256Final
                0x08002870      0x116 ../../../../../../../Middlewares/ST/STM32_Cryptographic/Fw_Crypto/STM32H7/Lib\libSTM32CryptographicV3.1.1_STM32H7_GCC.a(crypto.o)
                0x08002870                SHA256Final
 .text.SHA256_Finish
                0x08002986       0x4c ../../../../../../../Middlewares/ST/STM32_Cryptographic/Fw_Crypto/STM32H7/Lib\libSTM32CryptographicV3.1.1_STM32H7_GCC.a(crypto.o)
                0x08002986                SHA256_Finish
 .text.StAllocBig
                0x080029d2       0x30 ../../../../../../../Middlewares/ST/STM32_Cryptographic/Fw_Crypto/STM32H7/Lib\libSTM32CryptographicV3.1.1_STM32H7_GCC.a(crypto.o)
                0x080029d2                StAllocBig
 .text.StFreeBig
                0x08002a02       0x1a ../../../../../../../Middlewares/ST/STM32_Cryptographic/Fw_Crypto/STM32H7/Lib\libSTM32CryptographicV3.1.1_STM32H7_GCC.a(crypto.o)
                0x08002a02                StFreeBig
 .text.InitBig  0x08002a1c       0x2e ../../../../../../../Middlewares/ST/STM32_Cryptographic/Fw_Crypto/STM32H7/Lib\libSTM32CryptographicV3.1.1_STM32H7_GCC.a(crypto.o)
                0x08002a1c                InitBig
 .text.CopyBig  0x08002a4a       0x50 ../../../../../../../Middlewares/ST/STM32_Cryptographic/Fw_Crypto/STM32H7/Lib\libSTM32CryptographicV3.1.1_STM32H7_GCC.a(crypto.o)
                0x08002a4a                CopyBig
 .text.Add_Moduli_Big
                0x08002a9a       0xca ../../../../../../../Middlewares/ST/STM32_Cryptographic/Fw_Crypto/STM32H7/Lib\libSTM32CryptographicV3.1.1_STM32H7_GCC.a(crypto.o)
 .text.IsZeroBig
                0x08002b64       0x16 ../../../../../../../Middlewares/ST/STM32_Cryptographic/Fw_Crypto/STM32H7/Lib\libSTM32CryptographicV3.1.1_STM32H7_GCC.a(crypto.o)
                0x08002b64                IsZeroBig
 .text.SetZeroBig
                0x08002b7a       0x22 ../../../../../../../Middlewares/ST/STM32_Cryptographic/Fw_Crypto/STM32H7/Lib\libSTM32CryptographicV3.1.1_STM32H7_GCC.a(crypto.o)
                0x08002b7a                SetZeroBig
 .text.SignBig  0x08002b9c        0xc ../../../../../../../Middlewares/ST/STM32_Cryptographic/Fw_Crypto/STM32H7/Lib\libSTM32CryptographicV3.1.1_STM32H7_GCC.a(crypto.o)
                0x08002b9c                SignBig
 .text.EvenBig  0x08002ba8        0xc ../../../../../../../Middlewares/ST/STM32_Cryptographic/Fw_Crypto/STM32H7/Lib\libSTM32CryptographicV3.1.1_STM32H7_GCC.a(crypto.o)
                0x08002ba8                EvenBig
 .text.CompareBig
                0x08002bb4       0x82 ../../../../../../../Middlewares/ST/STM32_Cryptographic/Fw_Crypto/STM32H7/Lib\libSTM32CryptographicV3.1.1_STM32H7_GCC.a(crypto.o)
                0x08002bb4                CompareBig
 .text.CountBits
                0x08002c36       0x38 ../../../../../../../Middlewares/ST/STM32_Cryptographic/Fw_Crypto/STM32H7/Lib\libSTM32CryptographicV3.1.1_STM32H7_GCC.a(crypto.o)
                0x08002c36                CountBits
 .text.GiveBit  0x08002c6e       0x1a ../../../../../../../Middlewares/ST/STM32_Cryptographic/Fw_Crypto/STM32H7/Lib\libSTM32CryptographicV3.1.1_STM32H7_GCC.a(crypto.o)
                0x08002c6e                GiveBit
 .text.W8_to_Big
                0x08002c88       0xdc ../../../../../../../Middlewares/ST/STM32_Cryptographic/Fw_Crypto/STM32H7/Lib\libSTM32CryptographicV3.1.1_STM32H7_GCC.a(crypto.o)
                0x08002c88                W8_to_Big
 .text.FastMul2
                0x08002d64       0x50 ../../../../../../../Middlewares/ST/STM32_Cryptographic/Fw_Crypto/STM32H7/Lib\libSTM32CryptographicV3.1.1_STM32H7_GCC.a(crypto.o)
                0x08002d64                FastMul2
 .text.FastDiv2
                0x08002db4       0x42 ../../../../../../../Middlewares/ST/STM32_Cryptographic/Fw_Crypto/STM32H7/Lib\libSTM32CryptographicV3.1.1_STM32H7_GCC.a(crypto.o)
                0x08002db4                FastDiv2
 .text.FastMulInnerBase
                0x08002df6       0x62 ../../../../../../../Middlewares/ST/STM32_Cryptographic/Fw_Crypto/STM32H7/Lib\libSTM32CryptographicV3.1.1_STM32H7_GCC.a(crypto.o)
                0x08002df6                FastMulInnerBase
 .text.LeftShift
                0x08002e58       0x5e ../../../../../../../Middlewares/ST/STM32_Cryptographic/Fw_Crypto/STM32H7/Lib\libSTM32CryptographicV3.1.1_STM32H7_GCC.a(crypto.o)
                0x08002e58                LeftShift
 .text.RightShift
                0x08002eb6       0x4e ../../../../../../../Middlewares/ST/STM32_Cryptographic/Fw_Crypto/STM32H7/Lib\libSTM32CryptographicV3.1.1_STM32H7_GCC.a(crypto.o)
                0x08002eb6                RightShift
 .text.MulBigbyUnInt
                0x08002f04       0x52 ../../../../../../../Middlewares/ST/STM32_Cryptographic/Fw_Crypto/STM32H7/Lib\libSTM32CryptographicV3.1.1_STM32H7_GCC.a(crypto.o)
                0x08002f04                MulBigbyUnInt
 .text.Sub_Moduli_Big
                0x08002f56       0xea ../../../../../../../Middlewares/ST/STM32_Cryptographic/Fw_Crypto/STM32H7/Lib\libSTM32CryptographicV3.1.1_STM32H7_GCC.a(crypto.o)
                0x08002f56                Sub_Moduli_Big
 .text.AddBig   0x08003040      0x114 ../../../../../../../Middlewares/ST/STM32_Cryptographic/Fw_Crypto/STM32H7/Lib\libSTM32CryptographicV3.1.1_STM32H7_GCC.a(crypto.o)
                0x08003040                AddBig
 .text.SubBig   0x08003154       0xc0 ../../../../../../../Middlewares/ST/STM32_Cryptographic/Fw_Crypto/STM32H7/Lib\libSTM32CryptographicV3.1.1_STM32H7_GCC.a(crypto.o)
                0x08003154                SubBig
 .text.MontyInit
                0x08003214      0x13a ../../../../../../../Middlewares/ST/STM32_Cryptographic/Fw_Crypto/STM32H7/Lib\libSTM32CryptographicV3.1.1_STM32H7_GCC.a(crypto.o)
                0x08003214                MontyInit
 .text.MontyKillR2
                0x0800334e        0xc ../../../../../../../Middlewares/ST/STM32_Cryptographic/Fw_Crypto/STM32H7/Lib\libSTM32CryptographicV3.1.1_STM32H7_GCC.a(crypto.o)
                0x0800334e                MontyKillR2
 .text.MontyKillAll
                0x0800335a       0x16 ../../../../../../../Middlewares/ST/STM32_Cryptographic/Fw_Crypto/STM32H7/Lib\libSTM32CryptographicV3.1.1_STM32H7_GCC.a(crypto.o)
                0x0800335a                MontyKillAll
 .text.MontyMul
                0x08003370      0x1b4 ../../../../../../../Middlewares/ST/STM32_Cryptographic/Fw_Crypto/STM32H7/Lib\libSTM32CryptographicV3.1.1_STM32H7_GCC.a(crypto.o)
                0x08003370                MontyMul
 .text.MontyExit
                0x08003524       0x46 ../../../../../../../Middlewares/ST/STM32_Cryptographic/Fw_Crypto/STM32H7/Lib\libSTM32CryptographicV3.1.1_STM32H7_GCC.a(crypto.o)
                0x08003524                MontyExit
 .text.ModularAddBig
                0x0800356a       0x40 ../../../../../../../Middlewares/ST/STM32_Cryptographic/Fw_Crypto/STM32H7/Lib\libSTM32CryptographicV3.1.1_STM32H7_GCC.a(crypto.o)
                0x0800356a                ModularAddBig
 .text.ModularSubBig
                0x080035aa       0x24 ../../../../../../../Middlewares/ST/STM32_Cryptographic/Fw_Crypto/STM32H7/Lib\libSTM32CryptographicV3.1.1_STM32H7_GCC.a(crypto.o)
                0x080035aa                ModularSubBig
 .text.ModularFastMul2
                0x080035ce       0x38 ../../../../../../../Middlewares/ST/STM32_Cryptographic/Fw_Crypto/STM32H7/Lib\libSTM32CryptographicV3.1.1_STM32H7_GCC.a(crypto.o)
                0x080035ce                ModularFastMul2
 .text.ModularInvBig
                0x08003606      0x1bc ../../../../../../../Middlewares/ST/STM32_Cryptographic/Fw_Crypto/STM32H7/Lib\libSTM32CryptographicV3.1.1_STM32H7_GCC.a(crypto.o)
                0x08003606                ModularInvBig
 .text.ECCpoint2Monty
                0x080037c2       0x40 ../../../../../../../Middlewares/ST/STM32_Cryptographic/Fw_Crypto/STM32H7/Lib\libSTM32CryptographicV3.1.1_STM32H7_GCC.a(crypto.o)
                0x080037c2                ECCpoint2Monty
 .text.ECCpointFromMonty
                0x08003802       0x3e ../../../../../../../Middlewares/ST/STM32_Cryptographic/Fw_Crypto/STM32H7/Lib\libSTM32CryptographicV3.1.1_STM32H7_GCC.a(crypto.o)
                0x08003802                ECCpointFromMonty
 .text.MontyJacProjDoublePoint
                0x08003840      0x23c ../../../../../../../Middlewares/ST/STM32_Cryptographic/Fw_Crypto/STM32H7/Lib\libSTM32CryptographicV3.1.1_STM32H7_GCC.a(crypto.o)
                0x08003840                MontyJacProjDoublePoint
 .text.ECCinitEC
                0x08003a7c      0x1bc ../../../../../../../Middlewares/ST/STM32_Cryptographic/Fw_Crypto/STM32H7/Lib\libSTM32CryptographicV3.1.1_STM32H7_GCC.a(crypto.o)
                0x08003a7c                ECCinitEC
 .text.ECCfreeEC
                0x08003c38       0x74 ../../../../../../../Middlewares/ST/STM32_Cryptographic/Fw_Crypto/STM32H7/Lib\libSTM32CryptographicV3.1.1_STM32H7_GCC.a(crypto.o)
                0x08003c38                ECCfreeEC
 .text.ECCinitPoint
                0x08003cac       0xc4 ../../../../../../../Middlewares/ST/STM32_Cryptographic/Fw_Crypto/STM32H7/Lib\libSTM32CryptographicV3.1.1_STM32H7_GCC.a(crypto.o)
                0x08003cac                ECCinitPoint
 .text.ECCfreePoint
                0x08003d70       0x3e ../../../../../../../Middlewares/ST/STM32_Cryptographic/Fw_Crypto/STM32H7/Lib\libSTM32CryptographicV3.1.1_STM32H7_GCC.a(crypto.o)
                0x08003d70                ECCfreePoint
 .text.ECCsetPointCoordinate
                0x08003dae       0x4a ../../../../../../../Middlewares/ST/STM32_Cryptographic/Fw_Crypto/STM32H7/Lib\libSTM32CryptographicV3.1.1_STM32H7_GCC.a(crypto.o)
                0x08003dae                ECCsetPointCoordinate
 .text.ECCcopyPoint
                0x08003df8       0x50 ../../../../../../../Middlewares/ST/STM32_Cryptographic/Fw_Crypto/STM32H7/Lib\libSTM32CryptographicV3.1.1_STM32H7_GCC.a(crypto.o)
                0x08003df8                ECCcopyPoint
 .text.Normalize
                0x08003e48      0x10a ../../../../../../../Middlewares/ST/STM32_Cryptographic/Fw_Crypto/STM32H7/Lib\libSTM32CryptographicV3.1.1_STM32H7_GCC.a(crypto.o)
                0x08003e48                Normalize
 .text.MontyJacProjAddPoints
                0x08003f52      0x258 ../../../../../../../Middlewares/ST/STM32_Cryptographic/Fw_Crypto/STM32H7/Lib\libSTM32CryptographicV3.1.1_STM32H7_GCC.a(crypto.o)
                0x08003f52                MontyJacProjAddPoints
 .text.Binary_DoublePointMul
                0x080041aa      0x132 ../../../../../../../Middlewares/ST/STM32_Cryptographic/Fw_Crypto/STM32H7/Lib\libSTM32CryptographicV3.1.1_STM32H7_GCC.a(crypto.o)
                0x080041aa                Binary_DoublePointMul
 .text.ECCsetPointGenerator
                0x080042dc       0x90 ../../../../../../../Middlewares/ST/STM32_Cryptographic/Fw_Crypto/STM32H7/Lib\libSTM32CryptographicV3.1.1_STM32H7_GCC.a(crypto.o)
                0x080042dc                ECCsetPointGenerator
 .text.ECDSAinitSign
                0x0800436c       0x6e ../../../../../../../Middlewares/ST/STM32_Cryptographic/Fw_Crypto/STM32H7/Lib\libSTM32CryptographicV3.1.1_STM32H7_GCC.a(crypto.o)
                0x0800436c                ECDSAinitSign
 .text.ECDSAfreeSign
                0x080043da       0x2e ../../../../../../../Middlewares/ST/STM32_Cryptographic/Fw_Crypto/STM32H7/Lib\libSTM32CryptographicV3.1.1_STM32H7_GCC.a(crypto.o)
                0x080043da                ECDSAfreeSign
 .text.ECDSAsetSignature
                0x08004408       0x28 ../../../../../../../Middlewares/ST/STM32_Cryptographic/Fw_Crypto/STM32H7/Lib\libSTM32CryptographicV3.1.1_STM32H7_GCC.a(crypto.o)
                0x08004408                ECDSAsetSignature
 .text.ECDSAverify
                0x08004430      0x2e6 ../../../../../../../Middlewares/ST/STM32_Cryptographic/Fw_Crypto/STM32H7/Lib\libSTM32CryptographicV3.1.1_STM32H7_GCC.a(crypto.o)
                0x08004430                ECDSAverify
 .text.ECCvalidatePubKey
                0x08004716      0x250 ../../../../../../../Middlewares/ST/STM32_Cryptographic/Fw_Crypto/STM32H7/Lib\libSTM32CryptographicV3.1.1_STM32H7_GCC.a(crypto.o)
                0x08004716                ECCvalidatePubKey
 .text.memcmp   0x08004966       0x20 C:/ST/STM32CubeIDE_1.17.0/STM32CubeIDE/plugins/com.st.stm32cube.ide.mcu.externaltools.gnu-tools-for-stm32.13.3.rel1.win32_1.0.0.202411081344/tools/bin/../lib/gcc/arm-none-eabi/13.3.1/../../../../arm-none-eabi/lib/thumb/v7e-m+dp/hard\libc_nano.a(libc_a-memcmp.o)
                0x08004966                memcmp
 .text.memset   0x08004986       0x10 C:/ST/STM32CubeIDE_1.17.0/STM32CubeIDE/plugins/com.st.stm32cube.ide.mcu.externaltools.gnu-tools-for-stm32.13.3.rel1.win32_1.0.0.202411081344/tools/bin/../lib/gcc/arm-none-eabi/13.3.1/../../../../arm-none-eabi/lib/thumb/v7e-m+dp/hard\libc_nano.a(libc_a-memset.o)
                0x08004986                memset
 .text.memcpy   0x08004996       0x1c C:/ST/STM32CubeIDE_1.17.0/STM32CubeIDE/plugins/com.st.stm32cube.ide.mcu.externaltools.gnu-tools-for-stm32.13.3.rel1.win32_1.0.0.202411081344/tools/bin/../lib/gcc/arm-none-eabi/13.3.1/../../../../arm-none-eabi/lib/thumb/v7e-m+dp/hard\libc_nano.a(libc_a-memcpy-stub.o)
                0x08004996                memcpy
 *(.glue_7)
 .glue_7        0x080049b2        0x0 linker stubs
 *(.glue_7t)
 .glue_7t       0x080049b2        0x0 linker stubs
 *(.eh_frame)
 *fill*         0x080049b2        0x2 
 .eh_frame      0x080049b4        0x0 C:/ST/STM32CubeIDE_1.17.0/STM32CubeIDE/plugins/com.st.stm32cube.ide.mcu.externaltools.gnu-tools-for-stm32.13.3.rel1.win32_1.0.0.202411081344/tools/bin/../lib/gcc/arm-none-eabi/13.3.1/thumb/v7e-m+dp/hard/crtbegin.o
 *(.init)
 .init          0x080049b4        0x4 C:/ST/STM32CubeIDE_1.17.0/STM32CubeIDE/plugins/com.st.stm32cube.ide.mcu.externaltools.gnu-tools-for-stm32.13.3.rel1.win32_1.0.0.202411081344/tools/bin/../lib/gcc/arm-none-eabi/13.3.1/thumb/v7e-m+dp/hard/crti.o
                0x080049b4                _init
 .init          0x080049b8        0x8 C:/ST/STM32CubeIDE_1.17.0/STM32CubeIDE/plugins/com.st.stm32cube.ide.mcu.externaltools.gnu-tools-for-stm32.13.3.rel1.win32_1.0.0.202411081344/tools/bin/../lib/gcc/arm-none-eabi/13.3.1/thumb/v7e-m+dp/hard/crtn.o
 *(.fini)
 .fini          0x080049c0        0x4 C:/ST/STM32CubeIDE_1.17.0/STM32CubeIDE/plugins/com.st.stm32cube.ide.mcu.externaltools.gnu-tools-for-stm32.13.3.rel1.win32_1.0.0.202411081344/tools/bin/../lib/gcc/arm-none-eabi/13.3.1/thumb/v7e-m+dp/hard/crti.o
                0x080049c0                _fini
 .fini          0x080049c4        0x8 C:/ST/STM32CubeIDE_1.17.0/STM32CubeIDE/plugins/com.st.stm32cube.ide.mcu.externaltools.gnu-tools-for-stm32.13.3.rel1.win32_1.0.0.202411081344/tools/bin/../lib/gcc/arm-none-eabi/13.3.1/thumb/v7e-m+dp/hard/crtn.o
                0x080049d0                        . = ALIGN (0x8)
 *fill*         0x080049cc        0x4 
                0x080049d0                        _etext = .

.vfp11_veneer   0x080049d0        0x0
 .vfp11_veneer  0x080049d0        0x0 linker stubs

.v4_bx          0x080049d0        0x0
 .v4_bx         0x080049d0        0x0 linker stubs

.iplt           0x080049d0        0x0
 .iplt          0x080049d0        0x0 C:/ST/STM32CubeIDE_1.17.0/STM32CubeIDE/plugins/com.st.stm32cube.ide.mcu.externaltools.gnu-tools-for-stm32.13.3.rel1.win32_1.0.0.202411081344/tools/bin/../lib/gcc/arm-none-eabi/13.3.1/thumb/v7e-m+dp/hard/crtbegin.o

.rodata         0x080049d0      0x458
                0x080049d0                        . = ALIGN (0x8)
 *(.rodata)
 .rodata        0x080049d0       0xc0 ./Application/User/se_crypto_bootloader.o
 .rodata        0x08004a90       0x60 ./Application/User/se_low_level.o
                0x08004a90                SlotEndAdd
                0x08004ab0                SlotStartAdd
                0x08004ad0                SlotHeaderAdd
 *(.rodata*)
 .rodata.str1.1
                0x08004af0        0xa ./Application/User/se_crypto_bootloader.o
 .rodata.InvSbox
                0x08004afa      0x100 ../../../../../../../Middlewares/ST/STM32_Cryptographic/Fw_Crypto/STM32H7/Lib\libSTM32CryptographicV3.1.1_STM32H7_GCC.a(crypto.o)
                0x08004afa                InvSbox
 *fill*         0x08004bfa        0x2 
 .rodata.K256   0x08004bfc      0x100 ../../../../../../../Middlewares/ST/STM32_Cryptographic/Fw_Crypto/STM32H7/Lib\libSTM32CryptographicV3.1.1_STM32H7_GCC.a(crypto.o)
                0x08004bfc                K256
 .rodata.Sbox   0x08004cfc      0x100 ../../../../../../../Middlewares/ST/STM32_Cryptographic/Fw_Crypto/STM32H7/Lib\libSTM32CryptographicV3.1.1_STM32H7_GCC.a(crypto.o)
                0x08004cfc                Sbox
 .rodata.rcon   0x08004dfc       0x28 ../../../../../../../Middlewares/ST/STM32_Cryptographic/Fw_Crypto/STM32H7/Lib\libSTM32CryptographicV3.1.1_STM32H7_GCC.a(crypto.o)
                0x08004dfc                rcon
                0x08004e28                        . = ALIGN (0x8)
 *fill*         0x08004e24        0x4 

.ARM.extab      0x08004e28        0x0
                0x08004e28                        . = ALIGN (0x8)
 *(.ARM.extab* .gnu.linkonce.armextab.*)
                0x08004e28                        . = ALIGN (0x8)

.ARM            0x08004e28        0x0
                0x08004e28                        . = ALIGN (0x8)
                0x08004e28                        __exidx_start = .
 *(.ARM.exidx*)
                0x08004e28                        __exidx_end = .
                0x08004e28                        . = ALIGN (0x8)

.preinit_array  0x08004e28        0x0
                0x08004e28                        . = ALIGN (0x8)
                0x08004e28                        PROVIDE (__preinit_array_start = .)
 *(.preinit_array*)
                0x08004e28                        PROVIDE (__preinit_array_end = .)
                0x08004e28                        . = ALIGN (0x8)

.init_array     0x08004e28        0x8
                0x08004e28                        . = ALIGN (0x8)
                0x08004e28                        PROVIDE (__init_array_start = .)
 *(SORT_BY_NAME(.init_array.*))
 *(.init_array*)
 .init_array    0x08004e28        0x4 C:/ST/STM32CubeIDE_1.17.0/STM32CubeIDE/plugins/com.st.stm32cube.ide.mcu.externaltools.gnu-tools-for-stm32.13.3.rel1.win32_1.0.0.202411081344/tools/bin/../lib/gcc/arm-none-eabi/13.3.1/thumb/v7e-m+dp/hard/crtbegin.o
                0x08004e2c                        PROVIDE (__init_array_end = .)
                0x08004e30                        . = ALIGN (0x8)
 *fill*         0x08004e2c        0x4 

.fini_array     0x08004e30        0x8
                0x08004e30                        . = ALIGN (0x8)
                [!provide]                        PROVIDE (__fini_array_start = .)
 *(SORT_BY_NAME(.fini_array.*))
 *(.fini_array*)
 .fini_array    0x08004e30        0x4 C:/ST/STM32CubeIDE_1.17.0/STM32CubeIDE/plugins/com.st.stm32cube.ide.mcu.externaltools.gnu-tools-for-stm32.13.3.rel1.win32_1.0.0.202411081344/tools/bin/../lib/gcc/arm-none-eabi/13.3.1/thumb/v7e-m+dp/hard/crtbegin.o
                [!provide]                        PROVIDE (__fini_array_end = .)
                0x08004e38                        . = ALIGN (0x8)
 *fill*         0x08004e34        0x4 
                0x08004e38                        _sidata = LOADADDR (.data)

.rel.dyn        0x08004e38        0x0
 .rel.iplt      0x08004e38        0x0 C:/ST/STM32CubeIDE_1.17.0/STM32CubeIDE/plugins/com.st.stm32cube.ide.mcu.externaltools.gnu-tools-for-stm32.13.3.rel1.win32_1.0.0.202411081344/tools/bin/../lib/gcc/arm-none-eabi/13.3.1/thumb/v7e-m+dp/hard/crtbegin.o

.data           0x20000400        0x8 load address 0x08004e38
                0x20000400                        . = ALIGN (0x8)
                0x20000400                        _sdata = .
 *(.data)
 .data          0x20000400        0x4 ./Middlewares/STM32_Secure_Engine/se_callgate.o
 *(.data*)
                0x20000408                        . = ALIGN (0x8)
 *fill*         0x20000404        0x4 
                0x20000408                        _edata = .

.igot.plt       0x20000408        0x0 load address 0x08004e40
 .igot.plt      0x20000408        0x0 C:/ST/STM32CubeIDE_1.17.0/STM32CubeIDE/plugins/com.st.stm32cube.ide.mcu.externaltools.gnu-tools-for-stm32.13.3.rel1.win32_1.0.0.202411081344/tools/bin/../lib/gcc/arm-none-eabi/13.3.1/thumb/v7e-m+dp/hard/crtbegin.o
                0x20000408                        . = ALIGN (0x4)

.bss            0x20000408      0xa4c load address 0x08004e40
                0x20000408                        _sbss = .
                0x20000408                        __bss_start__ = _sbss
 *(.bss)
 .bss           0x20000408       0x1c C:/ST/STM32CubeIDE_1.17.0/STM32CubeIDE/plugins/com.st.stm32cube.ide.mcu.externaltools.gnu-tools-for-stm32.13.3.rel1.win32_1.0.0.202411081344/tools/bin/../lib/gcc/arm-none-eabi/13.3.1/thumb/v7e-m+dp/hard/crtbegin.o
 .bss           0x20000424      0x9dc ./Application/User/se_crypto_bootloader.o
 .bss           0x20000e00       0x28 ./Application/User/se_low_level.o
 .bss           0x20000e28       0x1c ./Drivers/STM32H7xx_HAL_Driver/stm32h7xx_hal_flash.o
                0x20000e28                pFlash
 .bss           0x20000e44       0x10 ./Middlewares/STM32_Secure_Engine/se_utils.o
 *(.bss*)
 *(COMMON)
                0x20000e54                        . = ALIGN (0x4)
                0x20000e54                        _ebss = .
                0x20000e54                        __bss_end__ = _ebss

/DISCARD/
 libc.a(*)
 libm.a(*)
 libgcc.a(*)

.ARM.attributes
                0x00000000       0x2e
 *(.ARM.attributes)
 .ARM.attributes
                0x00000000       0x20 C:/ST/STM32CubeIDE_1.17.0/STM32CubeIDE/plugins/com.st.stm32cube.ide.mcu.externaltools.gnu-tools-for-stm32.13.3.rel1.win32_1.0.0.202411081344/tools/bin/../lib/gcc/arm-none-eabi/13.3.1/thumb/v7e-m+dp/hard/crti.o
 .ARM.attributes
                0x00000020       0x32 C:/ST/STM32CubeIDE_1.17.0/STM32CubeIDE/plugins/com.st.stm32cube.ide.mcu.externaltools.gnu-tools-for-stm32.13.3.rel1.win32_1.0.0.202411081344/tools/bin/../lib/gcc/arm-none-eabi/13.3.1/thumb/v7e-m+dp/hard/crtbegin.o
 .ARM.attributes
                0x00000052       0x1e ./Application/Startup/se_key.o
 .ARM.attributes
                0x00000070       0x32 ./Application/User/data_init.o
 .ARM.attributes
                0x000000a2       0x32 ./Application/User/se_crypto_bootloader.o
 .ARM.attributes
                0x000000d4       0x32 ./Application/User/se_low_level.o
 .ARM.attributes
                0x00000106       0x32 ./Drivers/STM32H7xx_HAL_Driver/stm32h7xx_hal_crc.o
 .ARM.attributes
                0x00000138       0x32 ./Drivers/STM32H7xx_HAL_Driver/stm32h7xx_hal_crc_ex.o
 .ARM.attributes
                0x0000016a       0x32 ./Drivers/STM32H7xx_HAL_Driver/stm32h7xx_hal_flash.o
 .ARM.attributes
                0x0000019c       0x32 ./Drivers/STM32H7xx_HAL_Driver/stm32h7xx_hal_flash_ex.o
 .ARM.attributes
                0x000001ce       0x32 ./Middlewares/STM32_Secure_Engine/se_callgate.o
 .ARM.attributes
                0x00000200       0x32 ./Middlewares/STM32_Secure_Engine/se_fwimg.o
 .ARM.attributes
                0x00000232       0x32 ./Middlewares/STM32_Secure_Engine/se_startup.o
 .ARM.attributes
                0x00000264       0x32 ./Middlewares/STM32_Secure_Engine/se_user_application.o
 .ARM.attributes
                0x00000296       0x32 ./Middlewares/STM32_Secure_Engine/se_utils.o
 .ARM.attributes
                0x000002c8       0x39 ../../../../../../../Middlewares/ST/STM32_Cryptographic/Fw_Crypto/STM32H7/Lib\libSTM32CryptographicV3.1.1_STM32H7_GCC.a(crypto.o)
 .ARM.attributes
                0x00000301       0x32 C:/ST/STM32CubeIDE_1.17.0/STM32CubeIDE/plugins/com.st.stm32cube.ide.mcu.externaltools.gnu-tools-for-stm32.13.3.rel1.win32_1.0.0.202411081344/tools/bin/../lib/gcc/arm-none-eabi/13.3.1/../../../../arm-none-eabi/lib/thumb/v7e-m+dp/hard\libc_nano.a(libc_a-memcmp.o)
 .ARM.attributes
                0x00000333       0x32 C:/ST/STM32CubeIDE_1.17.0/STM32CubeIDE/plugins/com.st.stm32cube.ide.mcu.externaltools.gnu-tools-for-stm32.13.3.rel1.win32_1.0.0.202411081344/tools/bin/../lib/gcc/arm-none-eabi/13.3.1/../../../../arm-none-eabi/lib/thumb/v7e-m+dp/hard\libc_nano.a(libc_a-memset.o)
 .ARM.attributes
                0x00000365       0x32 C:/ST/STM32CubeIDE_1.17.0/STM32CubeIDE/plugins/com.st.stm32cube.ide.mcu.externaltools.gnu-tools-for-stm32.13.3.rel1.win32_1.0.0.202411081344/tools/bin/../lib/gcc/arm-none-eabi/13.3.1/../../../../arm-none-eabi/lib/thumb/v7e-m+dp/hard\libc_nano.a(libc_a-memcpy-stub.o)
 .ARM.attributes
                0x00000397       0x20 C:/ST/STM32CubeIDE_1.17.0/STM32CubeIDE/plugins/com.st.stm32cube.ide.mcu.externaltools.gnu-tools-for-stm32.13.3.rel1.win32_1.0.0.202411081344/tools/bin/../lib/gcc/arm-none-eabi/13.3.1/thumb/v7e-m+dp/hard/crtn.o
OUTPUT(SECoreBin.elf elf32-littlearm)
LOAD linker stubs
LOAD C:/ST/STM32CubeIDE_1.17.0/STM32CubeIDE/plugins/com.st.stm32cube.ide.mcu.externaltools.gnu-tools-for-stm32.13.3.rel1.win32_1.0.0.202411081344/tools/bin/../lib/gcc/arm-none-eabi/13.3.1/../../../../arm-none-eabi/lib/thumb/v7e-m+dp/hard\libc.a
LOAD C:/ST/STM32CubeIDE_1.17.0/STM32CubeIDE/plugins/com.st.stm32cube.ide.mcu.externaltools.gnu-tools-for-stm32.13.3.rel1.win32_1.0.0.202411081344/tools/bin/../lib/gcc/arm-none-eabi/13.3.1/../../../../arm-none-eabi/lib/thumb/v7e-m+dp/hard\libm.a
LOAD C:/ST/STM32CubeIDE_1.17.0/STM32CubeIDE/plugins/com.st.stm32cube.ide.mcu.externaltools.gnu-tools-for-stm32.13.3.rel1.win32_1.0.0.202411081344/tools/bin/../lib/gcc/arm-none-eabi/13.3.1/thumb/v7e-m+dp/hard\libgcc.a

.debug_info     0x00000000     0x7192
 .debug_info    0x00000000      0x20b ./Application/User/data_init.o
 .debug_info    0x0000020b     0x15b4 ./Application/User/se_crypto_bootloader.o
 .debug_info    0x000017bf     0x1929 ./Application/User/se_low_level.o
 .debug_info    0x000030e8      0x5d9 ./Drivers/STM32H7xx_HAL_Driver/stm32h7xx_hal_crc.o
 .debug_info    0x000036c1      0x350 ./Drivers/STM32H7xx_HAL_Driver/stm32h7xx_hal_crc_ex.o
 .debug_info    0x00003a11      0xa6d ./Drivers/STM32H7xx_HAL_Driver/stm32h7xx_hal_flash.o
 .debug_info    0x0000447e     0x137e ./Drivers/STM32H7xx_HAL_Driver/stm32h7xx_hal_flash_ex.o
 .debug_info    0x000057fc     0x103c ./Middlewares/STM32_Secure_Engine/se_callgate.o
 .debug_info    0x00006838      0x360 ./Middlewares/STM32_Secure_Engine/se_fwimg.o
 .debug_info    0x00006b98       0xc6 ./Middlewares/STM32_Secure_Engine/se_startup.o
 .debug_info    0x00006c5e      0x347 ./Middlewares/STM32_Secure_Engine/se_user_application.o
 .debug_info    0x00006fa5      0x1ed ./Middlewares/STM32_Secure_Engine/se_utils.o

.debug_abbrev   0x00000000     0x1a6f
 .debug_abbrev  0x00000000       0xd9 ./Application/User/data_init.o
 .debug_abbrev  0x000000d9      0x303 ./Application/User/se_crypto_bootloader.o
 .debug_abbrev  0x000003dc      0x474 ./Application/User/se_low_level.o
 .debug_abbrev  0x00000850      0x241 ./Drivers/STM32H7xx_HAL_Driver/stm32h7xx_hal_crc.o
 .debug_abbrev  0x00000a91      0x16c ./Drivers/STM32H7xx_HAL_Driver/stm32h7xx_hal_crc_ex.o
 .debug_abbrev  0x00000bfd      0x363 ./Drivers/STM32H7xx_HAL_Driver/stm32h7xx_hal_flash.o
 .debug_abbrev  0x00000f60      0x36a ./Drivers/STM32H7xx_HAL_Driver/stm32h7xx_hal_flash_ex.o
 .debug_abbrev  0x000012ca      0x316 ./Middlewares/STM32_Secure_Engine/se_callgate.o
 .debug_abbrev  0x000015e0      0x14a ./Middlewares/STM32_Secure_Engine/se_fwimg.o
 .debug_abbrev  0x0000172a       0x8e ./Middlewares/STM32_Secure_Engine/se_startup.o
 .debug_abbrev  0x000017b8      0x160 ./Middlewares/STM32_Secure_Engine/se_user_application.o
 .debug_abbrev  0x00001918      0x157 ./Middlewares/STM32_Secure_Engine/se_utils.o

.debug_aranges  0x00000000      0x3c0
 .debug_aranges
                0x00000000       0x40 ./Application/User/data_init.o
 .debug_aranges
                0x00000040       0x70 ./Application/User/se_crypto_bootloader.o
 .debug_aranges
                0x000000b0       0xb8 ./Application/User/se_low_level.o
 .debug_aranges
                0x00000168       0x60 ./Drivers/STM32H7xx_HAL_Driver/stm32h7xx_hal_crc.o
 .debug_aranges
                0x000001c8       0x30 ./Drivers/STM32H7xx_HAL_Driver/stm32h7xx_hal_crc_ex.o
 .debug_aranges
                0x000001f8       0x88 ./Drivers/STM32H7xx_HAL_Driver/stm32h7xx_hal_flash.o
 .debug_aranges
                0x00000280       0x70 ./Drivers/STM32H7xx_HAL_Driver/stm32h7xx_hal_flash_ex.o
 .debug_aranges
                0x000002f0       0x30 ./Middlewares/STM32_Secure_Engine/se_callgate.o
 .debug_aranges
                0x00000320       0x30 ./Middlewares/STM32_Secure_Engine/se_fwimg.o
 .debug_aranges
                0x00000350       0x20 ./Middlewares/STM32_Secure_Engine/se_startup.o
 .debug_aranges
                0x00000370       0x20 ./Middlewares/STM32_Secure_Engine/se_user_application.o
 .debug_aranges
                0x00000390       0x30 ./Middlewares/STM32_Secure_Engine/se_utils.o

.debug_rnglists
                0x00000000      0x38c
 .debug_rnglists
                0x00000000       0x58 ./Application/User/data_init.o
 .debug_rnglists
                0x00000058       0x77 ./Application/User/se_crypto_bootloader.o
 .debug_rnglists
                0x000000cf       0xa2 ./Application/User/se_low_level.o
 .debug_rnglists
                0x00000171       0x43 ./Drivers/STM32H7xx_HAL_Driver/stm32h7xx_hal_crc.o
 .debug_rnglists
                0x000001b4       0x1f ./Drivers/STM32H7xx_HAL_Driver/stm32h7xx_hal_crc_ex.o
 .debug_rnglists
                0x000001d3       0x66 ./Drivers/STM32H7xx_HAL_Driver/stm32h7xx_hal_flash.o
 .debug_rnglists
                0x00000239       0xce ./Drivers/STM32H7xx_HAL_Driver/stm32h7xx_hal_flash_ex.o
 .debug_rnglists
                0x00000307       0x21 ./Middlewares/STM32_Secure_Engine/se_callgate.o
 .debug_rnglists
                0x00000328       0x1f ./Middlewares/STM32_Secure_Engine/se_fwimg.o
 .debug_rnglists
                0x00000347       0x13 ./Middlewares/STM32_Secure_Engine/se_startup.o
 .debug_rnglists
                0x0000035a       0x13 ./Middlewares/STM32_Secure_Engine/se_user_application.o
 .debug_rnglists
                0x0000036d       0x1f ./Middlewares/STM32_Secure_Engine/se_utils.o

.debug_macro    0x00000000    0x38149
 .debug_macro   0x00000000       0x20 ./Application/User/data_init.o
 .debug_macro   0x00000020      0xaf6 ./Application/User/data_init.o
 .debug_macro   0x00000b16      0x34e ./Application/User/data_init.o
 .debug_macro   0x00000e64      0x5cf ./Application/User/se_crypto_bootloader.o
 .debug_macro   0x00001433       0x22 ./Application/User/se_crypto_bootloader.o
 .debug_macro   0x00001455       0x5b ./Application/User/se_crypto_bootloader.o
 .debug_macro   0x000014b0       0x29 ./Application/User/se_crypto_bootloader.o
 .debug_macro   0x000014d9       0x94 ./Application/User/se_crypto_bootloader.o
 .debug_macro   0x0000156d       0x43 ./Application/User/se_crypto_bootloader.o
 .debug_macro   0x000015b0       0x34 ./Application/User/se_crypto_bootloader.o
 .debug_macro   0x000015e4      0x190 ./Application/User/se_crypto_bootloader.o
 .debug_macro   0x00001774       0x57 ./Application/User/se_crypto_bootloader.o
 .debug_macro   0x000017cb      0x370 ./Application/User/se_crypto_bootloader.o
 .debug_macro   0x00001b3b       0x16 ./Application/User/se_crypto_bootloader.o
 .debug_macro   0x00001b51       0x4a ./Application/User/se_crypto_bootloader.o
 .debug_macro   0x00001b9b       0x34 ./Application/User/se_crypto_bootloader.o
 .debug_macro   0x00001bcf       0x10 ./Application/User/se_crypto_bootloader.o
 .debug_macro   0x00001bdf       0x58 ./Application/User/se_crypto_bootloader.o
 .debug_macro   0x00001c37       0x8e ./Application/User/se_crypto_bootloader.o
 .debug_macro   0x00001cc5       0x1c ./Application/User/se_crypto_bootloader.o
 .debug_macro   0x00001ce1      0x185 ./Application/User/se_crypto_bootloader.o
 .debug_macro   0x00001e66       0x10 ./Application/User/se_crypto_bootloader.o
 .debug_macro   0x00001e76       0x3c ./Application/User/se_crypto_bootloader.o
 .debug_macro   0x00001eb2       0x20 ./Application/User/se_crypto_bootloader.o
 .debug_macro   0x00001ed2       0x22 ./Application/User/se_crypto_bootloader.o
 .debug_macro   0x00001ef4      0x103 ./Application/User/se_crypto_bootloader.o
 .debug_macro   0x00001ff7       0x6a ./Application/User/se_crypto_bootloader.o
 .debug_macro   0x00002061      0x1df ./Application/User/se_crypto_bootloader.o
 .debug_macro   0x00002240      0x15c ./Application/User/se_crypto_bootloader.o
 .debug_macro   0x0000239c       0x40 ./Application/User/se_crypto_bootloader.o
 .debug_macro   0x000023dc       0x2e ./Application/User/se_crypto_bootloader.o
 .debug_macro   0x0000240a       0x49 ./Application/User/se_crypto_bootloader.o
 .debug_macro   0x00002453       0x1c ./Application/User/se_crypto_bootloader.o
 .debug_macro   0x0000246f       0x22 ./Application/User/se_crypto_bootloader.o
 .debug_macro   0x00002491       0xd9 ./Application/User/se_crypto_bootloader.o
 .debug_macro   0x0000256a     0x12cd ./Application/User/se_crypto_bootloader.o
 .debug_macro   0x00003837      0x11f ./Application/User/se_crypto_bootloader.o
 .debug_macro   0x00003956       0x19 ./Application/User/se_crypto_bootloader.o
 .debug_macro   0x0000396f    0x2769e ./Application/User/se_crypto_bootloader.o
 .debug_macro   0x0002b00d       0x6d ./Application/User/se_crypto_bootloader.o
 .debug_macro   0x0002b07a      0x1b1 ./Application/User/se_crypto_bootloader.o
 .debug_macro   0x0002b22b     0x3d79 ./Application/User/se_crypto_bootloader.o
 .debug_macro   0x0002efa4      0x19b ./Application/User/se_crypto_bootloader.o
 .debug_macro   0x0002f13f       0x57 ./Application/User/se_crypto_bootloader.o
 .debug_macro   0x0002f196     0x3b99 ./Application/User/se_crypto_bootloader.o
 .debug_macro   0x00032d2f     0x1072 ./Application/User/se_crypto_bootloader.o
 .debug_macro   0x00033da1      0x154 ./Application/User/se_crypto_bootloader.o
 .debug_macro   0x00033ef5      0x130 ./Application/User/se_crypto_bootloader.o
 .debug_macro   0x00034025      0x3c2 ./Application/User/se_crypto_bootloader.o
 .debug_macro   0x000343e7       0xac ./Application/User/se_crypto_bootloader.o
 .debug_macro   0x00034493       0xc7 ./Application/User/se_crypto_bootloader.o
 .debug_macro   0x0003455a       0x4c ./Application/User/se_crypto_bootloader.o
 .debug_macro   0x000345a6      0x3ca ./Application/User/se_crypto_bootloader.o
 .debug_macro   0x00034970      0x4a2 ./Application/User/se_crypto_bootloader.o
 .debug_macro   0x00034e12       0x51 ./Application/User/se_crypto_bootloader.o
 .debug_macro   0x00034e63      0x218 ./Application/User/se_crypto_bootloader.o
 .debug_macro   0x0003507b      0x2ea ./Application/User/se_crypto_bootloader.o
 .debug_macro   0x00035365       0x35 ./Application/User/se_crypto_bootloader.o
 .debug_macro   0x0003539a      0x7a4 ./Application/User/se_crypto_bootloader.o
 .debug_macro   0x00035b3e       0x16 ./Application/User/se_crypto_bootloader.o
 .debug_macro   0x00035b54       0x16 ./Application/User/se_crypto_bootloader.o
 .debug_macro   0x00035b6a       0x29 ./Application/User/se_crypto_bootloader.o
 .debug_macro   0x00035b93       0x77 ./Application/User/se_crypto_bootloader.o
 .debug_macro   0x00035c0a      0x213 ./Application/User/se_crypto_bootloader.o
 .debug_macro   0x00035e1d       0x82 ./Application/User/se_crypto_bootloader.o
 .debug_macro   0x00035e9f       0x6a ./Application/User/se_crypto_bootloader.o
 .debug_macro   0x00035f09       0x3a ./Application/User/se_crypto_bootloader.o
 .debug_macro   0x00035f43       0x16 ./Application/User/se_crypto_bootloader.o
 .debug_macro   0x00035f59       0x16 ./Application/User/se_crypto_bootloader.o
 .debug_macro   0x00035f6f       0x16 ./Application/User/se_crypto_bootloader.o
 .debug_macro   0x00035f85       0x10 ./Application/User/se_crypto_bootloader.o
 .debug_macro   0x00035f95       0x10 ./Application/User/se_crypto_bootloader.o
 .debug_macro   0x00035fa5       0x10 ./Application/User/se_crypto_bootloader.o
 .debug_macro   0x00035fb5       0x10 ./Application/User/se_crypto_bootloader.o
 .debug_macro   0x00035fc5       0x10 ./Application/User/se_crypto_bootloader.o
 .debug_macro   0x00035fd5       0x10 ./Application/User/se_crypto_bootloader.o
 .debug_macro   0x00035fe5       0x34 ./Application/User/se_crypto_bootloader.o
 .debug_macro   0x00036019       0x10 ./Application/User/se_crypto_bootloader.o
 .debug_macro   0x00036029       0x3a ./Application/User/se_crypto_bootloader.o
 .debug_macro   0x00036063       0x16 ./Application/User/se_crypto_bootloader.o
 .debug_macro   0x00036079       0x1c ./Application/User/se_crypto_bootloader.o
 .debug_macro   0x00036095       0x28 ./Application/User/se_crypto_bootloader.o
 .debug_macro   0x000360bd       0x64 ./Application/User/se_crypto_bootloader.o
 .debug_macro   0x00036121       0x10 ./Application/User/se_crypto_bootloader.o
 .debug_macro   0x00036131       0x75 ./Application/User/se_crypto_bootloader.o
 .debug_macro   0x000361a6       0xb8 ./Application/User/se_crypto_bootloader.o
 .debug_macro   0x0003625e       0x52 ./Application/User/se_crypto_bootloader.o
 .debug_macro   0x000362b0       0x22 ./Application/User/se_crypto_bootloader.o
 .debug_macro   0x000362d2      0x2e3 ./Application/User/se_low_level.o
 .debug_macro   0x000365b5       0x8e ./Application/User/se_low_level.o
 .debug_macro   0x00036643       0x51 ./Application/User/se_low_level.o
 .debug_macro   0x00036694       0x5e ./Application/User/se_low_level.o
 .debug_macro   0x000366f2       0x61 ./Application/User/se_low_level.o
 .debug_macro   0x00036753       0x5d ./Application/User/se_low_level.o
 .debug_macro   0x000367b0       0x16 ./Application/User/se_low_level.o
 .debug_macro   0x000367c6      0x23a ./Drivers/STM32H7xx_HAL_Driver/stm32h7xx_hal_crc.o
 .debug_macro   0x00036a00      0x23a ./Drivers/STM32H7xx_HAL_Driver/stm32h7xx_hal_crc_ex.o
 .debug_macro   0x00036c3a      0x240 ./Drivers/STM32H7xx_HAL_Driver/stm32h7xx_hal_flash.o
 .debug_macro   0x00036e7a      0x240 ./Drivers/STM32H7xx_HAL_Driver/stm32h7xx_hal_flash_ex.o
 .debug_macro   0x000370ba      0x63d ./Middlewares/STM32_Secure_Engine/se_callgate.o
 .debug_macro   0x000376f7       0x58 ./Middlewares/STM32_Secure_Engine/se_callgate.o
 .debug_macro   0x0003774f       0x94 ./Middlewares/STM32_Secure_Engine/se_callgate.o
 .debug_macro   0x000377e3       0x16 ./Middlewares/STM32_Secure_Engine/se_callgate.o
 .debug_macro   0x000377f9       0x3a ./Middlewares/STM32_Secure_Engine/se_callgate.o
 .debug_macro   0x00037833      0x2e7 ./Middlewares/STM32_Secure_Engine/se_fwimg.o
 .debug_macro   0x00037b1a       0xa1 ./Middlewares/STM32_Secure_Engine/se_startup.o
 .debug_macro   0x00037bbb      0x2dd ./Middlewares/STM32_Secure_Engine/se_user_application.o
 .debug_macro   0x00037e98      0x2b1 ./Middlewares/STM32_Secure_Engine/se_utils.o

.debug_line     0x00000000     0xbe37
 .debug_line    0x00000000      0x265 ./Application/User/data_init.o
 .debug_line    0x00000265     0x23e3 ./Application/User/se_crypto_bootloader.o
 .debug_line    0x00002648     0x10c3 ./Application/User/se_low_level.o
 .debug_line    0x0000370b      0xbe2 ./Drivers/STM32H7xx_HAL_Driver/stm32h7xx_hal_crc.o
 .debug_line    0x000042ed      0x961 ./Drivers/STM32H7xx_HAL_Driver/stm32h7xx_hal_crc_ex.o
 .debug_line    0x00004c4e     0x1128 ./Drivers/STM32H7xx_HAL_Driver/stm32h7xx_hal_flash.o
 .debug_line    0x00005d76     0x155f ./Drivers/STM32H7xx_HAL_Driver/stm32h7xx_hal_flash_ex.o
 .debug_line    0x000072d5     0x25f3 ./Middlewares/STM32_Secure_Engine/se_callgate.o
 .debug_line    0x000098c8      0xb9f ./Middlewares/STM32_Secure_Engine/se_fwimg.o
 .debug_line    0x0000a467      0x502 ./Middlewares/STM32_Secure_Engine/se_startup.o
 .debug_line    0x0000a969      0xa41 ./Middlewares/STM32_Secure_Engine/se_user_application.o
 .debug_line    0x0000b3aa      0xa8d ./Middlewares/STM32_Secure_Engine/se_utils.o

.debug_str      0x00000000   0x167b7f
 .debug_str     0x00000000   0x167b7f ./Application/User/data_init.o
                               0x3a7c (size before relaxing)
 .debug_str     0x00167b7f   0x16520f ./Application/User/se_crypto_bootloader.o
 .debug_str     0x00167b7f   0x162d12 ./Application/User/se_low_level.o
 .debug_str     0x00167b7f   0x16120f ./Drivers/STM32H7xx_HAL_Driver/stm32h7xx_hal_crc.o
 .debug_str     0x00167b7f   0x1611b5 ./Drivers/STM32H7xx_HAL_Driver/stm32h7xx_hal_crc_ex.o
 .debug_str     0x00167b7f   0x16149c ./Drivers/STM32H7xx_HAL_Driver/stm32h7xx_hal_flash.o
 .debug_str     0x00167b7f   0x1617a5 ./Drivers/STM32H7xx_HAL_Driver/stm32h7xx_hal_flash_ex.o
 .debug_str     0x00167b7f   0x16549a ./Middlewares/STM32_Secure_Engine/se_callgate.o
 .debug_str     0x00167b7f   0x1620d5 ./Middlewares/STM32_Secure_Engine/se_fwimg.o
 .debug_str     0x00167b7f     0x42b7 ./Middlewares/STM32_Secure_Engine/se_startup.o
 .debug_str     0x00167b7f   0x1621a6 ./Middlewares/STM32_Secure_Engine/se_user_application.o
 .debug_str     0x00167b7f   0x161ff9 ./Middlewares/STM32_Secure_Engine/se_utils.o

.comment        0x00000000       0xbf
 .comment       0x00000000       0xbf ./Application/User/data_init.o
                                 0x44 (size before relaxing)
 .comment       0x000000bf       0x44 ./Application/User/se_crypto_bootloader.o
 .comment       0x000000bf       0x44 ./Application/User/se_low_level.o
 .comment       0x000000bf       0x44 ./Drivers/STM32H7xx_HAL_Driver/stm32h7xx_hal_crc.o
 .comment       0x000000bf       0x44 ./Drivers/STM32H7xx_HAL_Driver/stm32h7xx_hal_crc_ex.o
 .comment       0x000000bf       0x44 ./Drivers/STM32H7xx_HAL_Driver/stm32h7xx_hal_flash.o
 .comment       0x000000bf       0x44 ./Drivers/STM32H7xx_HAL_Driver/stm32h7xx_hal_flash_ex.o
 .comment       0x000000bf       0x44 ./Middlewares/STM32_Secure_Engine/se_callgate.o
 .comment       0x000000bf       0x44 ./Middlewares/STM32_Secure_Engine/se_fwimg.o
 .comment       0x000000bf       0x44 ./Middlewares/STM32_Secure_Engine/se_startup.o
 .comment       0x000000bf       0x44 ./Middlewares/STM32_Secure_Engine/se_user_application.o
 .comment       0x000000bf       0x44 ./Middlewares/STM32_Secure_Engine/se_utils.o
 .comment       0x000000bf       0x7d ../../../../../../../Middlewares/ST/STM32_Cryptographic/Fw_Crypto/STM32H7/Lib\libSTM32CryptographicV3.1.1_STM32H7_GCC.a(crypto.o)

.debug_frame    0x00000000      0x93c
 .debug_frame   0x00000000       0x9c ./Application/User/data_init.o
 .debug_frame   0x0000009c      0x120 ./Application/User/se_crypto_bootloader.o
 .debug_frame   0x000001bc      0x1c0 ./Application/User/se_low_level.o
 .debug_frame   0x0000037c       0xf0 ./Drivers/STM32H7xx_HAL_Driver/stm32h7xx_hal_crc.o
 .debug_frame   0x0000046c       0x48 ./Drivers/STM32H7xx_HAL_Driver/stm32h7xx_hal_crc_ex.o
 .debug_frame   0x000004b4      0x158 ./Drivers/STM32H7xx_HAL_Driver/stm32h7xx_hal_flash.o
 .debug_frame   0x0000060c      0x114 ./Drivers/STM32H7xx_HAL_Driver/stm32h7xx_hal_flash_ex.o
 .debug_frame   0x00000720       0x84 ./Middlewares/STM32_Secure_Engine/se_callgate.o
 .debug_frame   0x000007a4       0x78 ./Middlewares/STM32_Secure_Engine/se_fwimg.o
 .debug_frame   0x0000081c       0x28 ./Middlewares/STM32_Secure_Engine/se_startup.o
 .debug_frame   0x00000844       0x34 ./Middlewares/STM32_Secure_Engine/se_user_application.o
 .debug_frame   0x00000878       0x54 ./Middlewares/STM32_Secure_Engine/se_utils.o
 .debug_frame   0x000008cc       0x28 C:/ST/STM32CubeIDE_1.17.0/STM32CubeIDE/plugins/com.st.stm32cube.ide.mcu.externaltools.gnu-tools-for-stm32.13.3.rel1.win32_1.0.0.202411081344/tools/bin/../lib/gcc/arm-none-eabi/13.3.1/../../../../arm-none-eabi/lib/thumb/v7e-m+dp/hard\libc_nano.a(libc_a-memcmp.o)
 .debug_frame   0x000008f4       0x20 C:/ST/STM32CubeIDE_1.17.0/STM32CubeIDE/plugins/com.st.stm32cube.ide.mcu.externaltools.gnu-tools-for-stm32.13.3.rel1.win32_1.0.0.202411081344/tools/bin/../lib/gcc/arm-none-eabi/13.3.1/../../../../arm-none-eabi/lib/thumb/v7e-m+dp/hard\libc_nano.a(libc_a-memset.o)
 .debug_frame   0x00000914       0x28 C:/ST/STM32CubeIDE_1.17.0/STM32CubeIDE/plugins/com.st.stm32cube.ide.mcu.externaltools.gnu-tools-for-stm32.13.3.rel1.win32_1.0.0.202411081344/tools/bin/../lib/gcc/arm-none-eabi/13.3.1/../../../../arm-none-eabi/lib/thumb/v7e-m+dp/hard\libc_nano.a(libc_a-memcpy-stub.o)

.debug_loclists
                0x00000000     0x2a09
 .debug_loclists
                0x00000000      0x697 ./Application/User/se_crypto_bootloader.o
 .debug_loclists
                0x00000697      0x800 ./Application/User/se_low_level.o
 .debug_loclists
                0x00000e97      0x3cd ./Drivers/STM32H7xx_HAL_Driver/stm32h7xx_hal_crc.o
 .debug_loclists
                0x00001264       0xd4 ./Drivers/STM32H7xx_HAL_Driver/stm32h7xx_hal_crc_ex.o
 .debug_loclists
                0x00001338      0x508 ./Drivers/STM32H7xx_HAL_Driver/stm32h7xx_hal_flash.o
 .debug_loclists
                0x00001840      0x805 ./Drivers/STM32H7xx_HAL_Driver/stm32h7xx_hal_flash_ex.o
 .debug_loclists
                0x00002045      0x529 ./Middlewares/STM32_Secure_Engine/se_callgate.o
 .debug_loclists
                0x0000256e      0x3d0 ./Middlewares/STM32_Secure_Engine/se_fwimg.o
 .debug_loclists
                0x0000293e       0x71 ./Middlewares/STM32_Secure_Engine/se_user_application.o
 .debug_loclists
                0x000029af       0x5a ./Middlewares/STM32_Secure_Engine/se_utils.o
