Archive member included to satisfy reference by file (symbol)

C:/ST/STM32CubeIDE_1.17.0/STM32CubeIDE/plugins/com.st.stm32cube.ide.mcu.externaltools.gnu-tools-for-stm32.13.3.rel1.win32_1.0.0.202411081344/tools/bin/../lib/gcc/arm-none-eabi/13.3.1/../../../../arm-none-eabi/lib/thumb/v7e-m+dp/hard\libc_nano.a(libc_a-exit.o)
                              C:/ST/STM32CubeIDE_1.17.0/STM32CubeIDE/plugins/com.st.stm32cube.ide.mcu.externaltools.gnu-tools-for-stm32.13.3.rel1.win32_1.0.0.202411081344/tools/bin/../lib/gcc/arm-none-eabi/13.3.1/../../../../arm-none-eabi/lib/thumb/v7e-m+dp/hard/crt0.o (exit)
C:/ST/STM32CubeIDE_1.17.0/STM32CubeIDE/plugins/com.st.stm32cube.ide.mcu.externaltools.gnu-tools-for-stm32.13.3.rel1.win32_1.0.0.202411081344/tools/bin/../lib/gcc/arm-none-eabi/13.3.1/../../../../arm-none-eabi/lib/thumb/v7e-m+dp/hard\libc_nano.a(libc_a-findfp.o)
                              C:/ST/STM32CubeIDE_1.17.0/STM32CubeIDE/plugins/com.st.stm32cube.ide.mcu.externaltools.gnu-tools-for-stm32.13.3.rel1.win32_1.0.0.202411081344/tools/bin/../lib/gcc/arm-none-eabi/13.3.1/../../../../arm-none-eabi/lib/thumb/v7e-m+dp/hard\libc_nano.a(libc_a-exit.o) (__stdio_exit_handler)
C:/ST/STM32CubeIDE_1.17.0/STM32CubeIDE/plugins/com.st.stm32cube.ide.mcu.externaltools.gnu-tools-for-stm32.13.3.rel1.win32_1.0.0.202411081344/tools/bin/../lib/gcc/arm-none-eabi/13.3.1/../../../../arm-none-eabi/lib/thumb/v7e-m+dp/hard\libc_nano.a(libc_a-fwalk.o)
                              C:/ST/STM32CubeIDE_1.17.0/STM32CubeIDE/plugins/com.st.stm32cube.ide.mcu.externaltools.gnu-tools-for-stm32.13.3.rel1.win32_1.0.0.202411081344/tools/bin/../lib/gcc/arm-none-eabi/13.3.1/../../../../arm-none-eabi/lib/thumb/v7e-m+dp/hard\libc_nano.a(libc_a-findfp.o) (_fwalk_sglue)
C:/ST/STM32CubeIDE_1.17.0/STM32CubeIDE/plugins/com.st.stm32cube.ide.mcu.externaltools.gnu-tools-for-stm32.13.3.rel1.win32_1.0.0.202411081344/tools/bin/../lib/gcc/arm-none-eabi/13.3.1/../../../../arm-none-eabi/lib/thumb/v7e-m+dp/hard\libc_nano.a(libc_a-printf.o)
                              ./Application/SBSFU/App/sfu_boot.o (printf)
C:/ST/STM32CubeIDE_1.17.0/STM32CubeIDE/plugins/com.st.stm32cube.ide.mcu.externaltools.gnu-tools-for-stm32.13.3.rel1.win32_1.0.0.202411081344/tools/bin/../lib/gcc/arm-none-eabi/13.3.1/../../../../arm-none-eabi/lib/thumb/v7e-m+dp/hard\libc_nano.a(libc_a-puts.o)
                              ./Application/SBSFU/App/sfu_boot.o (puts)
C:/ST/STM32CubeIDE_1.17.0/STM32CubeIDE/plugins/com.st.stm32cube.ide.mcu.externaltools.gnu-tools-for-stm32.13.3.rel1.win32_1.0.0.202411081344/tools/bin/../lib/gcc/arm-none-eabi/13.3.1/../../../../arm-none-eabi/lib/thumb/v7e-m+dp/hard\libc_nano.a(libc_a-setvbuf.o)
                              ./Application/SBSFU/App/sfu_com_trace.o (setvbuf)
C:/ST/STM32CubeIDE_1.17.0/STM32CubeIDE/plugins/com.st.stm32cube.ide.mcu.externaltools.gnu-tools-for-stm32.13.3.rel1.win32_1.0.0.202411081344/tools/bin/../lib/gcc/arm-none-eabi/13.3.1/../../../../arm-none-eabi/lib/thumb/v7e-m+dp/hard\libc_nano.a(libc_a-stdio.o)
                              C:/ST/STM32CubeIDE_1.17.0/STM32CubeIDE/plugins/com.st.stm32cube.ide.mcu.externaltools.gnu-tools-for-stm32.13.3.rel1.win32_1.0.0.202411081344/tools/bin/../lib/gcc/arm-none-eabi/13.3.1/../../../../arm-none-eabi/lib/thumb/v7e-m+dp/hard\libc_nano.a(libc_a-findfp.o) (__sread)
C:/ST/STM32CubeIDE_1.17.0/STM32CubeIDE/plugins/com.st.stm32cube.ide.mcu.externaltools.gnu-tools-for-stm32.13.3.rel1.win32_1.0.0.202411081344/tools/bin/../lib/gcc/arm-none-eabi/13.3.1/../../../../arm-none-eabi/lib/thumb/v7e-m+dp/hard\libc_nano.a(libc_a-wbuf.o)
                              C:/ST/STM32CubeIDE_1.17.0/STM32CubeIDE/plugins/com.st.stm32cube.ide.mcu.externaltools.gnu-tools-for-stm32.13.3.rel1.win32_1.0.0.202411081344/tools/bin/../lib/gcc/arm-none-eabi/13.3.1/../../../../arm-none-eabi/lib/thumb/v7e-m+dp/hard\libc_nano.a(libc_a-puts.o) (__swbuf_r)
C:/ST/STM32CubeIDE_1.17.0/STM32CubeIDE/plugins/com.st.stm32cube.ide.mcu.externaltools.gnu-tools-for-stm32.13.3.rel1.win32_1.0.0.202411081344/tools/bin/../lib/gcc/arm-none-eabi/13.3.1/../../../../arm-none-eabi/lib/thumb/v7e-m+dp/hard\libc_nano.a(libc_a-wsetup.o)
                              C:/ST/STM32CubeIDE_1.17.0/STM32CubeIDE/plugins/com.st.stm32cube.ide.mcu.externaltools.gnu-tools-for-stm32.13.3.rel1.win32_1.0.0.202411081344/tools/bin/../lib/gcc/arm-none-eabi/13.3.1/../../../../arm-none-eabi/lib/thumb/v7e-m+dp/hard\libc_nano.a(libc_a-puts.o) (__swsetup_r)
C:/ST/STM32CubeIDE_1.17.0/STM32CubeIDE/plugins/com.st.stm32cube.ide.mcu.externaltools.gnu-tools-for-stm32.13.3.rel1.win32_1.0.0.202411081344/tools/bin/../lib/gcc/arm-none-eabi/13.3.1/../../../../arm-none-eabi/lib/thumb/v7e-m+dp/hard\libc_nano.a(libc_a-memcmp.o)
                              ./Application/SBSFU/App/sfu_fwimg_common.o (memcmp)
[...]
Memory Configuration

Name             Origin             Length             Attributes
SE_Entry_Secure_ROM_Region 0x08000400         0x00000200         xr
SE_Key_region_ROM 0x08000600         0x00000300         xr
SE_Startup_region_ROM 0x08000900         0x00000100         xr
SE_ROM_region    0x08000a00         0x00007600         xr
SE_IF_region_ROM 0x08008000         0x00000900         xr
SB_HDP_ROM_region 0x08008900         0x00000100         xr
SB_ROM_region    0x08008a00         0x00017600         xr
SE_RAM_region    0x20000400         0x00000c00         xrw
SB_HDP_Code_RAM_region 0x20001000         0x00000100         xrw
SB_RAM_region    0x20001100         0x0001ef00         xrw
ISR_VECTOR       0x08000000         0x00000400         xr
SE_Binary_region_ROM 0x08000400         0x00007c00         xr
*default*        0x00000000         0xffffffff

Linker script and memory map

LOAD C:/ST/STM32CubeIDE_1.17.0/STM32CubeIDE/plugins/com.st.stm32cube.ide.mcu.externaltools.gnu-tools-for-stm32.13.3.rel1.win32_1.0.0.202411081344/tools/bin/../lib/gcc/arm-none-eabi/13.3.1/thumb/v7e-m+dp/hard/crti.o
LOAD C:/ST/STM32CubeIDE_1.17.0/STM32CubeIDE/plugins/com.st.stm32cube.ide.mcu.externaltools.gnu-tools-for-stm32.13.3.rel1.win32_1.0.0.202411081344/tools/bin/../lib/gcc/arm-none-eabi/13.3.1/thumb/v7e-m+dp/hard/crtbegin.o
LOAD C:/ST/STM32CubeIDE_1.17.0/STM32CubeIDE/plugins/com.st.stm32cube.ide.mcu.externaltools.gnu-tools-for-stm32.13.3.rel1.win32_1.0.0.202411081344/tools/bin/../lib/gcc/arm-none-eabi/13.3.1/../../../../arm-none-eabi/lib/thumb/v7e-m+dp/hard/crt0.o
LOAD ./Application/Core/main.o
LOAD ./Application/Core/sfu_secorebin_Inc.o
LOAD ./Application/Core/stm32h7xx_hal_msp.o
LOAD ./Application/Core/stm32h7xx_it.o
LOAD ./Application/Core/syscalls.o
LOAD ./Application/SBSFU/App/sfu_boot.o
LOAD ./Application/SBSFU/App/sfu_com_loader.o
LOAD ./Application/SBSFU/App/sfu_com_trace.o
LOAD ./Application/SBSFU/App/sfu_error.o
LOAD ./Application/SBSFU/App/sfu_fwimg_common.o
LOAD ./Application/SBSFU/App/sfu_loader.o
LOAD ./Application/SBSFU/App/sfu_mpu_isolation.o
LOAD ./Application/SBSFU/App/sfu_new_image.o
LOAD ./Application/SBSFU/App/sfu_test.o
LOAD ./Application/SBSFU/Target/sfu_low_level.o
LOAD ./Application/SBSFU/Target/sfu_low_level_flash.o
LOAD ./Application/SBSFU/Target/sfu_low_level_flash_ext.o
LOAD ./Application/SBSFU/Target/sfu_low_level_flash_int.o
LOAD ./Application/SBSFU/Target/sfu_low_level_security.o
LOAD ./Application/Startup/sfu_se_mpu.o
LOAD ./Application/Startup/startup_stm32h753xx.o
LOAD ./Drivers/BSP/STM32H7xx_Nucleo_144/stm32h7xx_nucleo_144.o
LOAD ./Drivers/CMSIS/system_stm32h7xx.o
LOAD ./Drivers/STM32H7xx_HAL_Driver/stm32h7xx_hal.o
LOAD ./Drivers/STM32H7xx_HAL_Driver/stm32h7xx_hal_adc.o
LOAD ./Drivers/STM32H7xx_HAL_Driver/stm32h7xx_hal_adc_ex.o
LOAD ./Drivers/STM32H7xx_HAL_Driver/stm32h7xx_hal_cortex.o
LOAD ./Drivers/STM32H7xx_HAL_Driver/stm32h7xx_hal_crc.o
LOAD ./Drivers/STM32H7xx_HAL_Driver/stm32h7xx_hal_crc_ex.o
LOAD ./Drivers/STM32H7xx_HAL_Driver/stm32h7xx_hal_dma.o
LOAD ./Drivers/STM32H7xx_HAL_Driver/stm32h7xx_hal_dma_ex.o
LOAD ./Drivers/STM32H7xx_HAL_Driver/stm32h7xx_hal_flash.o
LOAD ./Drivers/STM32H7xx_HAL_Driver/stm32h7xx_hal_flash_ex.o
LOAD ./Drivers/STM32H7xx_HAL_Driver/stm32h7xx_hal_gpio.o
LOAD ./Drivers/STM32H7xx_HAL_Driver/stm32h7xx_hal_i2c.o
LOAD ./Drivers/STM32H7xx_HAL_Driver/stm32h7xx_hal_i2c_ex.o
LOAD ./Drivers/STM32H7xx_HAL_Driver/stm32h7xx_hal_iwdg.o
LOAD ./Drivers/STM32H7xx_HAL_Driver/stm32h7xx_hal_pwr.o
LOAD ./Drivers/STM32H7xx_HAL_Driver/stm32h7xx_hal_pwr_ex.o
LOAD ./Drivers/STM32H7xx_HAL_Driver/stm32h7xx_hal_rcc.o
LOAD ./Drivers/STM32H7xx_HAL_Driver/stm32h7xx_hal_rcc_ex.o
LOAD ./Drivers/STM32H7xx_HAL_Driver/stm32h7xx_hal_rtc.o
LOAD ./Drivers/STM32H7xx_HAL_Driver/stm32h7xx_hal_rtc_ex.o
LOAD ./Drivers/STM32H7xx_HAL_Driver/stm32h7xx_hal_spi.o
LOAD ./Drivers/STM32H7xx_HAL_Driver/stm32h7xx_hal_spi_ex.o
LOAD ./Drivers/STM32H7xx_HAL_Driver/stm32h7xx_hal_tim.o
LOAD ./Drivers/STM32H7xx_HAL_Driver/stm32h7xx_hal_tim_ex.o
LOAD ./Drivers/STM32H7xx_HAL_Driver/stm32h7xx_hal_uart.o
LOAD ./Drivers/STM32H7xx_HAL_Driver/stm32h7xx_hal_uart_ex.o
LOAD ./Middlewares/STM32_Secure_Engine/se_interface_application.o
LOAD ./Middlewares/STM32_Secure_Engine/se_interface_bootloader.o
LOAD ./Middlewares/STM32_Secure_Engine/se_interface_common.o
START GROUP
LOAD C:/ST/STM32CubeIDE_1.17.0/STM32CubeIDE/plugins/com.st.stm32cube.ide.mcu.externaltools.gnu-tools-for-stm32.13.3.rel1.win32_1.0.0.202411081344/tools/bin/../lib/gcc/arm-none-eabi/13.3.1/../../../../arm-none-eabi/lib/thumb/v7e-m+dp/hard\libc_nano.a
LOAD C:/ST/STM32CubeIDE_1.17.0/STM32CubeIDE/plugins/com.st.stm32cube.ide.mcu.externaltools.gnu-tools-for-stm32.13.3.rel1.win32_1.0.0.202411081344/tools/bin/../lib/gcc/arm-none-eabi/13.3.1/../../../../arm-none-eabi/lib/thumb/v7e-m+dp/hard\libm.a
END GROUP
START GROUP
LOAD C:/ST/STM32CubeIDE_1.17.0/STM32CubeIDE/plugins/com.st.stm32cube.ide.mcu.externaltools.gnu-tools-for-stm32.13.3.rel1.win32_1.0.0.202411081344/tools/bin/../lib/gcc/arm-none-eabi/13.3.1/thumb/v7e-m+dp/hard\libgcc.a
LOAD C:/ST/STM32CubeIDE_1.17.0/STM32CubeIDE/plugins/com.st.stm32cube.ide.mcu.externaltools.gnu-tools-for-stm32.13.3.rel1.win32_1.0.0.202411081344/tools/bin/../lib/gcc/arm-none-eabi/13.3.1/../../../../arm-none-eabi/lib/thumb/v7e-m+dp/hard\libc_nano.a
END GROUP
START GROUP
LOAD C:/ST/STM32CubeIDE_1.17.0/STM32CubeIDE/plugins/com.st.stm32cube.ide.mcu.externaltools.gnu-tools-for-stm32.13.3.rel1.win32_1.0.0.202411081344/tools/bin/../lib/gcc/arm-none-eabi/13.3.1/thumb/v7e-m+dp/hard\libgcc.a
LOAD C:/ST/STM32CubeIDE_1.17.0/STM32CubeIDE/plugins/com.st.stm32cube.ide.mcu.externaltools.gnu-tools-for-stm32.13.3.rel1.win32_1.0.0.202411081344/tools/bin/../lib/gcc/arm-none-eabi/13.3.1/../../../../arm-none-eabi/lib/thumb/v7e-m+dp/hard\libc_nano.a
LOAD C:/ST/STM32CubeIDE_1.17.0/STM32CubeIDE/plugins/com.st.stm32cube.ide.mcu.externaltools.gnu-tools-for-stm32.13.3.rel1.win32_1.0.0.202411081344/tools/bin/../lib/gcc/arm-none-eabi/13.3.1/../../../../arm-none-eabi/lib/thumb/v7e-m+dp/hard\libnosys.a
END GROUP
START GROUP
LOAD C:/ST/STM32CubeIDE_1.17.0/STM32CubeIDE/plugins/com.st.stm32cube.ide.mcu.externaltools.gnu-tools-for-stm32.13.3.rel1.win32_1.0.0.202411081344/tools/bin/../lib/gcc/arm-none-eabi/13.3.1/thumb/v7e-m+dp/hard\libgcc.a
LOAD C:/ST/STM32CubeIDE_1.17.0/STM32CubeIDE/plugins/com.st.stm32cube.ide.mcu.externaltools.gnu-tools-for-stm32.13.3.rel1.win32_1.0.0.202411081344/tools/bin/../lib/gcc/arm-none-eabi/13.3.1/../../../../arm-none-eabi/lib/thumb/v7e-m+dp/hard\libc_nano.a
LOAD C:/ST/STM32CubeIDE_1.17.0/STM32CubeIDE/plugins/com.st.stm32cube.ide.mcu.externaltools.gnu-tools-for-stm32.13.3.rel1.win32_1.0.0.202411081344/tools/bin/../lib/gcc/arm-none-eabi/13.3.1/../../../../arm-none-eabi/lib/thumb/v7e-m+dp/hard\libnosys.a
END GROUP
LOAD C:/ST/STM32CubeIDE_1.17.0/STM32CubeIDE/plugins/com.st.stm32cube.ide.mcu.externaltools.gnu-tools-for-stm32.13.3.rel1.win32_1.0.0.202411081344/tools/bin/../lib/gcc/arm-none-eabi/13.3.1/thumb/v7e-m+dp/hard/crtend.o
LOAD C:/ST/STM32CubeIDE_1.17.0/STM32CubeIDE/plugins/com.st.stm32cube.ide.mcu.externaltools.gnu-tools-for-stm32.13.3.rel1.win32_1.0.0.202411081344/tools/bin/../lib/gcc/arm-none-eabi/13.3.1/thumb/v7e-m+dp/hard/crtn.o
                0x20020000                        _estack = 0x20020000
                0x00000000                        _Min_Heap_Size = 0x0
                0x00002000                        _Min_Stack_Size = 0x2000
                0x08020000                        __ICFEDIT_SLOT_Active_1_start__ = 0x8020000
                0x081fffff                        __ICFEDIT_SLOT_Active_1_end__ = 0x81fffff
                0x08020000                        __ICFEDIT_SLOT_Active_1_header__ = __ICFEDIT_SLOT_Active_1_start__
                0x00000000                        __ICFEDIT_SLOT_Active_2_header__ = 0x0
                0x00000000                        __ICFEDIT_SLOT_Active_2_start__ = 0x0
                0x00000000                        __ICFEDIT_SLOT_Active_2_end__ = 0x0
                0x00000000                        __ICFEDIT_SLOT_Active_3_header__ = 0x0
                0x00000000                        __ICFEDIT_SLOT_Active_3_start__ = 0x0
                0x00000000                        __ICFEDIT_SLOT_Active_3_end__ = 0x0
                0x00000400                        VECTOR_SIZE = 0x400
                0x08000400                        __ICFEDIT_SE_Code_region_ROM_start__ = (0x8000000 + VECTOR_SIZE)
                0x08000400                        __ICFEDIT_SE_CallGate_region_ROM_start__ = __ICFEDIT_SE_Code_region_ROM_start__
                0x080005ff                        __ICFEDIT_SE_CallGate_region_ROM_end__ = (__ICFEDIT_SE_Code_region_ROM_start__ + 0x1ff)
                0x08000600                        __ICFEDIT_SE_Key_region_ROM_start__ = (__ICFEDIT_SE_CallGate_region_ROM_end__ + 0x1)
                0x080008ff                        __ICFEDIT_SE_Key_region_ROM_end__ = (__ICFEDIT_SE_Key_region_ROM_start__ + 0x2ff)
                0x08000900                        __ICFEDIT_SE_Startup_region_ROM_start__ = (__ICFEDIT_SE_Key_region_ROM_end__ + 0x1)
                0x08000a00                        __ICFEDIT_SE_Code_nokey_region_ROM_start__ = (__ICFEDIT_SE_Startup_region_ROM_start__ + 0x100)
                0x08007fff                        __ICFEDIT_SE_Code_region_ROM_end__ = 0x8007fff
                0x08008000                        __ICFEDIT_SE_IF_region_ROM_start__ = 0x8008000
                0x080088ff                        __ICFEDIT_SE_IF_region_ROM_end__ = (__ICFEDIT_SE_IF_region_ROM_start__ + 0x8ff)
                0x08008900                        __ICFEDIT_SB_HDP_region_ROM_start__ = (__ICFEDIT_SE_IF_region_ROM_end__ + 0x1)
                0x080089ff                        __ICFEDIT_SB_HDP_region_ROM_end__ = (__ICFEDIT_SB_HDP_region_ROM_start__ + 0xff)
                0x08008a00                        __ICFEDIT_SB_region_ROM_start__ = (__ICFEDIT_SB_HDP_region_ROM_end__ + 0x1)
                0x0801ffff                        __ICFEDIT_SB_region_ROM_end__ = 0x801ffff
                0x00000200                        SE_Entry_Secure_ROM_Region_Length = ((__ICFEDIT_SE_CallGate_region_ROM_end__ - __ICFEDIT_SE_CallGate_region_ROM_start__) + 0x1)
                0x00000300                        SE_Key_region_ROM_Length = ((__ICFEDIT_SE_Key_region_ROM_end__ - __ICFEDIT_SE_Key_region_ROM_start__) + 0x1)
                0x00000100                        SE_Startup_region_ROM_Length = (__ICFEDIT_SE_Code_nokey_region_ROM_start__ - __ICFEDIT_SE_Startup_region_ROM_start__)
                0x00007600                        SE_ROM_region_Length = ((__ICFEDIT_SE_Code_region_ROM_end__ - __ICFEDIT_SE_Code_nokey_region_ROM_start__) + 0x1)
                0x00000900                        SE_IF_region_ROM_Length = ((__ICFEDIT_SE_IF_region_ROM_end__ - __ICFEDIT_SE_IF_region_ROM_start__) + 0x1)
                0x00000100                        SB_HDP_ROM_region_Length = ((__ICFEDIT_SB_HDP_region_ROM_end__ - __ICFEDIT_SB_HDP_region_ROM_start__) + 0x1)
                0x00017600                        SB_ROM_region_Length = ((__ICFEDIT_SB_region_ROM_end__ - __ICFEDIT_SB_region_ROM_start__) + 0x1)
                0x20000000                        __ICFEDIT_SE_region_RAM_start__ = 0x20000000
                0x20000400                        __ICFEDIT_SE_region_RAM_stack_top__ = 0x20000400
                0x20000fff                        __ICFEDIT_SE_region_RAM_end__ = 0x20000fff
                0x20001000                        __ICFEDIT_SB_HDP_Code_region_RAM_start__ = (__ICFEDIT_SE_region_RAM_end__ + 0x1)
                0x200010ff                        __ICFEDIT_SB_HDP_Code_region_RAM_end__ = (__ICFEDIT_SB_HDP_Code_region_RAM_start__ + 0xff)
                0x20001100                        __ICFEDIT_SB_region_RAM_start__ = (__ICFEDIT_SB_HDP_Code_region_RAM_end__ + 0x1)
                0x2001ffff                        __ICFEDIT_SB_region_RAM_end__ = 0x2001ffff
                0x00000c00                        SE_RAM_region_Length = ((__ICFEDIT_SE_region_RAM_end__ - __ICFEDIT_SE_region_RAM_stack_top__) + 0x1)
                0x00000100                        SB_HDP_CODE_RAM_region_Length = ((__ICFEDIT_SB_HDP_Code_region_RAM_end__ - __ICFEDIT_SB_HDP_Code_region_RAM_start__) + 0x1)
                0x0001ef00                        SB_RAM_region_Length = ((__ICFEDIT_SB_region_RAM_end__ - __ICFEDIT_SB_region_RAM_start__) + 0x1)
                0x08000000                        __ICFEDIT_intvec_start__ = 0x8000000
                0x00007c00                        SE_Binary_region_ROM_Length = ((__ICFEDIT_SE_Code_region_ROM_end__ - __ICFEDIT_SE_CallGate_region_ROM_start__) + 0x1)

.isr_vector     0x08000000      0x2a0
                0x08000000                        . = ALIGN (0x8)
 *(.isr_vector)
 .isr_vector    0x08000000      0x29c ./Application/Startup/startup_stm32h753xx.o
                0x08000000                g_pfnVectors
                0x080002a0                        . = ALIGN (0x8)
 *fill*         0x0800029c        0x4 

.text.SE_CORE_Bin
                0x08000400     0x4978
                0x08000400                        SE_CORE_Bin_start = .
 *(SE_CORE_Bin)
 SE_CORE_Bin    0x08000400     0x4978 ./Application/Core/sfu_secorebin_Inc.o
                0x08004d78                        SE_CORE_Bin_end = .

.SE_IF_Code     0x08008000      0x75c
 *se_interface_application.o(.text .text*)
 .text          0x08008000        0x0 ./Middlewares/STM32_Secure_Engine/se_interface_application.o
 .text.SE_APP_GetActiveFwInfo
                0x08008000       0x48 ./Middlewares/STM32_Secure_Engine/se_interface_application.o
                0x08008000                SE_APP_GetActiveFwInfo
 .text.SE_APP_SVC_Handler
                0x08008048        0x4 ./Middlewares/STM32_Secure_Engine/se_interface_application.o
                0x08008048                SE_APP_SVC_Handler
 *se_interface_bootloader.o(.text .text*)
 .text          0x0800804c        0x0 ./Middlewares/STM32_Secure_Engine/se_interface_bootloader.o
 .text.SE_Init  0x0800804c       0x4c ./Middlewares/STM32_Secure_Engine/se_interface_bootloader.o
                0x0800804c                SE_Init
 .text.SE_Startup
                0x08008098       0x48 ./Middlewares/STM32_Secure_Engine/se_interface_bootloader.o
                0x08008098                SE_Startup
 .text.SE_LockRestrictServices
                0x080080e0       0x60 ./Middlewares/STM32_Secure_Engine/se_interface_bootloader.o
                0x080080e0                SE_LockRestrictServices
 .text.SE_CM0_Update
                0x08008140       0x60 ./Middlewares/STM32_Secure_Engine/se_interface_bootloader.o
                0x08008140                SE_CM0_Update
 .text.SE_ExtFlash_Decrypt_Init
                0x080081a0       0x64 ./Middlewares/STM32_Secure_Engine/se_interface_bootloader.o
                0x080081a0                SE_ExtFlash_Decrypt_Init
 .text.SE_SFU_IMG_Read
                0x08008204       0x70 ./Middlewares/STM32_Secure_Engine/se_interface_bootloader.o
                0x08008204                SE_SFU_IMG_Read
 .text.SE_SFU_IMG_Write
                0x08008274       0x70 ./Middlewares/STM32_Secure_Engine/se_interface_bootloader.o
                0x08008274                SE_SFU_IMG_Write
 .text.SE_SFU_IMG_Erase
                0x080082e4       0x68 ./Middlewares/STM32_Secure_Engine/se_interface_bootloader.o
                0x080082e4                SE_SFU_IMG_Erase
 .text.SE_Decrypt_Init
                0x0800834c       0x6c ./Middlewares/STM32_Secure_Engine/se_interface_bootloader.o
                0x0800834c                SE_Decrypt_Init
 .text.SE_Decrypt_Append
                0x080083b8       0x7c ./Middlewares/STM32_Secure_Engine/se_interface_bootloader.o
                0x080083b8                SE_Decrypt_Append
 .text.SE_Decrypt_Finish
                0x08008434       0x68 ./Middlewares/STM32_Secure_Engine/se_interface_bootloader.o
                0x08008434                SE_Decrypt_Finish
 .text.SE_AuthenticateFW_Init
                0x0800849c       0x6c ./Middlewares/STM32_Secure_Engine/se_interface_bootloader.o
                0x0800849c                SE_AuthenticateFW_Init
 .text.SE_AuthenticateFW_Append
                0x08008508       0x7c ./Middlewares/STM32_Secure_Engine/se_interface_bootloader.o
                0x08008508                SE_AuthenticateFW_Append
 .text.SE_AuthenticateFW_Finish
                0x08008584       0x68 ./Middlewares/STM32_Secure_Engine/se_interface_bootloader.o
                0x08008584                SE_AuthenticateFW_Finish
 .text.SE_VerifyHeaderSignature
                0x080085ec       0x60 ./Middlewares/STM32_Secure_Engine/se_interface_bootloader.o
                0x080085ec                SE_VerifyHeaderSignature
 *se_interface_common.o(.text .text*)
 .text          0x0800864c        0x0 ./Middlewares/STM32_Secure_Engine/se_interface_common.o
 .text.SE_EnterSecureMode
                0x0800864c        0xa ./Middlewares/STM32_Secure_Engine/se_interface_common.o
                0x0800864c                SE_EnterSecureMode
 .text.SE_ExitSecureMode
                0x08008656        0x8 ./Middlewares/STM32_Secure_Engine/se_interface_common.o
                0x08008656                SE_ExitSecureMode
 .text.SE_IsUnprivileged
                0x0800865e       0x14 ./Middlewares/STM32_Secure_Engine/se_interface_common.o
                0x0800865e                SE_IsUnprivileged
 .text.SE_SysCall
                0x08008672        0x4 ./Middlewares/STM32_Secure_Engine/se_interface_common.o
                0x08008672                SE_SysCall
 *fill*         0x08008676        0x2 
 .text.SE_SVC_Handler
                0x08008678       0xe4 ./Middlewares/STM32_Secure_Engine/se_interface_common.o
                0x08008678                SE_SVC_Handler

.text           0x08008a00     0x6f70
                0x08008a00                        . = ALIGN (0x8)
 *(.text)
 .text          0x08008a00       0x40 C:/ST/STM32CubeIDE_1.17.0/STM32CubeIDE/plugins/com.st.stm32cube.ide.mcu.externaltools.gnu-tools-for-stm32.13.3.rel1.win32_1.0.0.202411081344/tools/bin/../lib/gcc/arm-none-eabi/13.3.1/thumb/v7e-m+dp/hard/crtbegin.o
 .text          0x08008a40        0x8 ./Application/Startup/sfu_se_mpu.o
                0x08008a40                SVC_Handler
 *fill*         0x08008a48        0x8 
 .text          0x08008a50       0xa0 C:/ST/STM32CubeIDE_1.17.0/STM32CubeIDE/plugins/com.st.stm32cube.ide.mcu.externaltools.gnu-tools-for-stm32.13.3.rel1.win32_1.0.0.202411081344/tools/bin/../lib/gcc/arm-none-eabi/13.3.1/../../../../arm-none-eabi/lib/thumb/v7e-m+dp/hard\libc_nano.a(libc_a-memchr.o)
                0x08008a50                memchr
 .text          0x08008af0       0x30 C:/ST/STM32CubeIDE_1.17.0/STM32CubeIDE/plugins/com.st.stm32cube.ide.mcu.externaltools.gnu-tools-for-stm32.13.3.rel1.win32_1.0.0.202411081344/tools/bin/../lib/gcc/arm-none-eabi/13.3.1/thumb/v7e-m+dp/hard\libgcc.a(_aeabi_uldivmod.o)
                0x08008af0                __aeabi_uldivmod
 .text          0x08008b20      0x2f8 C:/ST/STM32CubeIDE_1.17.0/STM32CubeIDE/plugins/com.st.stm32cube.ide.mcu.externaltools.gnu-tools-for-stm32.13.3.rel1.win32_1.0.0.202411081344/tools/bin/../lib/gcc/arm-none-eabi/13.3.1/thumb/v7e-m+dp/hard\libgcc.a(_udivmoddi4.o)
                0x08008b20                __udivmoddi4
 .text          0x08008e18        0x4 C:/ST/STM32CubeIDE_1.17.0/STM32CubeIDE/plugins/com.st.stm32cube.ide.mcu.externaltools.gnu-tools-for-stm32.13.3.rel1.win32_1.0.0.202411081344/tools/bin/../lib/gcc/arm-none-eabi/13.3.1/thumb/v7e-m+dp/hard\libgcc.a(_dvmd_tls.o)
                0x08008e18                __aeabi_idiv0
                0x08008e18                __aeabi_ldiv0
 *(.text*)
 .text.startup.main
                0x08008e1c      0x128 ./Application/Core/main.o
                0x08008e1c                main
 .text.HAL_MspInit
                0x08008f44       0x68 ./Application/Core/stm32h7xx_hal_msp.o
                0x08008f44                HAL_MspInit
 .text.HAL_RTC_MspInit
                0x08008fac        0x4 ./Application/Core/stm32h7xx_hal_msp.o
                0x08008fac                HAL_RTC_MspInit
 .text.HAL_UART_MspInit
                0x08008fb0        0x4 ./Application/Core/stm32h7xx_hal_msp.o
                0x08008fb0                HAL_UART_MspInit
 .text.UsageFault_Handler
                0x08008fb4        0x2 ./Application/Core/stm32h7xx_it.o
                0x08008fb4                UsageFault_Handler
 .text.DebugMon_Handler
                0x08008fb6        0x2 ./Application/Core/stm32h7xx_it.o
                0x08008fb6                DebugMon_Handler
 .text.PendSV_Handler
                0x08008fb8        0x2 ./Application/Core/stm32h7xx_it.o
                0x08008fb8                PendSV_Handler
 .text.SysTick_Handler
                0x08008fba        0x4 ./Application/Core/stm32h7xx_it.o
                0x08008fba                SysTick_Handler
 *fill*         0x08008fbe        0x2 
 .text.TAMP_STAMP_IRQHandler
                0x08008fc0        0xc ./Application/Core/stm32h7xx_it.o
                0x08008fc0                TAMP_STAMP_IRQHandler
 .text._read    0x08008fcc       0x1c ./Application/Core/syscalls.o
                0x08008fcc                _read
 .text._write   0x08008fe8       0x1c ./Application/Core/syscalls.o
                0x08008fe8                _write
 .text._sbrk    0x08009004       0x34 ./Application/Core/syscalls.o
                0x08009004                _sbrk
 .text._close   0x08009038        0x6 ./Application/Core/syscalls.o
                0x08009038                _close
 .text._fstat   0x0800903e        0xa ./Application/Core/syscalls.o
                0x0800903e                _fstat
 .text._isatty  0x08009048        0x4 ./Application/Core/syscalls.o
                0x08009048                _isatty
 .text._lseek   0x0800904c        0x4 ./Application/Core/syscalls.o
                0x0800904c                _lseek
 .text.SFU_BOOT_SM_HandleCriticalFailure
                0x08009050       0x20 ./Application/SBSFU/App/sfu_boot.o
 .text.SFU_BOOT_SM_VerifyUserFwSignature
                0x08009070       0xec ./Application/SBSFU/App/sfu_boot.o
 .text.SFU_BOOT_SM_CheckUserFwStatus
                0x0800915c       0xc4 ./Application/SBSFU/App/sfu_boot.o
 .text.SFU_BOOT_SM_DownloadNewUserFw
                0x08009220       0xb4 ./Application/SBSFU/App/sfu_boot.o
 .text.SFU_BOOT_SM_CheckNewFwToDownload
                0x080092d4       0x44 ./Application/SBSFU/App/sfu_boot.o
 .text.SFU_BOOT_SM_CheckStatusOnReset
                0x08009318       0x88 ./Application/SBSFU/App/sfu_boot.o
 .text.SFU_BOOT_DeInit.isra.0
                0x080093a0       0x24 ./Application/SBSFU/App/sfu_boot.o
 .text.SFU_BOOT_ForceReboot
                0x080093c4       0x48 ./Application/SBSFU/App/sfu_boot.o
                0x080093c4                SFU_BOOT_ForceReboot
 .text.SFU_BOOT_SM_RebootStateMachine
                0x0800940c       0x18 ./Application/SBSFU/App/sfu_boot.o
 .text.SFU_BOOT_SM_ExecuteUserFw
                0x08009424      0x100 ./Application/SBSFU/App/sfu_boot.o
 .text.SFU_BOOT_RunSecureBootService
                0x08009524      0x130 ./Application/SBSFU/App/sfu_boot.o
                0x08009524                SFU_BOOT_RunSecureBootService
 .text.HAL_RTCEx_Tamper3EventCallback
                0x08009654        0x6 ./Application/SBSFU/App/sfu_boot.o
                0x08009654                HAL_RTCEx_Tamper3EventCallback
 .text.MemManage_Handler
                0x0800965a        0x6 ./Application/SBSFU/App/sfu_boot.o
                0x0800965a                MemManage_Handler
 .text.SFU_COM_Serial_PutByte
                0x08009660       0x18 ./Application/SBSFU/App/sfu_com_loader.o
                0x08009660                SFU_COM_Serial_PutByte
 .text.SFU_COM_YMODEM_Receive
                0x08009678      0x340 ./Application/SBSFU/App/sfu_com_loader.o
                0x08009678                SFU_COM_YMODEM_Receive
 .text.SFU_COM_Init
                0x080099b8       0x20 ./Application/SBSFU/App/sfu_com_trace.o
                0x080099b8                SFU_COM_Init
 .text.SFU_COM_Serial_PutString
                0x080099d8       0x1e ./Application/SBSFU/App/sfu_com_trace.o
                0x080099d8                SFU_COM_Serial_PutString
 .text.__io_putchar
                0x080099f6       0x18 ./Application/SBSFU/App/sfu_com_trace.o
                0x080099f6                __io_putchar
 *fill*         0x08009a0e        0x2 
 .text.SFU_EXCPT_SetError
                0x08009a10       0x1c ./Application/SBSFU/App/sfu_error.o
                0x08009a10                SFU_EXCPT_SetError
 .text.SFU_EXCPT_IrqExceptionHandler
                0x08009a2c       0x48 ./Application/SBSFU/App/sfu_error.o
                0x08009a2c                SFU_EXCPT_IrqExceptionHandler
 .text.SFU_EXCPT_Security_Error
                0x08009a74       0x48 ./Application/SBSFU/App/sfu_error.o
                0x08009a74                SFU_EXCPT_Security_Error
 .text.SFU_EXCPT_Init
                0x08009abc        0x8 ./Application/SBSFU/App/sfu_error.o
                0x08009abc                SFU_EXCPT_Init
 .text.SFU_EXCPT_DeInit
                0x08009ac4        0x8 ./Application/SBSFU/App/sfu_error.o
                0x08009ac4                SFU_EXCPT_DeInit
 .text.MemoryCompare
                0x08009acc       0x58 ./Application/SBSFU/App/sfu_fwimg_common.o
                0x08009acc                MemoryCompare
 .text.VerifyFwSignatureScatter
                0x08009b24      0x21c ./Application/SBSFU/App/sfu_fwimg_common.o
                0x08009b24                VerifyFwSignatureScatter
 .text.VerifyFwSignature
                0x08009d40       0x4c ./Application/SBSFU/App/sfu_fwimg_common.o
                0x08009d40                VerifyFwSignature
 .text.VerifySlot
                0x08009d8c       0x1c ./Application/SBSFU/App/sfu_fwimg_common.o
                0x08009d8c                VerifySlot
 .text.CleanUpSlot
                0x08009da8       0x68 ./Application/SBSFU/App/sfu_fwimg_common.o
                0x08009da8                CleanUpSlot
 .text.SFU_IMG_InitImageHandling
                0x08009e10       0x94 ./Application/SBSFU/App/sfu_fwimg_common.o
                0x08009e10                SFU_IMG_InitImageHandling
 .text.SFU_IMG_InvalidateCurrentFirmware
                0x08009ea4       0x28 ./Application/SBSFU/App/sfu_fwimg_common.o
                0x08009ea4                SFU_IMG_InvalidateCurrentFirmware
 .text.SFU_IMG_VerifyActiveImg
                0x08009ecc       0x20 ./Application/SBSFU/App/sfu_fwimg_common.o
                0x08009ecc                SFU_IMG_VerifyActiveImg
 .text.SFU_IMG_VerifyActiveSlot
                0x08009eec       0x24 ./Application/SBSFU/App/sfu_fwimg_common.o
                0x08009eec                SFU_IMG_VerifyActiveSlot
 .text.SFU_IMG_VerifyEmptyActiveSlot
                0x08009f10       0x1c ./Application/SBSFU/App/sfu_fwimg_common.o
                0x08009f10                SFU_IMG_VerifyEmptyActiveSlot
 .text.SFU_IMG_ControlActiveImgTag
                0x08009f2c       0x3c ./Application/SBSFU/App/sfu_fwimg_common.o
                0x08009f2c                SFU_IMG_ControlActiveImgTag
 .text.SFU_IMG_LaunchActiveImg
                0x08009f68       0x3c ./Application/SBSFU/App/sfu_fwimg_common.o
                0x08009f68                SFU_IMG_LaunchActiveImg
 .text.SFU_IMG_Validation
                0x08009fa4        0x8 ./Application/SBSFU/App/sfu_fwimg_common.o
                0x08009fa4                SFU_IMG_Validation
 .text.SFU_IMG_GetFwImageSlot
                0x08009fac       0x18 ./Application/SBSFU/App/sfu_fwimg_common.o
                0x08009fac                SFU_IMG_GetFwImageSlot
 .text.VerifyHeaderSignature
                0x08009fc4       0x58 ./Application/SBSFU/App/sfu_fwimg_common.o
                0x08009fc4                VerifyHeaderSignature
 .text.CheckAndGetFWHeader
                0x0800a01c       0x30 ./Application/SBSFU/App/sfu_fwimg_common.o
                0x0800a01c                CheckAndGetFWHeader
 .text.SFU_IMG_VerifyActiveImgMetadata
                0x0800a04c        0xc ./Application/SBSFU/App/sfu_fwimg_common.o
                0x0800a04c                SFU_IMG_VerifyActiveImgMetadata
 .text.SFU_IMG_GetActiveFwVersion
                0x0800a058       0x20 ./Application/SBSFU/App/sfu_fwimg_common.o
                0x0800a058                SFU_IMG_GetActiveFwVersion
 .text.SFU_IMG_DetectFW
                0x0800a078       0x50 ./Application/SBSFU/App/sfu_fwimg_common.o
                0x0800a078                SFU_IMG_DetectFW
 .text.SFU_IMG_CheckFwVersion
                0x0800a0c8       0x1c ./Application/SBSFU/App/sfu_fwimg_common.o
                0x0800a0c8                SFU_IMG_CheckFwVersion
 .text.SFU_LOADER_VerifyFwHeader
                0x0800a0e4      0x17c ./Application/SBSFU/App/sfu_loader.o
 .text.SFU_LOADER_Init
                0x0800a260        0x8 ./Application/SBSFU/App/sfu_loader.o
                0x0800a260                SFU_LOADER_Init
 .text.SFU_LOADER_DeInit
                0x0800a268        0x8 ./Application/SBSFU/App/sfu_loader.o
                0x0800a268                SFU_LOADER_DeInit
 .text.SFU_LOADER_DownloadNewUserFw
                0x0800a270       0xd4 ./Application/SBSFU/App/sfu_loader.o
                0x0800a270                SFU_LOADER_DownloadNewUserFw
 .text.SFU_COM_YMODEM_HeaderPktRxCpltCallback
                0x0800a344       0x28 ./Application/SBSFU/App/sfu_loader.o
                0x0800a344                SFU_COM_YMODEM_HeaderPktRxCpltCallback
 .text.SFU_COM_YMODEM_DataPktRxCpltCallback
                0x0800a36c      0x208 ./Application/SBSFU/App/sfu_loader.o
                0x0800a36c                SFU_COM_YMODEM_DataPktRxCpltCallback
 .text.SFU_MPU_SVC_Handler
                0x0800a574      0x1a4 ./Application/SBSFU/App/sfu_mpu_isolation.o
                0x0800a574                SFU_MPU_SVC_Handler
 .text.MPU_SVC_Handler
                0x0800a718       0x18 ./Application/SBSFU/App/sfu_mpu_isolation.o
                0x0800a718                MPU_SVC_Handler
 .text.SFU_MPU_SysCall
                0x0800a730        0x8 ./Application/SBSFU/App/sfu_mpu_isolation.o
                0x0800a730                SFU_MPU_SysCall
 .text.SFU_MPU_IsUnprivileged
                0x0800a738       0x14 ./Application/SBSFU/App/sfu_mpu_isolation.o
                0x0800a738                SFU_MPU_IsUnprivileged
 .text.SFU_MPU_EnterUnprivilegedMode
                0x0800a74c       0x24 ./Application/SBSFU/App/sfu_mpu_isolation.o
                0x0800a74c                SFU_MPU_EnterUnprivilegedMode
 .text.SFU_IMG_GetDownloadAreaInfo
                0x0800a770       0x30 ./Application/SBSFU/App/sfu_new_image.o
                0x0800a770                SFU_IMG_GetDownloadAreaInfo
 .text.SFU_LL_DeInit
                0x0800a7a0        0x6 ./Application/SBSFU/Target/sfu_low_level.o
                0x0800a7a0                SFU_LL_DeInit
 *fill*         0x0800a7a6        0x2 
 .text.SFU_LL_CRC_Config
                0x0800a7a8       0x54 ./Application/SBSFU/Target/sfu_low_level.o
                0x0800a7a8                SFU_LL_CRC_Config
 .text.SFU_LL_CRC_Init
                0x0800a7fc       0x28 ./Application/SBSFU/Target/sfu_low_level.o
                0x0800a7fc                SFU_LL_CRC_Init
 .text.SFU_LL_Init
                0x0800a824        0x4 ./Application/SBSFU/Target/sfu_low_level.o
                0x0800a824                SFU_LL_Init
 .text.SFU_LL_CRC_Calculate
                0x0800a828       0x10 ./Application/SBSFU/Target/sfu_low_level.o
                0x0800a828                SFU_LL_CRC_Calculate
 .text.SFU_LL_UART_Init
                0x0800a838       0x48 ./Application/SBSFU/Target/sfu_low_level.o
                0x0800a838                SFU_LL_UART_Init
 .text.SFU_LL_UART_Transmit
                0x0800a880       0x28 ./Application/SBSFU/Target/sfu_low_level.o
                0x0800a880                SFU_LL_UART_Transmit
 .text.SFU_LL_UART_Receive
                0x0800a8a8       0x28 ./Application/SBSFU/Target/sfu_low_level.o
                0x0800a8a8                SFU_LL_UART_Receive
 .text.SFU_LL_UART_Flush
                0x0800a8d0       0x20 ./Application/SBSFU/Target/sfu_low_level.o
                0x0800a8d0                SFU_LL_UART_Flush
 .text.SFU_LL_RTC_MspInit
                0x0800a8f0       0x60 ./Application/SBSFU/Target/sfu_low_level.o
                0x0800a8f0                SFU_LL_RTC_MspInit
 .text.SFU_LL_UART_MspInit
                0x0800a950       0x9c ./Application/SBSFU/Target/sfu_low_level.o
                0x0800a950                SFU_LL_UART_MspInit
 .text.SFU_LL_BufferCheck_in_se_ram
                0x0800a9ec       0x34 ./Application/SBSFU/Target/sfu_low_level.o
                0x0800a9ec                SFU_LL_BufferCheck_in_se_ram
 .text.SFU_LL_Buffer_in_ram
                0x0800aa20       0x34 ./Application/SBSFU/Target/sfu_low_level.o
                0x0800aa20                SFU_LL_Buffer_in_ram
 .text.SFU_LL_FLASH_Init
                0x0800aa54       0x1c ./Application/SBSFU/Target/sfu_low_level_flash.o
                0x0800aa54                SFU_LL_FLASH_Init
 .text.SFU_LL_FLASH_Erase_Size
                0x0800aa70        0xe ./Application/SBSFU/Target/sfu_low_level_flash.o
                0x0800aa70                SFU_LL_FLASH_Erase_Size
 .text.SFU_LL_FLASH_Write
                0x0800aa7e        0xe ./Application/SBSFU/Target/sfu_low_level_flash.o
                0x0800aa7e                SFU_LL_FLASH_Write
 .text.SFU_LL_FLASH_Read
                0x0800aa8c        0xe ./Application/SBSFU/Target/sfu_low_level_flash.o
                0x0800aa8c                SFU_LL_FLASH_Read
 .text.SFU_LL_FLASH_Compare
                0x0800aa9a        0xe ./Application/SBSFU/Target/sfu_low_level_flash.o
                0x0800aa9a                SFU_LL_FLASH_Compare
 .text.SFU_LL_FLASH_Config_Exe
                0x0800aaa8       0x1c ./Application/SBSFU/Target/sfu_low_level_flash.o
                0x0800aaa8                SFU_LL_FLASH_Config_Exe
 .text.SFU_LL_FLASH_EXT_Init
                0x0800aac4        0x8 ./Application/SBSFU/Target/sfu_low_level_flash_ext.o
                0x0800aac4                SFU_LL_FLASH_EXT_Init
 .text.SFU_LL_FLASH_EXT_Erase_Size
                0x0800aacc        0x6 ./Application/SBSFU/Target/sfu_low_level_flash_ext.o
                0x0800aacc                SFU_LL_FLASH_EXT_Erase_Size
 .text.SFU_LL_FLASH_EXT_Write
                0x0800aad2        0x6 ./Application/SBSFU/Target/sfu_low_level_flash_ext.o
                0x0800aad2                SFU_LL_FLASH_EXT_Write
 .text.SFU_LL_FLASH_EXT_Read
                0x0800aad8        0x6 ./Application/SBSFU/Target/sfu_low_level_flash_ext.o
                0x0800aad8                SFU_LL_FLASH_EXT_Read
 .text.SFU_LL_FLASH_EXT_Compare
                0x0800aade        0x6 ./Application/SBSFU/Target/sfu_low_level_flash_ext.o
                0x0800aade                SFU_LL_FLASH_EXT_Compare
 .text.SFU_LL_FLASH_EXT_Config_Exe
                0x0800aae4        0x8 ./Application/SBSFU/Target/sfu_low_level_flash_ext.o
                0x0800aae4                SFU_LL_FLASH_EXT_Config_Exe
 .text.SFU_LL_FLASH_INT_Clear_Error
                0x0800aaec       0x30 ./Application/SBSFU/Target/sfu_low_level_flash_int.o
 .text.SFU_LL_FLASH_INT_Init
                0x0800ab1c        0x8 ./Application/SBSFU/Target/sfu_low_level_flash_int.o
                0x0800ab1c                SFU_LL_FLASH_INT_Init
 .text.SFU_LL_FLASH_INT_Write
                0x0800ab24       0xd8 ./Application/SBSFU/Target/sfu_low_level_flash_int.o
                0x0800ab24                SFU_LL_FLASH_INT_Write
 .text.SFU_LL_FLASH_INT_Read
                0x0800abfc       0x8c ./Application/SBSFU/Target/sfu_low_level_flash_int.o
                0x0800abfc                SFU_LL_FLASH_INT_Read
 .text.SFU_LL_FLASH_INT_Compare
                0x0800ac88       0x34 ./Application/SBSFU/Target/sfu_low_level_flash_int.o
                0x0800ac88                SFU_LL_FLASH_INT_Compare
 .text.SFU_LL_FLASH_INT_GetSector
                0x0800acbc       0x12 ./Application/SBSFU/Target/sfu_low_level_flash_int.o
                0x0800acbc                SFU_LL_FLASH_INT_GetSector
 *fill*         0x0800acce        0x2 
 .text.SFU_LL_FLASH_INT_GetBank
                0x0800acd0       0x24 ./Application/SBSFU/Target/sfu_low_level_flash_int.o
                0x0800acd0                SFU_LL_FLASH_INT_GetBank
 .text.SFU_LL_FLASH_INT_Erase_Size
                0x0800acf4       0xfc ./Application/SBSFU/Target/sfu_low_level_flash_int.o
                0x0800acf4                SFU_LL_FLASH_INT_Erase_Size
 .text.NMI_Handler
                0x0800adf0        0x2 ./Application/SBSFU/Target/sfu_low_level_flash_int.o
                0x0800adf0                NMI_Handler
 *fill*         0x0800adf2        0x2 
 .text.HardFault_Handler
                0x0800adf4       0x70 ./Application/SBSFU/Target/sfu_low_level_flash_int.o
                0x0800adf4                HardFault_Handler
 .text.SFU_LL_SECU_CheckProtectionPCROP
                0x0800ae64       0x4c ./Application/SBSFU/Target/sfu_low_level_security.o
 .text.SFU_LL_SECU_CheckApplyStaticProtections
                0x0800aeb0      0x23c ./Application/SBSFU/Target/sfu_low_level_security.o
                0x0800aeb0                SFU_LL_SECU_CheckApplyStaticProtections
 .text.SFU_LL_SECU_GetResetSources
                0x0800b0ec       0x44 ./Application/SBSFU/Target/sfu_low_level_security.o
                0x0800b0ec                SFU_LL_SECU_GetResetSources
 .text.SFU_LL_SECU_ClearResetSources
                0x0800b130       0x14 ./Application/SBSFU/Target/sfu_low_level_security.o
                0x0800b130                SFU_LL_SECU_ClearResetSources
 .text.SFU_LL_SECU_IWDG_Refresh
                0x0800b144       0x20 ./Application/SBSFU/Target/sfu_low_level_security.o
                0x0800b144                SFU_LL_SECU_IWDG_Refresh
 .text.SFU_LL_SECU_SetProtectionMPU
                0x0800b164      0x130 ./Application/SBSFU/Target/sfu_low_level_security.o
                0x0800b164                SFU_LL_SECU_SetProtectionMPU
 .text.SFU_LL_SECU_SetProtectionMPU_SecUser
                0x0800b294       0x3c ./Application/SBSFU/Target/sfu_low_level_security.o
                0x0800b294                SFU_LL_SECU_SetProtectionMPU_SecUser
 .text.SFU_LL_SECU_SetProtectionDMA
                0x0800b2d0       0x84 ./Application/SBSFU/Target/sfu_low_level_security.o
                0x0800b2d0                SFU_LL_SECU_SetProtectionDMA
 .text.SFU_LL_SECU_SetProtectionDAP
                0x0800b354       0x64 ./Application/SBSFU/Target/sfu_low_level_security.o
                0x0800b354                SFU_LL_SECU_SetProtectionDAP
 .text.SFU_LL_SECU_SetProtectionANTI_TAMPER
                0x0800b3b8       0xc0 ./Application/SBSFU/Target/sfu_low_level_security.o
                0x0800b3b8                SFU_LL_SECU_SetProtectionANTI_TAMPER
 .text.SFU_LL_SECU_CheckApplyRuntimeProtections
                0x0800b478       0xc8 ./Application/SBSFU/Target/sfu_low_level_security.o
                0x0800b478                SFU_LL_SECU_CheckApplyRuntimeProtections
 .text.Reset_Handler
                0x0800b540       0x50 ./Application/Startup/startup_stm32h753xx.o
                0x0800b540                Reset_Handler
 .text.Default_Handler
                0x0800b590        0x2 ./Application/Startup/startup_stm32h753xx.o
                0x0800b590                RTC_Alarm_IRQHandler
                0x0800b590                HASH_RNG_IRQHandler
                0x0800b590                EXTI2_IRQHandler
                0x0800b590                TIM8_CC_IRQHandler
                0x0800b590                HRTIM1_Master_IRQHandler
                0x0800b590                UART8_IRQHandler
                0x0800b590                SPI4_IRQHandler
                0x0800b590                TIM1_CC_IRQHandler
                0x0800b590                BDMA_Channel6_IRQHandler
                0x0800b590                DMA2_Stream5_IRQHandler
                0x0800b590                HRTIM1_FLT_IRQHandler
                0x0800b590                JPEG_IRQHandler
                0x0800b590                DMA1_Stream5_IRQHandler
                0x0800b590                BDMA_Channel1_IRQHandler
                0x0800b590                HRTIM1_TIMD_IRQHandler
                0x0800b590                EXTI3_IRQHandler
                0x0800b590                LPTIM4_IRQHandler
                0x0800b590                TIM8_TRG_COM_TIM14_IRQHandler
                0x0800b590                LPTIM2_IRQHandler
                0x0800b590                DFSDM1_FLT1_IRQHandler
                0x0800b590                DMAMUX2_OVR_IRQHandler
                0x0800b590                TIM8_UP_TIM13_IRQHandler
                0x0800b590                I2C3_ER_IRQHandler
                0x0800b590                DFSDM1_FLT2_IRQHandler
                0x0800b590                MDMA_IRQHandler
                0x0800b590                LPTIM3_IRQHandler
                0x0800b590                HSEM1_IRQHandler
                0x0800b590                EXTI0_IRQHandler
                0x0800b590                I2C2_EV_IRQHandler
                0x0800b590                DMA1_Stream2_IRQHandler
                0x0800b590                FPU_IRQHandler
                0x0800b590                OTG_HS_WKUP_IRQHandler
                0x0800b590                FDCAN1_IT1_IRQHandler
                0x0800b590                LTDC_ER_IRQHandler
                0x0800b590                DMA2_Stream2_IRQHandler
                0x0800b590                HRTIM1_TIME_IRQHandler
                0x0800b590                SPI1_IRQHandler
                0x0800b590                TIM6_DAC_IRQHandler
                0x0800b590                DCMI_IRQHandler
                0x0800b590                HRTIM1_TIMC_IRQHandler
                0x0800b590                DMA2_Stream3_IRQHandler
                0x0800b590                SAI2_IRQHandler
                0x0800b590                DFSDM1_FLT3_IRQHandler
                0x0800b590                USART6_IRQHandler
                0x0800b590                TIM17_IRQHandler
                0x0800b590                USART3_IRQHandler
                0x0800b590                BDMA_Channel7_IRQHandler
                0x0800b590                CRYP_IRQHandler
                0x0800b590                LPTIM5_IRQHandler
                0x0800b590                UART5_IRQHandler
                0x0800b590                ADC3_IRQHandler
                0x0800b590                DMA2_Stream0_IRQHandler
                0x0800b590                TIM4_IRQHandler
                0x0800b590                BDMA_Channel2_IRQHandler
                0x0800b590                QUADSPI_IRQHandler
                0x0800b590                I2C1_EV_IRQHandler
                0x0800b590                DMA1_Stream6_IRQHandler
                0x0800b590                DMAMUX1_OVR_IRQHandler
                0x0800b590                DMA1_Stream1_IRQHandler
                0x0800b590                TIM16_IRQHandler
                0x0800b590                UART4_IRQHandler
                0x0800b590                BDMA_Channel5_IRQHandler
                0x0800b590                TIM3_IRQHandler
                0x0800b590                RCC_IRQHandler
                0x0800b590                TIM8_BRK_TIM12_IRQHandler
                0x0800b590                TIM1_TRG_COM_IRQHandler
                0x0800b590                Default_Handler
                0x0800b590                ECC_IRQHandler
                0x0800b590                CEC_IRQHandler
                0x0800b590                EXTI15_10_IRQHandler
                0x0800b590                BDMA_Channel0_IRQHandler
                0x0800b590                ADC_IRQHandler
                0x0800b590                DMA1_Stream7_IRQHandler
                0x0800b590                HRTIM1_TIMA_IRQHandler
                0x0800b590                SPI5_IRQHandler
                0x0800b590                TIM7_IRQHandler
                0x0800b590                SDMMC1_IRQHandler
                0x0800b590                TIM5_IRQHandler
                0x0800b590                DMA2_Stream7_IRQHandler
                0x0800b590                TIM15_IRQHandler
                0x0800b590                PVD_AVD_IRQHandler
                0x0800b590                I2C3_EV_IRQHandler
                0x0800b590                EXTI9_5_IRQHandler
                0x0800b590                RTC_WKUP_IRQHandler
                0x0800b590                LTDC_IRQHandler
                0x0800b590                SAI3_IRQHandler
                0x0800b590                ETH_WKUP_IRQHandler
                0x0800b590                SPDIF_RX_IRQHandler
                0x0800b590                SPI2_IRQHandler
                0x0800b590                OTG_HS_EP1_IN_IRQHandler
                0x0800b590                DMA1_Stream0_IRQHandler
                0x0800b590                CRS_IRQHandler
                0x0800b590                EXTI4_IRQHandler
                0x0800b590                HRTIM1_TIMB_IRQHandler
                0x0800b590                FDCAN2_IT1_IRQHandler
                0x0800b590                ETH_IRQHandler
                0x0800b590                TIM1_UP_IRQHandler
                0x0800b590                BDMA_Channel4_IRQHandler
                0x0800b590                OTG_HS_EP1_OUT_IRQHandler
                0x0800b590                WWDG_IRQHandler
                0x0800b590                SPI6_IRQHandler
                0x0800b590                MDIOS_IRQHandler
                0x0800b590                I2C4_EV_IRQHandler
                0x0800b590                FDCAN2_IT0_IRQHandler
                0x0800b590                LPUART1_IRQHandler
                0x0800b590                FDCAN1_IT0_IRQHandler
                0x0800b590                TIM2_IRQHandler
                0x0800b590                OTG_FS_WKUP_IRQHandler
                0x0800b590                OTG_HS_IRQHandler
                0x0800b590                DMA2D_IRQHandler
                0x0800b590                TIM1_BRK_IRQHandler
                0x0800b590                EXTI1_IRQHandler
                0x0800b590                SDMMC2_IRQHandler
                0x0800b590                OTG_FS_EP1_OUT_IRQHandler
                0x0800b590                BDMA_Channel3_IRQHandler
                0x0800b590                UART7_IRQHandler
                0x0800b590                MDIOS_WKUP_IRQHandler
                0x0800b590                USART2_IRQHandler
                0x0800b590                DFSDM1_FLT0_IRQHandler
                0x0800b590                SAI4_IRQHandler
                0x0800b590                I2C2_ER_IRQHandler
                0x0800b590                DMA2_Stream1_IRQHandler
                0x0800b590                FLASH_IRQHandler
                0x0800b590                DMA2_Stream4_IRQHandler
                0x0800b590                BusFault_Handler
                0x0800b590                USART1_IRQHandler
                0x0800b590                OTG_FS_IRQHandler
                0x0800b590                SPI3_IRQHandler
                0x0800b590                WAKEUP_PIN_IRQHandler
                0x0800b590                DMA1_Stream4_IRQHandler
                0x0800b590                OTG_FS_EP1_IN_IRQHandler
                0x0800b590                I2C1_ER_IRQHandler
                0x0800b590                FMC_IRQHandler
                0x0800b590                FDCAN_CAL_IRQHandler
                0x0800b590                SWPMI1_IRQHandler
                0x0800b590                COMP1_IRQHandler
                0x0800b590                LPTIM1_IRQHandler
                0x0800b590                I2C4_ER_IRQHandler
                0x0800b590                DMA2_Stream6_IRQHandler
                0x0800b590                SAI1_IRQHandler
                0x0800b590                DMA1_Stream3_IRQHandler
 *fill*         0x0800b592        0x2 
 .text.BSP_LED_Init
                0x0800b594       0x64 ./Drivers/BSP/STM32H7xx_Nucleo_144/stm32h7xx_nucleo_144.o
                0x0800b594                BSP_LED_Init
 .text.BSP_LED_Off
                0x0800b5f8       0x1c ./Drivers/BSP/STM32H7xx_Nucleo_144/stm32h7xx_nucleo_144.o
                0x0800b5f8                BSP_LED_Off
 .text.BSP_LED_Toggle
                0x0800b614       0x1c ./Drivers/BSP/STM32H7xx_Nucleo_144/stm32h7xx_nucleo_144.o
                0x0800b614                BSP_LED_Toggle
 .text.BSP_PB_Init
                0x0800b630       0x80 ./Drivers/BSP/STM32H7xx_Nucleo_144/stm32h7xx_nucleo_144.o
                0x0800b630                BSP_PB_Init
 .text.BSP_PB_GetState
                0x0800b6b0       0x18 ./Drivers/BSP/STM32H7xx_Nucleo_144/stm32h7xx_nucleo_144.o
                0x0800b6b0                BSP_PB_GetState
 .text.SystemInit
                0x0800b6c8       0xe4 ./Drivers/CMSIS/system_stm32h7xx.o
                0x0800b6c8                SystemInit
 .text.HAL_InitTick
                0x0800b7ac       0x48 ./Drivers/STM32H7xx_HAL_Driver/stm32h7xx_hal.o
                0x0800b7ac                HAL_InitTick
 .text.HAL_Init
                0x0800b7f4       0x5c ./Drivers/STM32H7xx_HAL_Driver/stm32h7xx_hal.o
                0x0800b7f4                HAL_Init
 .text.HAL_IncTick
                0x0800b850       0x18 ./Drivers/STM32H7xx_HAL_Driver/stm32h7xx_hal.o
                0x0800b850                HAL_IncTick
 .text.HAL_GetTick
                0x0800b868        0xc ./Drivers/STM32H7xx_HAL_Driver/stm32h7xx_hal.o
                0x0800b868                HAL_GetTick
 .text.HAL_Delay
                0x0800b874       0x24 ./Drivers/STM32H7xx_HAL_Driver/stm32h7xx_hal.o
                0x0800b874                HAL_Delay
 .text.HAL_SuspendTick
                0x0800b898        0xe ./Drivers/STM32H7xx_HAL_Driver/stm32h7xx_hal.o
                0x0800b898                HAL_SuspendTick
 *fill*         0x0800b8a6        0x2 
 .text.HAL_GetREVID
                0x0800b8a8        0xc ./Drivers/STM32H7xx_HAL_Driver/stm32h7xx_hal.o
                0x0800b8a8                HAL_GetREVID
 .text.HAL_NVIC_SetPriorityGrouping
                0x0800b8b4       0x24 ./Drivers/STM32H7xx_HAL_Driver/stm32h7xx_hal_cortex.o
                0x0800b8b4                HAL_NVIC_SetPriorityGrouping
 .text.HAL_NVIC_SetPriority
                0x0800b8d8       0x64 ./Drivers/STM32H7xx_HAL_Driver/stm32h7xx_hal_cortex.o
                0x0800b8d8                HAL_NVIC_SetPriority
 .text.HAL_NVIC_EnableIRQ
                0x0800b93c       0x1c ./Drivers/STM32H7xx_HAL_Driver/stm32h7xx_hal_cortex.o
                0x0800b93c                HAL_NVIC_EnableIRQ
 .text.HAL_NVIC_SystemReset
                0x0800b958       0x24 ./Drivers/STM32H7xx_HAL_Driver/stm32h7xx_hal_cortex.o
                0x0800b958                HAL_NVIC_SystemReset
 .text.HAL_SYSTICK_Config
                0x0800b97c       0x28 ./Drivers/STM32H7xx_HAL_Driver/stm32h7xx_hal_cortex.o
                0x0800b97c                HAL_SYSTICK_Config
 .text.HAL_MPU_Enable
                0x0800b9a4       0x20 ./Drivers/STM32H7xx_HAL_Driver/stm32h7xx_hal_cortex.o
                0x0800b9a4                HAL_MPU_Enable
 .text.HAL_MPU_ConfigRegion
                0x0800b9c4       0x58 ./Drivers/STM32H7xx_HAL_Driver/stm32h7xx_hal_cortex.o
                0x0800b9c4                HAL_MPU_ConfigRegion
 .text.CRC_Handle_8
                0x0800ba1c       0x5c ./Drivers/STM32H7xx_HAL_Driver/stm32h7xx_hal_crc.o
 .text.CRC_Handle_16
                0x0800ba78       0x2e ./Drivers/STM32H7xx_HAL_Driver/stm32h7xx_hal_crc.o
 .text.HAL_CRC_MspInit
                0x0800baa6        0x2 ./Drivers/STM32H7xx_HAL_Driver/stm32h7xx_hal_crc.o
                0x0800baa6                HAL_CRC_MspInit
 .text.HAL_CRC_Init
                0x0800baa8       0x74 ./Drivers/STM32H7xx_HAL_Driver/stm32h7xx_hal_crc.o
                0x0800baa8                HAL_CRC_Init
 .text.HAL_CRC_Calculate
                0x0800bb1c       0x48 ./Drivers/STM32H7xx_HAL_Driver/stm32h7xx_hal_crc.o
                0x0800bb1c                HAL_CRC_Calculate
 .text.HAL_CRCEx_Polynomial_Set
                0x0800bb64       0x4e ./Drivers/STM32H7xx_HAL_Driver/stm32h7xx_hal_crc_ex.o
                0x0800bb64                HAL_CRCEx_Polynomial_Set
 *fill*         0x0800bbb2        0x2 
 .text.HAL_FLASH_Unlock
                0x0800bbb4       0x4c ./Drivers/STM32H7xx_HAL_Driver/stm32h7xx_hal_flash.o
                0x0800bbb4                HAL_FLASH_Unlock
 .text.HAL_FLASH_Lock
                0x0800bc00       0x30 ./Drivers/STM32H7xx_HAL_Driver/stm32h7xx_hal_flash.o
                0x0800bc00                HAL_FLASH_Lock
 .text.HAL_FLASH_OB_Unlock
                0x0800bc30       0x24 ./Drivers/STM32H7xx_HAL_Driver/stm32h7xx_hal_flash.o
                0x0800bc30                HAL_FLASH_OB_Unlock
 .text.HAL_FLASH_OB_Lock
                0x0800bc54       0x18 ./Drivers/STM32H7xx_HAL_Driver/stm32h7xx_hal_flash.o
                0x0800bc54                HAL_FLASH_OB_Lock
 .text.FLASH_WaitForLastOperation
                0x0800bc6c       0xb8 ./Drivers/STM32H7xx_HAL_Driver/stm32h7xx_hal_flash.o
                0x0800bc6c                FLASH_WaitForLastOperation
 .text.HAL_FLASH_Program
                0x0800bd24       0xac ./Drivers/STM32H7xx_HAL_Driver/stm32h7xx_hal_flash.o
                0x0800bd24                HAL_FLASH_Program
 .text.FLASH_OB_WaitForLastOperation
                0x0800bdd0       0x50 ./Drivers/STM32H7xx_HAL_Driver/stm32h7xx_hal_flash.o
                0x0800bdd0                FLASH_OB_WaitForLastOperation
 .text.FLASH_CRC_WaitForLastOperation
                0x0800be20       0x90 ./Drivers/STM32H7xx_HAL_Driver/stm32h7xx_hal_flash.o
                0x0800be20                FLASH_CRC_WaitForLastOperation
 .text.HAL_FLASH_OB_Launch
                0x0800beb0       0x38 ./Drivers/STM32H7xx_HAL_Driver/stm32h7xx_hal_flash.o
                0x0800beb0                HAL_FLASH_OB_Launch
 .text.FLASH_MassErase
                0x0800bee8       0x84 ./Drivers/STM32H7xx_HAL_Driver/stm32h7xx_hal_flash_ex.o
 .text.HAL_FLASHEx_OBProgram
                0x0800bf6c      0x23c ./Drivers/STM32H7xx_HAL_Driver/stm32h7xx_hal_flash_ex.o
                0x0800bf6c                HAL_FLASHEx_OBProgram
 .text.HAL_FLASHEx_OBGetConfig
                0x0800c1a8       0xd0 ./Drivers/STM32H7xx_HAL_Driver/stm32h7xx_hal_flash_ex.o
                0x0800c1a8                HAL_FLASHEx_OBGetConfig
 .text.FLASH_Erase_Sector
                0x0800c278       0x48 ./Drivers/STM32H7xx_HAL_Driver/stm32h7xx_hal_flash_ex.o
                0x0800c278                FLASH_Erase_Sector
 .text.HAL_FLASHEx_Erase
                0x0800c2c0      0x124 ./Drivers/STM32H7xx_HAL_Driver/stm32h7xx_hal_flash_ex.o
                0x0800c2c0                HAL_FLASHEx_Erase
 .text.HAL_GPIO_Init
                0x0800c3e4      0x1d0 ./Drivers/STM32H7xx_HAL_Driver/stm32h7xx_hal_gpio.o
                0x0800c3e4                HAL_GPIO_Init
 .text.HAL_GPIO_ReadPin
                0x0800c5b4        0xc ./Drivers/STM32H7xx_HAL_Driver/stm32h7xx_hal_gpio.o
                0x0800c5b4                HAL_GPIO_ReadPin
 .text.HAL_GPIO_WritePin
                0x0800c5c0        0xa ./Drivers/STM32H7xx_HAL_Driver/stm32h7xx_hal_gpio.o
                0x0800c5c0                HAL_GPIO_WritePin
 .text.HAL_GPIO_TogglePin
                0x0800c5ca       0x12 ./Drivers/STM32H7xx_HAL_Driver/stm32h7xx_hal_gpio.o
                0x0800c5ca                HAL_GPIO_TogglePin
 .text.HAL_IWDG_Init
                0x0800c5dc       0x5e ./Drivers/STM32H7xx_HAL_Driver/stm32h7xx_hal_iwdg.o
                0x0800c5dc                HAL_IWDG_Init
 .text.HAL_IWDG_Refresh
                0x0800c63a        0xc ./Drivers/STM32H7xx_HAL_Driver/stm32h7xx_hal_iwdg.o
                0x0800c63a                HAL_IWDG_Refresh
 *fill*         0x0800c646        0x2 
 .text.HAL_PWR_EnableBkUpAccess
                0x0800c648       0x10 ./Drivers/STM32H7xx_HAL_Driver/stm32h7xx_hal_pwr.o
                0x0800c648                HAL_PWR_EnableBkUpAccess
 .text.HAL_PWREx_ConfigSupply
                0x0800c658       0x48 ./Drivers/STM32H7xx_HAL_Driver/stm32h7xx_hal_pwr_ex.o
                0x0800c658                HAL_PWREx_ConfigSupply
 .text.HAL_RCC_OscConfig
                0x0800c6a0      0x550 ./Drivers/STM32H7xx_HAL_Driver/stm32h7xx_hal_rcc.o
                0x0800c6a0                HAL_RCC_OscConfig
 .text.HAL_RCC_GetSysClockFreq
                0x0800cbf0      0x144 ./Drivers/STM32H7xx_HAL_Driver/stm32h7xx_hal_rcc.o
                0x0800cbf0                HAL_RCC_GetSysClockFreq
 .text.HAL_RCC_ClockConfig
                0x0800cd34      0x24c ./Drivers/STM32H7xx_HAL_Driver/stm32h7xx_hal_rcc.o
                0x0800cd34                HAL_RCC_ClockConfig
 .text.HAL_RCC_GetHCLKFreq
                0x0800cf80       0x44 ./Drivers/STM32H7xx_HAL_Driver/stm32h7xx_hal_rcc.o
                0x0800cf80                HAL_RCC_GetHCLKFreq
 .text.HAL_RCC_GetPCLK1Freq
                0x0800cfc4       0x24 ./Drivers/STM32H7xx_HAL_Driver/stm32h7xx_hal_rcc.o
                0x0800cfc4                HAL_RCC_GetPCLK1Freq
 .text.HAL_RCC_GetPCLK2Freq
                0x0800cfe8       0x24 ./Drivers/STM32H7xx_HAL_Driver/stm32h7xx_hal_rcc.o
                0x0800cfe8                HAL_RCC_GetPCLK2Freq
 .text.RCCEx_PLL2_Config
                0x0800d00c       0xec ./Drivers/STM32H7xx_HAL_Driver/stm32h7xx_hal_rcc_ex.o
 .text.RCCEx_PLL3_Config
                0x0800d0f8       0xec ./Drivers/STM32H7xx_HAL_Driver/stm32h7xx_hal_rcc_ex.o
 .text.HAL_RCCEx_PeriphCLKConfig
                0x0800d1e4      0x9cc ./Drivers/STM32H7xx_HAL_Driver/stm32h7xx_hal_rcc_ex.o
                0x0800d1e4                HAL_RCCEx_PeriphCLKConfig
 .text.HAL_RCCEx_GetD3PCLK1Freq
                0x0800dbb0       0x24 ./Drivers/STM32H7xx_HAL_Driver/stm32h7xx_hal_rcc_ex.o
                0x0800dbb0                HAL_RCCEx_GetD3PCLK1Freq
 .text.HAL_RCCEx_GetPLL2ClockFreq
                0x0800dbd4      0x154 ./Drivers/STM32H7xx_HAL_Driver/stm32h7xx_hal_rcc_ex.o
                0x0800dbd4                HAL_RCCEx_GetPLL2ClockFreq
 .text.HAL_RCCEx_GetPLL3ClockFreq
                0x0800dd28      0x154 ./Drivers/STM32H7xx_HAL_Driver/stm32h7xx_hal_rcc_ex.o
                0x0800dd28                HAL_RCCEx_GetPLL3ClockFreq
 .text.HAL_RTC_WaitForSynchro
                0x0800de7c       0x30 ./Drivers/STM32H7xx_HAL_Driver/stm32h7xx_hal_rtc.o
                0x0800de7c                HAL_RTC_WaitForSynchro
 .text.RTC_EnterInitMode
                0x0800deac       0x48 ./Drivers/STM32H7xx_HAL_Driver/stm32h7xx_hal_rtc.o
                0x0800deac                RTC_EnterInitMode
 .text.RTC_ExitInitMode
                0x0800def4       0x44 ./Drivers/STM32H7xx_HAL_Driver/stm32h7xx_hal_rtc.o
                0x0800def4                RTC_ExitInitMode
 .text.HAL_RTC_Init
                0x0800df38       0x98 ./Drivers/STM32H7xx_HAL_Driver/stm32h7xx_hal_rtc.o
                0x0800df38                HAL_RTC_Init
 .text.HAL_RTCEx_SetTamper_IT
                0x0800dfd0       0xda ./Drivers/STM32H7xx_HAL_Driver/stm32h7xx_hal_rtc_ex.o
                0x0800dfd0                HAL_RTCEx_SetTamper_IT
 .text.HAL_RTCEx_TimeStampEventCallback
                0x0800e0aa        0x2 ./Drivers/STM32H7xx_HAL_Driver/stm32h7xx_hal_rtc_ex.o
                0x0800e0aa                HAL_RTCEx_TimeStampEventCallback
 .text.HAL_RTCEx_Tamper1EventCallback
                0x0800e0ac        0x2 ./Drivers/STM32H7xx_HAL_Driver/stm32h7xx_hal_rtc_ex.o
                0x0800e0ac                HAL_RTCEx_Tamper1EventCallback
 .text.HAL_RTCEx_Tamper2EventCallback
                0x0800e0ae        0x2 ./Drivers/STM32H7xx_HAL_Driver/stm32h7xx_hal_rtc_ex.o
                0x0800e0ae                HAL_RTCEx_Tamper2EventCallback
 .text.HAL_RTCEx_TamperTimeStampIRQHandler
                0x0800e0b0       0xb0 ./Drivers/STM32H7xx_HAL_Driver/stm32h7xx_hal_rtc_ex.o
                0x0800e0b0                HAL_RTCEx_TamperTimeStampIRQHandler
 .text.UART_EndRxTransfer
                0x0800e160       0x58 ./Drivers/STM32H7xx_HAL_Driver/stm32h7xx_hal_uart.o
 .text.UART_SetConfig
                0x0800e1b8      0x2fc ./Drivers/STM32H7xx_HAL_Driver/stm32h7xx_hal_uart.o
                0x0800e1b8                UART_SetConfig
 .text.UART_AdvFeatureConfig
                0x0800e4b4       0xaa ./Drivers/STM32H7xx_HAL_Driver/stm32h7xx_hal_uart.o
                0x0800e4b4                UART_AdvFeatureConfig
 .text.UART_WaitOnFlagUntilTimeout
                0x0800e55e       0x90 ./Drivers/STM32H7xx_HAL_Driver/stm32h7xx_hal_uart.o
                0x0800e55e                UART_WaitOnFlagUntilTimeout
 .text.HAL_UART_Transmit
                0x0800e5ee       0xaa ./Drivers/STM32H7xx_HAL_Driver/stm32h7xx_hal_uart.o
                0x0800e5ee                HAL_UART_Transmit
 .text.HAL_UART_Receive
                0x0800e698       0xd6 ./Drivers/STM32H7xx_HAL_Driver/stm32h7xx_hal_uart.o
                0x0800e698                HAL_UART_Receive
 .text.UART_CheckIdleState
                0x0800e76e       0xb6 ./Drivers/STM32H7xx_HAL_Driver/stm32h7xx_hal_uart.o
                0x0800e76e                UART_CheckIdleState
 .text.HAL_UART_Init
                0x0800e824       0x60 ./Drivers/STM32H7xx_HAL_Driver/stm32h7xx_hal_uart.o
                0x0800e824                HAL_UART_Init
 .text.std      0x0800e884       0x6c C:/ST/STM32CubeIDE_1.17.0/STM32CubeIDE/plugins/com.st.stm32cube.ide.mcu.externaltools.gnu-tools-for-stm32.13.3.rel1.win32_1.0.0.202411081344/tools/bin/../lib/gcc/arm-none-eabi/13.3.1/../../../../arm-none-eabi/lib/thumb/v7e-m+dp/hard\libc_nano.a(libc_a-findfp.o)
 .text.stdio_exit_handler
                0x0800e8f0       0x18 C:/ST/STM32CubeIDE_1.17.0/STM32CubeIDE/plugins/com.st.stm32cube.ide.mcu.externaltools.gnu-tools-for-stm32.13.3.rel1.win32_1.0.0.202411081344/tools/bin/../lib/gcc/arm-none-eabi/13.3.1/../../../../arm-none-eabi/lib/thumb/v7e-m+dp/hard\libc_nano.a(libc_a-findfp.o)
 .text.cleanup_stdio
                0x0800e908       0x40 C:/ST/STM32CubeIDE_1.17.0/STM32CubeIDE/plugins/com.st.stm32cube.ide.mcu.externaltools.gnu-tools-for-stm32.13.3.rel1.win32_1.0.0.202411081344/tools/bin/../lib/gcc/arm-none-eabi/13.3.1/../../../../arm-none-eabi/lib/thumb/v7e-m+dp/hard\libc_nano.a(libc_a-findfp.o)
 .text.global_stdio_init.part.0
                0x0800e948       0x3c C:/ST/STM32CubeIDE_1.17.0/STM32CubeIDE/plugins/com.st.stm32cube.ide.mcu.externaltools.gnu-tools-for-stm32.13.3.rel1.win32_1.0.0.202411081344/tools/bin/../lib/gcc/arm-none-eabi/13.3.1/../../../../arm-none-eabi/lib/thumb/v7e-m+dp/hard\libc_nano.a(libc_a-findfp.o)
 .text.__sfp_lock_acquire
                0x0800e984        0xc C:/ST/STM32CubeIDE_1.17.0/STM32CubeIDE/plugins/com.st.stm32cube.ide.mcu.externaltools.gnu-tools-for-stm32.13.3.rel1.win32_1.0.0.202411081344/tools/bin/../lib/gcc/arm-none-eabi/13.3.1/../../../../arm-none-eabi/lib/thumb/v7e-m+dp/hard\libc_nano.a(libc_a-findfp.o)
                0x0800e984                __sfp_lock_acquire
 .text.__sfp_lock_release
                0x0800e990        0xc C:/ST/STM32CubeIDE_1.17.0/STM32CubeIDE/plugins/com.st.stm32cube.ide.mcu.externaltools.gnu-tools-for-stm32.13.3.rel1.win32_1.0.0.202411081344/tools/bin/../lib/gcc/arm-none-eabi/13.3.1/../../../../arm-none-eabi/lib/thumb/v7e-m+dp/hard\libc_nano.a(libc_a-findfp.o)
                0x0800e990                __sfp_lock_release
 .text.__sinit  0x0800e99c       0x30 C:/ST/STM32CubeIDE_1.17.0/STM32CubeIDE/plugins/com.st.stm32cube.ide.mcu.externaltools.gnu-tools-for-stm32.13.3.rel1.win32_1.0.0.202411081344/tools/bin/../lib/gcc/arm-none-eabi/13.3.1/../../../../arm-none-eabi/lib/thumb/v7e-m+dp/hard\libc_nano.a(libc_a-findfp.o)
                0x0800e99c                __sinit
 .text._fwalk_sglue
                0x0800e9cc       0x3c C:/ST/STM32CubeIDE_1.17.0/STM32CubeIDE/plugins/com.st.stm32cube.ide.mcu.externaltools.gnu-tools-for-stm32.13.3.rel1.win32_1.0.0.202411081344/tools/bin/../lib/gcc/arm-none-eabi/13.3.1/../../../../arm-none-eabi/lib/thumb/v7e-m+dp/hard\libc_nano.a(libc_a-fwalk.o)
                0x0800e9cc                _fwalk_sglue
 .text.printf   0x0800ea08       0x24 C:/ST/STM32CubeIDE_1.17.0/STM32CubeIDE/plugins/com.st.stm32cube.ide.mcu.externaltools.gnu-tools-for-stm32.13.3.rel1.win32_1.0.0.202411081344/tools/bin/../lib/gcc/arm-none-eabi/13.3.1/../../../../arm-none-eabi/lib/thumb/v7e-m+dp/hard\libc_nano.a(libc_a-printf.o)
                0x0800ea08                iprintf
                0x0800ea08                printf
 .text._puts_r  0x0800ea2c       0xaa C:/ST/STM32CubeIDE_1.17.0/STM32CubeIDE/plugins/com.st.stm32cube.ide.mcu.externaltools.gnu-tools-for-stm32.13.3.rel1.win32_1.0.0.202411081344/tools/bin/../lib/gcc/arm-none-eabi/13.3.1/../../../../arm-none-eabi/lib/thumb/v7e-m+dp/hard\libc_nano.a(libc_a-puts.o)
                0x0800ea2c                _puts_r
 *fill*         0x0800ead6        0x2 
 .text.puts     0x0800ead8       0x10 C:/ST/STM32CubeIDE_1.17.0/STM32CubeIDE/plugins/com.st.stm32cube.ide.mcu.externaltools.gnu-tools-for-stm32.13.3.rel1.win32_1.0.0.202411081344/tools/bin/../lib/gcc/arm-none-eabi/13.3.1/../../../../arm-none-eabi/lib/thumb/v7e-m+dp/hard\libc_nano.a(libc_a-puts.o)
                0x0800ead8                puts
 .text.setvbuf  0x0800eae8      0x168 C:/ST/STM32CubeIDE_1.17.0/STM32CubeIDE/plugins/com.st.stm32cube.ide.mcu.externaltools.gnu-tools-for-stm32.13.3.rel1.win32_1.0.0.202411081344/tools/bin/../lib/gcc/arm-none-eabi/13.3.1/../../../../arm-none-eabi/lib/thumb/v7e-m+dp/hard\libc_nano.a(libc_a-setvbuf.o)
                0x0800eae8                setvbuf
 .text.__sread  0x0800ec50       0x22 C:/ST/STM32CubeIDE_1.17.0/STM32CubeIDE/plugins/com.st.stm32cube.ide.mcu.externaltools.gnu-tools-for-stm32.13.3.rel1.win32_1.0.0.202411081344/tools/bin/../lib/gcc/arm-none-eabi/13.3.1/../../../../arm-none-eabi/lib/thumb/v7e-m+dp/hard\libc_nano.a(libc_a-stdio.o)
                0x0800ec50                __sread
 .text.__swrite
                0x0800ec72       0x38 C:/ST/STM32CubeIDE_1.17.0/STM32CubeIDE/plugins/com.st.stm32cube.ide.mcu.externaltools.gnu-tools-for-stm32.13.3.rel1.win32_1.0.0.202411081344/tools/bin/../lib/gcc/arm-none-eabi/13.3.1/../../../../arm-none-eabi/lib/thumb/v7e-m+dp/hard\libc_nano.a(libc_a-stdio.o)
                0x0800ec72                __swrite
 .text.__sseek  0x0800ecaa       0x24 C:/ST/STM32CubeIDE_1.17.0/STM32CubeIDE/plugins/com.st.stm32cube.ide.mcu.externaltools.gnu-tools-for-stm32.13.3.rel1.win32_1.0.0.202411081344/tools/bin/../lib/gcc/arm-none-eabi/13.3.1/../../../../arm-none-eabi/lib/thumb/v7e-m+dp/hard\libc_nano.a(libc_a-stdio.o)
                0x0800ecaa                __sseek
 .text.__sclose
                0x0800ecce        0x8 C:/ST/STM32CubeIDE_1.17.0/STM32CubeIDE/plugins/com.st.stm32cube.ide.mcu.externaltools.gnu-tools-for-stm32.13.3.rel1.win32_1.0.0.202411081344/tools/bin/../lib/gcc/arm-none-eabi/13.3.1/../../../../arm-none-eabi/lib/thumb/v7e-m+dp/hard\libc_nano.a(libc_a-stdio.o)
                0x0800ecce                __sclose
 .text.__swbuf_r
                0x0800ecd6       0x7c C:/ST/STM32CubeIDE_1.17.0/STM32CubeIDE/plugins/com.st.stm32cube.ide.mcu.externaltools.gnu-tools-for-stm32.13.3.rel1.win32_1.0.0.202411081344/tools/bin/../lib/gcc/arm-none-eabi/13.3.1/../../../../arm-none-eabi/lib/thumb/v7e-m+dp/hard\libc_nano.a(libc_a-wbuf.o)
                0x0800ecd6                __swbuf_r
 *fill*         0x0800ed52        0x2 
 .text.__swsetup_r
                0x0800ed54       0xac C:/ST/STM32CubeIDE_1.17.0/STM32CubeIDE/plugins/com.st.stm32cube.ide.mcu.externaltools.gnu-tools-for-stm32.13.3.rel1.win32_1.0.0.202411081344/tools/bin/../lib/gcc/arm-none-eabi/13.3.1/../../../../arm-none-eabi/lib/thumb/v7e-m+dp/hard\libc_nano.a(libc_a-wsetup.o)
                0x0800ed54                __swsetup_r
 .text.memcmp   0x0800ee00       0x20 C:/ST/STM32CubeIDE_1.17.0/STM32CubeIDE/plugins/com.st.stm32cube.ide.mcu.externaltools.gnu-tools-for-stm32.13.3.rel1.win32_1.0.0.202411081344/tools/bin/../lib/gcc/arm-none-eabi/13.3.1/../../../../arm-none-eabi/lib/thumb/v7e-m+dp/hard\libc_nano.a(libc_a-memcmp.o)
                0x0800ee00                memcmp
 .text.memset   0x0800ee20       0x10 C:/ST/STM32CubeIDE_1.17.0/STM32CubeIDE/plugins/com.st.stm32cube.ide.mcu.externaltools.gnu-tools-for-stm32.13.3.rel1.win32_1.0.0.202411081344/tools/bin/../lib/gcc/arm-none-eabi/13.3.1/../../../../arm-none-eabi/lib/thumb/v7e-m+dp/hard\libc_nano.a(libc_a-memset.o)
                0x0800ee20                memset
 .text._close_r
                0x0800ee30       0x20 C:/ST/STM32CubeIDE_1.17.0/STM32CubeIDE/plugins/com.st.stm32cube.ide.mcu.externaltools.gnu-tools-for-stm32.13.3.rel1.win32_1.0.0.202411081344/tools/bin/../lib/gcc/arm-none-eabi/13.3.1/../../../../arm-none-eabi/lib/thumb/v7e-m+dp/hard\libc_nano.a(libc_a-closer.o)
                0x0800ee30                _close_r
 .text._lseek_r
                0x0800ee50       0x24 C:/ST/STM32CubeIDE_1.17.0/STM32CubeIDE/plugins/com.st.stm32cube.ide.mcu.externaltools.gnu-tools-for-stm32.13.3.rel1.win32_1.0.0.202411081344/tools/bin/../lib/gcc/arm-none-eabi/13.3.1/../../../../arm-none-eabi/lib/thumb/v7e-m+dp/hard\libc_nano.a(libc_a-lseekr.o)
                0x0800ee50                _lseek_r
 .text._read_r  0x0800ee74       0x24 C:/ST/STM32CubeIDE_1.17.0/STM32CubeIDE/plugins/com.st.stm32cube.ide.mcu.externaltools.gnu-tools-for-stm32.13.3.rel1.win32_1.0.0.202411081344/tools/bin/../lib/gcc/arm-none-eabi/13.3.1/../../../../arm-none-eabi/lib/thumb/v7e-m+dp/hard\libc_nano.a(libc_a-readr.o)
                0x0800ee74                _read_r
 .text._write_r
                0x0800ee98       0x24 C:/ST/STM32CubeIDE_1.17.0/STM32CubeIDE/plugins/com.st.stm32cube.ide.mcu.externaltools.gnu-tools-for-stm32.13.3.rel1.win32_1.0.0.202411081344/tools/bin/../lib/gcc/arm-none-eabi/13.3.1/../../../../arm-none-eabi/lib/thumb/v7e-m+dp/hard\libc_nano.a(libc_a-writer.o)
                0x0800ee98                _write_r
 .text.__errno  0x0800eebc        0xc C:/ST/STM32CubeIDE_1.17.0/STM32CubeIDE/plugins/com.st.stm32cube.ide.mcu.externaltools.gnu-tools-for-stm32.13.3.rel1.win32_1.0.0.202411081344/tools/bin/../lib/gcc/arm-none-eabi/13.3.1/../../../../arm-none-eabi/lib/thumb/v7e-m+dp/hard\libc_nano.a(libc_a-errno.o)
                0x0800eebc                __errno
 .text.__libc_init_array
                0x0800eec8       0x48 C:/ST/STM32CubeIDE_1.17.0/STM32CubeIDE/plugins/com.st.stm32cube.ide.mcu.externaltools.gnu-tools-for-stm32.13.3.rel1.win32_1.0.0.202411081344/tools/bin/../lib/gcc/arm-none-eabi/13.3.1/../../../../arm-none-eabi/lib/thumb/v7e-m+dp/hard\libc_nano.a(libc_a-init.o)
                0x0800eec8                __libc_init_array
 .text.__retarget_lock_init_recursive
                0x0800ef10        0x2 C:/ST/STM32CubeIDE_1.17.0/STM32CubeIDE/plugins/com.st.stm32cube.ide.mcu.externaltools.gnu-tools-for-stm32.13.3.rel1.win32_1.0.0.202411081344/tools/bin/../lib/gcc/arm-none-eabi/13.3.1/../../../../arm-none-eabi/lib/thumb/v7e-m+dp/hard\libc_nano.a(libc_a-lock.o)
                0x0800ef10                __retarget_lock_init_recursive
 .text.__retarget_lock_acquire_recursive
                0x0800ef12        0x2 C:/ST/STM32CubeIDE_1.17.0/STM32CubeIDE/plugins/com.st.stm32cube.ide.mcu.externaltools.gnu-tools-for-stm32.13.3.rel1.win32_1.0.0.202411081344/tools/bin/../lib/gcc/arm-none-eabi/13.3.1/../../../../arm-none-eabi/lib/thumb/v7e-m+dp/hard\libc_nano.a(libc_a-lock.o)
                0x0800ef12                __retarget_lock_acquire_recursive
 .text.__retarget_lock_release_recursive
                0x0800ef14        0x2 C:/ST/STM32CubeIDE_1.17.0/STM32CubeIDE/plugins/com.st.stm32cube.ide.mcu.externaltools.gnu-tools-for-stm32.13.3.rel1.win32_1.0.0.202411081344/tools/bin/../lib/gcc/arm-none-eabi/13.3.1/../../../../arm-none-eabi/lib/thumb/v7e-m+dp/hard\libc_nano.a(libc_a-lock.o)
                0x0800ef14                __retarget_lock_release_recursive
 .text.memcpy   0x0800ef16       0x1c C:/ST/STM32CubeIDE_1.17.0/STM32CubeIDE/plugins/com.st.stm32cube.ide.mcu.externaltools.gnu-tools-for-stm32.13.3.rel1.win32_1.0.0.202411081344/tools/bin/../lib/gcc/arm-none-eabi/13.3.1/../../../../arm-none-eabi/lib/thumb/v7e-m+dp/hard\libc_nano.a(libc_a-memcpy-stub.o)
                0x0800ef16                memcpy
 *fill*         0x0800ef32        0x2 
 .text._free_r  0x0800ef34       0x94 C:/ST/STM32CubeIDE_1.17.0/STM32CubeIDE/plugins/com.st.stm32cube.ide.mcu.externaltools.gnu-tools-for-stm32.13.3.rel1.win32_1.0.0.202411081344/tools/bin/../lib/gcc/arm-none-eabi/13.3.1/../../../../arm-none-eabi/lib/thumb/v7e-m+dp/hard\libc_nano.a(libc_a-freer.o)
                0x0800ef34                _free_r
 .text.malloc   0x0800efc8       0x10 C:/ST/STM32CubeIDE_1.17.0/STM32CubeIDE/plugins/com.st.stm32cube.ide.mcu.externaltools.gnu-tools-for-stm32.13.3.rel1.win32_1.0.0.202411081344/tools/bin/../lib/gcc/arm-none-eabi/13.3.1/../../../../arm-none-eabi/lib/thumb/v7e-m+dp/hard\libc_nano.a(libc_a-malloc.o)
                0x0800efc8                malloc
 .text.sbrk_aligned
                0x0800efd8       0x44 C:/ST/STM32CubeIDE_1.17.0/STM32CubeIDE/plugins/com.st.stm32cube.ide.mcu.externaltools.gnu-tools-for-stm32.13.3.rel1.win32_1.0.0.202411081344/tools/bin/../lib/gcc/arm-none-eabi/13.3.1/../../../../arm-none-eabi/lib/thumb/v7e-m+dp/hard\libc_nano.a(libc_a-mallocr.o)
 .text._malloc_r
                0x0800f01c      0x100 C:/ST/STM32CubeIDE_1.17.0/STM32CubeIDE/plugins/com.st.stm32cube.ide.mcu.externaltools.gnu-tools-for-stm32.13.3.rel1.win32_1.0.0.202411081344/tools/bin/../lib/gcc/arm-none-eabi/13.3.1/../../../../arm-none-eabi/lib/thumb/v7e-m+dp/hard\libc_nano.a(libc_a-mallocr.o)
                0x0800f01c                _malloc_r
 .text.__malloc_lock
                0x0800f11c        0xc C:/ST/STM32CubeIDE_1.17.0/STM32CubeIDE/plugins/com.st.stm32cube.ide.mcu.externaltools.gnu-tools-for-stm32.13.3.rel1.win32_1.0.0.202411081344/tools/bin/../lib/gcc/arm-none-eabi/13.3.1/../../../../arm-none-eabi/lib/thumb/v7e-m+dp/hard\libc_nano.a(libc_a-mlock.o)
                0x0800f11c                __malloc_lock
 .text.__malloc_unlock
                0x0800f128        0xc C:/ST/STM32CubeIDE_1.17.0/STM32CubeIDE/plugins/com.st.stm32cube.ide.mcu.externaltools.gnu-tools-for-stm32.13.3.rel1.win32_1.0.0.202411081344/tools/bin/../lib/gcc/arm-none-eabi/13.3.1/../../../../arm-none-eabi/lib/thumb/v7e-m+dp/hard\libc_nano.a(libc_a-mlock.o)
                0x0800f128                __malloc_unlock
 .text.__sfputc_r
                0x0800f134       0x2e C:/ST/STM32CubeIDE_1.17.0/STM32CubeIDE/plugins/com.st.stm32cube.ide.mcu.externaltools.gnu-tools-for-stm32.13.3.rel1.win32_1.0.0.202411081344/tools/bin/../lib/gcc/arm-none-eabi/13.3.1/../../../../arm-none-eabi/lib/thumb/v7e-m+dp/hard\libc_nano.a(libc_a-nano-vfprintf.o)
 .text.__sfputs_r
                0x0800f162       0x24 C:/ST/STM32CubeIDE_1.17.0/STM32CubeIDE/plugins/com.st.stm32cube.ide.mcu.externaltools.gnu-tools-for-stm32.13.3.rel1.win32_1.0.0.202411081344/tools/bin/../lib/gcc/arm-none-eabi/13.3.1/../../../../arm-none-eabi/lib/thumb/v7e-m+dp/hard\libc_nano.a(libc_a-nano-vfprintf.o)
                0x0800f162                __sfputs_r
 *fill*         0x0800f186        0x2 
 .text._vfprintf_r
                0x0800f188      0x230 C:/ST/STM32CubeIDE_1.17.0/STM32CubeIDE/plugins/com.st.stm32cube.ide.mcu.externaltools.gnu-tools-for-stm32.13.3.rel1.win32_1.0.0.202411081344/tools/bin/../lib/gcc/arm-none-eabi/13.3.1/../../../../arm-none-eabi/lib/thumb/v7e-m+dp/hard\libc_nano.a(libc_a-nano-vfprintf.o)
                0x0800f188                _vfprintf_r
                0x0800f188                _vfiprintf_r
 .text._printf_common
                0x0800f3b8       0xda C:/ST/STM32CubeIDE_1.17.0/STM32CubeIDE/plugins/com.st.stm32cube.ide.mcu.externaltools.gnu-tools-for-stm32.13.3.rel1.win32_1.0.0.202411081344/tools/bin/../lib/gcc/arm-none-eabi/13.3.1/../../../../arm-none-eabi/lib/thumb/v7e-m+dp/hard\libc_nano.a(libc_a-nano-vfprintf_i.o)
                0x0800f3b8                _printf_common
 *fill*         0x0800f492        0x2 
 .text._printf_i
                0x0800f494      0x23c C:/ST/STM32CubeIDE_1.17.0/STM32CubeIDE/plugins/com.st.stm32cube.ide.mcu.externaltools.gnu-tools-for-stm32.13.3.rel1.win32_1.0.0.202411081344/tools/bin/../lib/gcc/arm-none-eabi/13.3.1/../../../../arm-none-eabi/lib/thumb/v7e-m+dp/hard\libc_nano.a(libc_a-nano-vfprintf_i.o)
                0x0800f494                _printf_i
 .text.__sflush_r
                0x0800f6d0      0x108 C:/ST/STM32CubeIDE_1.17.0/STM32CubeIDE/plugins/com.st.stm32cube.ide.mcu.externaltools.gnu-tools-for-stm32.13.3.rel1.win32_1.0.0.202411081344/tools/bin/../lib/gcc/arm-none-eabi/13.3.1/../../../../arm-none-eabi/lib/thumb/v7e-m+dp/hard\libc_nano.a(libc_a-fflush.o)
                0x0800f6d0                __sflush_r
 .text._fflush_r
                0x0800f7d8       0x50 C:/ST/STM32CubeIDE_1.17.0/STM32CubeIDE/plugins/com.st.stm32cube.ide.mcu.externaltools.gnu-tools-for-stm32.13.3.rel1.win32_1.0.0.202411081344/tools/bin/../lib/gcc/arm-none-eabi/13.3.1/../../../../arm-none-eabi/lib/thumb/v7e-m+dp/hard\libc_nano.a(libc_a-fflush.o)
                0x0800f7d8                _fflush_r
 .text.__swhatbuf_r
                0x0800f828       0x4c C:/ST/STM32CubeIDE_1.17.0/STM32CubeIDE/plugins/com.st.stm32cube.ide.mcu.externaltools.gnu-tools-for-stm32.13.3.rel1.win32_1.0.0.202411081344/tools/bin/../lib/gcc/arm-none-eabi/13.3.1/../../../../arm-none-eabi/lib/thumb/v7e-m+dp/hard\libc_nano.a(libc_a-makebuf.o)
                0x0800f828                __swhatbuf_r
 .text.__smakebuf_r
                0x0800f874       0x78 C:/ST/STM32CubeIDE_1.17.0/STM32CubeIDE/plugins/com.st.stm32cube.ide.mcu.externaltools.gnu-tools-for-stm32.13.3.rel1.win32_1.0.0.202411081344/tools/bin/../lib/gcc/arm-none-eabi/13.3.1/../../../../arm-none-eabi/lib/thumb/v7e-m+dp/hard\libc_nano.a(libc_a-makebuf.o)
                0x0800f874                __smakebuf_r
 .text._fstat_r
                0x0800f8ec       0x24 C:/ST/STM32CubeIDE_1.17.0/STM32CubeIDE/plugins/com.st.stm32cube.ide.mcu.externaltools.gnu-tools-for-stm32.13.3.rel1.win32_1.0.0.202411081344/tools/bin/../lib/gcc/arm-none-eabi/13.3.1/../../../../arm-none-eabi/lib/thumb/v7e-m+dp/hard\libc_nano.a(libc_a-fstatr.o)
                0x0800f8ec                _fstat_r
 .text._isatty_r
                0x0800f910       0x20 C:/ST/STM32CubeIDE_1.17.0/STM32CubeIDE/plugins/com.st.stm32cube.ide.mcu.externaltools.gnu-tools-for-stm32.13.3.rel1.win32_1.0.0.202411081344/tools/bin/../lib/gcc/arm-none-eabi/13.3.1/../../../../arm-none-eabi/lib/thumb/v7e-m+dp/hard\libc_nano.a(libc_a-isattyr.o)
                0x0800f910                _isatty_r
 .text._sbrk_r  0x0800f930       0x20 C:/ST/STM32CubeIDE_1.17.0/STM32CubeIDE/plugins/com.st.stm32cube.ide.mcu.externaltools.gnu-tools-for-stm32.13.3.rel1.win32_1.0.0.202411081344/tools/bin/../lib/gcc/arm-none-eabi/13.3.1/../../../../arm-none-eabi/lib/thumb/v7e-m+dp/hard\libc_nano.a(libc_a-sbrkr.o)
                0x0800f930                _sbrk_r
 *(.glue_7)
 .glue_7        0x0800f950        0x0 linker stubs
 *(.glue_7t)
 .glue_7t       0x0800f950        0x0 linker stubs
 *(.eh_frame)
 .eh_frame      0x0800f950        0x0 C:/ST/STM32CubeIDE_1.17.0/STM32CubeIDE/plugins/com.st.stm32cube.ide.mcu.externaltools.gnu-tools-for-stm32.13.3.rel1.win32_1.0.0.202411081344/tools/bin/../lib/gcc/arm-none-eabi/13.3.1/thumb/v7e-m+dp/hard/crtbegin.o
 *(.init)
 .init          0x0800f950        0x4 C:/ST/STM32CubeIDE_1.17.0/STM32CubeIDE/plugins/com.st.stm32cube.ide.mcu.externaltools.gnu-tools-for-stm32.13.3.rel1.win32_1.0.0.202411081344/tools/bin/../lib/gcc/arm-none-eabi/13.3.1/thumb/v7e-m+dp/hard/crti.o
                0x0800f950                _init
 .init          0x0800f954        0x8 C:/ST/STM32CubeIDE_1.17.0/STM32CubeIDE/plugins/com.st.stm32cube.ide.mcu.externaltools.gnu-tools-for-stm32.13.3.rel1.win32_1.0.0.202411081344/tools/bin/../lib/gcc/arm-none-eabi/13.3.1/thumb/v7e-m+dp/hard/crtn.o
 *(.fini)
 .fini          0x0800f95c        0x4 C:/ST/STM32CubeIDE_1.17.0/STM32CubeIDE/plugins/com.st.stm32cube.ide.mcu.externaltools.gnu-tools-for-stm32.13.3.rel1.win32_1.0.0.202411081344/tools/bin/../lib/gcc/arm-none-eabi/13.3.1/thumb/v7e-m+dp/hard/crti.o
                0x0800f95c                _fini
 .fini          0x0800f960        0x8 C:/ST/STM32CubeIDE_1.17.0/STM32CubeIDE/plugins/com.st.stm32cube.ide.mcu.externaltools.gnu-tools-for-stm32.13.3.rel1.win32_1.0.0.202411081344/tools/bin/../lib/gcc/arm-none-eabi/13.3.1/thumb/v7e-m+dp/hard/crtn.o
 .fini.__stub   0x0800f968        0x8 linker stubs
                0x0800f970                        . = ALIGN (0x8)
                0x0800f970                        _etext = .

.vfp11_veneer   0x0800f970        0x0
 .vfp11_veneer  0x0800f970        0x0 linker stubs

.v4_bx          0x0800f970        0x0
 .v4_bx         0x0800f970        0x0 linker stubs

.iplt           0x0800f970        0x0
 .iplt          0x0800f970        0x0 C:/ST/STM32CubeIDE_1.17.0/STM32CubeIDE/plugins/com.st.stm32cube.ide.mcu.externaltools.gnu-tools-for-stm32.13.3.rel1.win32_1.0.0.202411081344/tools/bin/../lib/gcc/arm-none-eabi/13.3.1/thumb/v7e-m+dp/hard/crtbegin.o

.rodata         0x0800f970      0xba0
                0x0800f970                        . = ALIGN (0x8)
 *(.rodata)
 .rodata        0x0800f970       0x20 ./Application/SBSFU/App/sfu_boot.o
 .rodata        0x0800f990       0x44 ./Application/SBSFU/App/sfu_error.o
 .rodata        0x0800f9d4       0x60 ./Application/SBSFU/App/sfu_fwimg_common.o
                0x0800f9d4                SlotStartAdd
                0x0800f9f4                SlotEndAdd
                0x0800fa14                SlotHeaderAdd
 .rodata        0x0800fa34       0x87 ./Application/SBSFU/App/sfu_loader.o
 *fill*         0x0800fabb        0x1 
 .rodata        0x0800fabc       0x80 ./Application/SBSFU/Target/sfu_low_level_security.o
 .rodata        0x0800fb3c        0xa ./Drivers/BSP/STM32H7xx_Nucleo_144/stm32h7xx_nucleo_144.o
                0x0800fb3c                GPIO_PIN
                0x0800fb42                BUTTON_IRQn
                0x0800fb44                BUTTON_PIN
 .rodata        0x0800fb46       0x10 ./Drivers/CMSIS/system_stm32h7xx.o
                0x0800fb46                D1CorePrescTable
 .rodata        0x0800fb56       0x18 ./Drivers/STM32H7xx_HAL_Driver/stm32h7xx_hal_uart.o
                0x0800fb56                UARTPrescTable
 *(.rodata*)
 .rodata.str1.1
                0x0800fb6e      0x99b ./Application/SBSFU/App/sfu_boot.o
                                0x626 (size before relaxing)
 .rodata.str1.1
                0x08010509        0x3 ./Application/SBSFU/App/sfu_com_loader.o
 .rodata.str1.1
                0x08010509      0x1b2 ./Application/SBSFU/App/sfu_error.o
 .rodata.str1.1
                0x08010509       0xcd ./Application/SBSFU/App/sfu_fwimg_common.o
 .rodata.str1.1
                0x08010509       0xc4 ./Application/SBSFU/Target/sfu_low_level_security.o
 .rodata._vfprintf_r.str1.1
                0x08010509       0x11 C:/ST/STM32CubeIDE_1.17.0/STM32CubeIDE/plugins/com.st.stm32cube.ide.mcu.externaltools.gnu-tools-for-stm32.13.3.rel1.win32_1.0.0.202411081344/tools/bin/../lib/gcc/arm-none-eabi/13.3.1/../../../../arm-none-eabi/lib/thumb/v7e-m+dp/hard\libc_nano.a(libc_a-nano-vfprintf.o)
 .rodata._printf_i.str1.1
                0x08010509       0x22 C:/ST/STM32CubeIDE_1.17.0/STM32CubeIDE/plugins/com.st.stm32cube.ide.mcu.externaltools.gnu-tools-for-stm32.13.3.rel1.win32_1.0.0.202411081344/tools/bin/../lib/gcc/arm-none-eabi/13.3.1/../../../../arm-none-eabi/lib/thumb/v7e-m+dp/hard\libc_nano.a(libc_a-nano-vfprintf_i.o)
                0x080106c0                        . = ALIGN (0x8)
 *fill*         0x08010509        0x7 

.ARM.extab      0x08010510        0x0
                0x08010510                        . = ALIGN (0x8)
 *(.ARM.extab* .gnu.linkonce.armextab.*)
                0x08010510                        . = ALIGN (0x8)

.ARM            0x08010510        0x8
                0x08010510                        . = ALIGN (0x8)
                0x08010510                        __exidx_start = .
 *(.ARM.exidx*)
 .ARM.exidx     0x08010510        0x8 C:/ST/STM32CubeIDE_1.17.0/STM32CubeIDE/plugins/com.st.stm32cube.ide.mcu.externaltools.gnu-tools-for-stm32.13.3.rel1.win32_1.0.0.202411081344/tools/bin/../lib/gcc/arm-none-eabi/13.3.1/../../../../arm-none-eabi/lib/thumb/v7e-m+dp/hard\libc_nano.a(libc_a-memchr.o)
 .ARM.exidx     0x08010518        0x0 C:/ST/STM32CubeIDE_1.17.0/STM32CubeIDE/plugins/com.st.stm32cube.ide.mcu.externaltools.gnu-tools-for-stm32.13.3.rel1.win32_1.0.0.202411081344/tools/bin/../lib/gcc/arm-none-eabi/13.3.1/thumb/v7e-m+dp/hard\libgcc.a(_udivmoddi4.o)
                                  0x8 (size before relaxing)
                0x08010518                        __exidx_end = .
                0x08010518                        . = ALIGN (0x8)

.preinit_array  0x08010518        0x0
                0x08010518                        . = ALIGN (0x8)
                0x08010518                        PROVIDE (__preinit_array_start = .)
 *(.preinit_array*)
                0x08010518                        PROVIDE (__preinit_array_end = .)
                0x08010518                        . = ALIGN (0x8)

.init_array     0x08010518        0x8
                0x08010518                        . = ALIGN (0x8)
                0x08010518                        PROVIDE (__init_array_start = .)
 *(SORT_BY_NAME(.init_array.*))
 *(.init_array*)
 .init_array    0x08010518        0x4 C:/ST/STM32CubeIDE_1.17.0/STM32CubeIDE/plugins/com.st.stm32cube.ide.mcu.externaltools.gnu-tools-for-stm32.13.3.rel1.win32_1.0.0.202411081344/tools/bin/../lib/gcc/arm-none-eabi/13.3.1/thumb/v7e-m+dp/hard/crtbegin.o
                0x0801051c                        PROVIDE (__init_array_end = .)
                0x08010520                        . = ALIGN (0x8)
 *fill*         0x0801051c        0x4 

.fini_array     0x08010520        0x8
                0x08010520                        . = ALIGN (0x8)
                [!provide]                        PROVIDE (__fini_array_start = .)
 *(SORT_BY_NAME(.fini_array.*))
 *(.fini_array*)
 .fini_array    0x08010520        0x4 C:/ST/STM32CubeIDE_1.17.0/STM32CubeIDE/plugins/com.st.stm32cube.ide.mcu.externaltools.gnu-tools-for-stm32.13.3.rel1.win32_1.0.0.202411081344/tools/bin/../lib/gcc/arm-none-eabi/13.3.1/thumb/v7e-m+dp/hard/crtbegin.o
                [!provide]                        PROVIDE (__fini_array_end = .)
                0x08010528                        . = ALIGN (0x8)
 *fill*         0x08010524        0x4 
                0x08010528                        _sidata = LOADADDR (.data)

.RamFunc        0x20001000       0xb8 load address 0x08008900
                0x20001000                        . = ALIGN (0x8)
 *(.RamFunc)
 .RamFunc       0x20001000       0x80 ./Application/SBSFU/Target/sfu_low_level_security.o
                0x20001000                SFU_LL_SECU_ActivateSecUser
 .RamFunc       0x20001080       0x2e ./Application/Startup/sfu_se_mpu.o
                0x20001080                jump_to_function
                0x20001088                launch_application
 *fill*         0x200010ae        0x2 
 .RamFunc.__stub
                0x200010b0        0x8 linker stubs
                0x200010b8                        . = ALIGN (0x8)
 *fill*         0x200010b8        0x0 

.rel.dyn        0x200010b8        0x0 load address 0x080089b8
 .rel.iplt      0x200010b8        0x0 C:/ST/STM32CubeIDE_1.17.0/STM32CubeIDE/plugins/com.st.stm32cube.ide.mcu.externaltools.gnu-tools-for-stm32.13.3.rel1.win32_1.0.0.202411081344/tools/bin/../lib/gcc/arm-none-eabi/13.3.1/thumb/v7e-m+dp/hard/crtbegin.o

.data           0x20001100       0x88 load address 0x08010528
                0x20001100                        . = ALIGN (0x8)
                0x20001100                        _sdata = .
 *(.data)
 .data          0x20001100        0x8 ./Application/SBSFU/App/sfu_boot.o
                0x20001100                uFlowProtectValue
                0x20001104                uFlowCryptoValue
 .data          0x20001108       0x14 ./Drivers/BSP/STM32H7xx_Nucleo_144/stm32h7xx_nucleo_144.o
                0x20001108                SpixTimeout
                0x2000110c                GPIO_PORT
                0x20001118                BUTTON_PORT
 .data          0x2000111c        0x8 ./Drivers/CMSIS/system_stm32h7xx.o
                0x2000111c                SystemD2Clock
                0x20001120                SystemCoreClock
 .data          0x20001124        0x8 ./Drivers/STM32H7xx_HAL_Driver/stm32h7xx_hal.o
                0x20001124                uwTickFreq
                0x20001128                uwTickPrio
 *(.data*)
 .data.__sglue  0x2000112c        0xc C:/ST/STM32CubeIDE_1.17.0/STM32CubeIDE/plugins/com.st.stm32cube.ide.mcu.externaltools.gnu-tools-for-stm32.13.3.rel1.win32_1.0.0.202411081344/tools/bin/../lib/gcc/arm-none-eabi/13.3.1/../../../../arm-none-eabi/lib/thumb/v7e-m+dp/hard\libc_nano.a(libc_a-findfp.o)
                0x2000112c                __sglue
 .data._impure_ptr
                0x20001138        0x4 C:/ST/STM32CubeIDE_1.17.0/STM32CubeIDE/plugins/com.st.stm32cube.ide.mcu.externaltools.gnu-tools-for-stm32.13.3.rel1.win32_1.0.0.202411081344/tools/bin/../lib/gcc/arm-none-eabi/13.3.1/../../../../arm-none-eabi/lib/thumb/v7e-m+dp/hard\libc_nano.a(libc_a-impure.o)
                0x20001138                _impure_ptr
 .data._impure_data
                0x2000113c       0x4c C:/ST/STM32CubeIDE_1.17.0/STM32CubeIDE/plugins/com.st.stm32cube.ide.mcu.externaltools.gnu-tools-for-stm32.13.3.rel1.win32_1.0.0.202411081344/tools/bin/../lib/gcc/arm-none-eabi/13.3.1/../../../../arm-none-eabi/lib/thumb/v7e-m+dp/hard\libc_nano.a(libc_a-impure.o)
                0x2000113c                _impure_data
                0x20001188                        . = ALIGN (0x8)
                0x20001188                        _edata = .

.igot.plt       0x20001188        0x0 load address 0x080105b0
 .igot.plt      0x20001188        0x0 C:/ST/STM32CubeIDE_1.17.0/STM32CubeIDE/plugins/com.st.stm32cube.ide.mcu.externaltools.gnu-tools-for-stm32.13.3.rel1.win32_1.0.0.202411081344/tools/bin/../lib/gcc/arm-none-eabi/13.3.1/thumb/v7e-m+dp/hard/crtbegin.o
                0x20001188                        . = ALIGN (0x4)

.bss            0x20001188      0xd78 load address 0x080105b0
                0x20001188                        _sbss = .
                0x20001188                        __bss_start__ = _sbss
 *(.bss)
 .bss           0x20001188       0x1c C:/ST/STM32CubeIDE_1.17.0/STM32CubeIDE/plugins/com.st.stm32cube.ide.mcu.externaltools.gnu-tools-for-stm32.13.3.rel1.win32_1.0.0.202411081344/tools/bin/../lib/gcc/arm-none-eabi/13.3.1/thumb/v7e-m+dp/hard/crtbegin.o
 .bss           0x200011a4       0x24 ./Application/Core/stm32h7xx_it.o
                0x200011a4                RtcHandle
 .bss           0x200011c8        0x8 ./Application/Core/syscalls.o
                0x200011cc                __env
 .bss           0x200011d0        0xc ./Application/SBSFU/App/sfu_boot.o
                0x200011d4                initialDeviceStatusCheck
 *fill*         0x200011dc        0x4 
 .bss           0x200011e0      0x406 ./Application/SBSFU/App/sfu_com_loader.o
 *fill*         0x200015e6        0x2 
 .bss           0x200015e8      0x165 ./Application/SBSFU/App/sfu_fwimg_common.o
                0x20001608                fw_image_header_validated
                0x20001748                SFU_IMG_Line
                0x2000174c                SFU_IMG_Status
 *fill*         0x2000174d        0x3 
 .bss           0x20001750      0x574 ./Application/SBSFU/App/sfu_loader.o
 .bss           0x20001cc4       0xb8 ./Application/SBSFU/Target/sfu_low_level.o
 .bss           0x20001d7c        0x4 ./Application/SBSFU/Target/sfu_low_level_flash_int.o
 .bss           0x20001d80       0x10 ./Application/SBSFU/Target/sfu_low_level_security.o
 .bss           0x20001d90        0x4 ./Drivers/STM32H7xx_HAL_Driver/stm32h7xx_hal.o
                0x20001d90                uwTick
 .bss           0x20001d94       0x1c ./Drivers/STM32H7xx_HAL_Driver/stm32h7xx_hal_flash.o
                0x20001d94                pFlash
 .bss           0x20001db0        0x1 ./Middlewares/STM32_Secure_Engine/se_interface_bootloader.o
 *(.bss*)
 *fill*         0x20001db1        0x3 
 .bss.__sf      0x20001db4      0x138 C:/ST/STM32CubeIDE_1.17.0/STM32CubeIDE/plugins/com.st.stm32cube.ide.mcu.externaltools.gnu-tools-for-stm32.13.3.rel1.win32_1.0.0.202411081344/tools/bin/../lib/gcc/arm-none-eabi/13.3.1/../../../../arm-none-eabi/lib/thumb/v7e-m+dp/hard\libc_nano.a(libc_a-findfp.o)
                0x20001db4                __sf
 .bss.__stdio_exit_handler
                0x20001eec        0x4 C:/ST/STM32CubeIDE_1.17.0/STM32CubeIDE/plugins/com.st.stm32cube.ide.mcu.externaltools.gnu-tools-for-stm32.13.3.rel1.win32_1.0.0.202411081344/tools/bin/../lib/gcc/arm-none-eabi/13.3.1/../../../../arm-none-eabi/lib/thumb/v7e-m+dp/hard\libc_nano.a(libc_a-findfp.o)
                0x20001eec                __stdio_exit_handler
 .bss.errno     0x20001ef0        0x4 C:/ST/STM32CubeIDE_1.17.0/STM32CubeIDE/plugins/com.st.stm32cube.ide.mcu.externaltools.gnu-tools-for-stm32.13.3.rel1.win32_1.0.0.202411081344/tools/bin/../lib/gcc/arm-none-eabi/13.3.1/../../../../arm-none-eabi/lib/thumb/v7e-m+dp/hard\libc_nano.a(libc_a-reent.o)
                0x20001ef0                errno
 .bss.__lock___malloc_recursive_mutex
                0x20001ef4        0x1 C:/ST/STM32CubeIDE_1.17.0/STM32CubeIDE/plugins/com.st.stm32cube.ide.mcu.externaltools.gnu-tools-for-stm32.13.3.rel1.win32_1.0.0.202411081344/tools/bin/../lib/gcc/arm-none-eabi/13.3.1/../../../../arm-none-eabi/lib/thumb/v7e-m+dp/hard\libc_nano.a(libc_a-lock.o)
                0x20001ef4                __lock___malloc_recursive_mutex
 .bss.__lock___sfp_recursive_mutex
                0x20001ef5        0x1 C:/ST/STM32CubeIDE_1.17.0/STM32CubeIDE/plugins/com.st.stm32cube.ide.mcu.externaltools.gnu-tools-for-stm32.13.3.rel1.win32_1.0.0.202411081344/tools/bin/../lib/gcc/arm-none-eabi/13.3.1/../../../../arm-none-eabi/lib/thumb/v7e-m+dp/hard\libc_nano.a(libc_a-lock.o)
                0x20001ef5                __lock___sfp_recursive_mutex
 *fill*         0x20001ef6        0x2 
 .bss.__malloc_sbrk_start