C:/Users/tal.gadasi/Downloads/en.x-cube-sbsfu-v2-7-0/STM32CubeExpansion_SBSFU_V2.7.0/Drivers/BSP/STM32H7xx_Nucleo_144/stm32h7xx_nucleo_144.c:382:13:SPIx_Init	256	static
C:/Users/tal.gadasi/Downloads/en.x-cube-sbsfu-v2-7-0/STM32CubeExpansion_SBSFU_V2.7.0/Drivers/BSP/STM32H7xx_Nucleo_144/stm32h7xx_nucleo_144.c:449:13:SPIx_Write	32	static
C:/Users/tal.gadasi/Downloads/en.x-cube-sbsfu-v2-7-0/STM32CubeExpansion_SBSFU_V2.7.0/Drivers/BSP/STM32H7xx_Nucleo_144/stm32h7xx_nucleo_144.c:430:13:SPIx_WriteReadData	16	static
C:/Users/tal.gadasi/Downloads/en.x-cube-sbsfu-v2-7-0/STM32CubeExpansion_SBSFU_V2.7.0/Drivers/BSP/STM32H7xx_Nucleo_144/stm32h7xx_nucleo_144.c:156:10:BSP_GetVersion	0	static
C:/Users/tal.gadasi/Downloads/en.x-cube-sbsfu-v2-7-0/STM32CubeExpansion_SBSFU_V2.7.0/Drivers/BSP/STM32H7xx_Nucleo_144/stm32h7xx_nucleo_144.c:170:6:BSP_LED_Init	48	static
C:/Users/tal.gadasi/Downloads/en.x-cube-sbsfu-v2-7-0/STM32CubeExpansion_SBSFU_V2.7.0/Drivers/BSP/STM32H7xx_Nucleo_144/stm32h7xx_nucleo_144.c:197:6:BSP_LED_DeInit	16	static
C:/Users/tal.gadasi/Downloads/en.x-cube-sbsfu-v2-7-0/STM32CubeExpansion_SBSFU_V2.7.0/Drivers/BSP/STM32H7xx_Nucleo_144/stm32h7xx_nucleo_144.c:215:6:BSP_LED_On	0	static
C:/Users/tal.gadasi/Downloads/en.x-cube-sbsfu-v2-7-0/STM32CubeExpansion_SBSFU_V2.7.0/Drivers/BSP/STM32H7xx_Nucleo_144/stm32h7xx_nucleo_144.c:229:6:BSP_LED_Off	0	static
C:/Users/tal.gadasi/Downloads/en.x-cube-sbsfu-v2-7-0/STM32CubeExpansion_SBSFU_V2.7.0/Drivers/BSP/STM32H7xx_Nucleo_144/stm32h7xx_nucleo_144.c:243:6:BSP_LED_Toggle	0	static
C:/Users/tal.gadasi/Downloads/en.x-cube-sbsfu-v2-7-0/STM32CubeExpansion_SBSFU_V2.7.0/Drivers/BSP/STM32H7xx_Nucleo_144/stm32h7xx_nucleo_144.c:259:6:BSP_PB_Init	32	static
C:/Users/tal.gadasi/Downloads/en.x-cube-sbsfu-v2-7-0/STM32CubeExpansion_SBSFU_V2.7.0/Drivers/BSP/STM32H7xx_Nucleo_144/stm32h7xx_nucleo_144.c:297:6:BSP_PB_DeInit	8	static
C:/Users/tal.gadasi/Downloads/en.x-cube-sbsfu-v2-7-0/STM32CubeExpansion_SBSFU_V2.7.0/Drivers/BSP/STM32H7xx_Nucleo_144/stm32h7xx_nucleo_144.c:312:10:BSP_PB_GetState	8	static
C:/Users/tal.gadasi/Downloads/en.x-cube-sbsfu-v2-7-0/STM32CubeExpansion_SBSFU_V2.7.0/Drivers/BSP/STM32H7xx_Nucleo_144/stm32h7xx_nucleo_144.c:535:6:SD_IO_CSState	0	static
C:/Users/tal.gadasi/Downloads/en.x-cube-sbsfu-v2-7-0/STM32CubeExpansion_SBSFU_V2.7.0/Drivers/BSP/STM32H7xx_Nucleo_144/stm32h7xx_nucleo_144.c:554:6:SD_IO_WriteReadData	0	static
C:/Users/tal.gadasi/Downloads/en.x-cube-sbsfu-v2-7-0/STM32CubeExpansion_SBSFU_V2.7.0/Drivers/BSP/STM32H7xx_Nucleo_144/stm32h7xx_nucleo_144.c:565:9:SD_IO_WriteByte	24	static
C:/Users/tal.gadasi/Downloads/en.x-cube-sbsfu-v2-7-0/STM32CubeExpansion_SBSFU_V2.7.0/Drivers/BSP/STM32H7xx_Nucleo_144/stm32h7xx_nucleo_144.c:487:6:SD_IO_Init	56	static
C:/Users/tal.gadasi/Downloads/en.x-cube-sbsfu-v2-7-0/STM32CubeExpansion_SBSFU_V2.7.0/Drivers/BSP/STM32H7xx_Nucleo_144/stm32h7xx_nucleo_144.c:578:6:LCD_IO_Init	48	static
C:/Users/tal.gadasi/Downloads/en.x-cube-sbsfu-v2-7-0/STM32CubeExpansion_SBSFU_V2.7.0/Drivers/BSP/STM32H7xx_Nucleo_144/stm32h7xx_nucleo_144.c:609:6:LCD_IO_WriteReg	16	static
C:/Users/tal.gadasi/Downloads/en.x-cube-sbsfu-v2-7-0/STM32CubeExpansion_SBSFU_V2.7.0/Drivers/BSP/STM32H7xx_Nucleo_144/stm32h7xx_nucleo_144.c:630:6:LCD_IO_WriteData	16	static
C:/Users/tal.gadasi/Downloads/en.x-cube-sbsfu-v2-7-0/STM32CubeExpansion_SBSFU_V2.7.0/Drivers/BSP/STM32H7xx_Nucleo_144/stm32h7xx_nucleo_144.c:651:6:LCD_IO_WriteMultipleData	24	static,ignoring_inline_asm
C:/Users/tal.gadasi/Downloads/en.x-cube-sbsfu-v2-7-0/STM32CubeExpansion_SBSFU_V2.7.0/Drivers/BSP/STM32H7xx_Nucleo_144/stm32h7xx_nucleo_144.c:754:6:LCD_Delay	0	static
C:/Users/tal.gadasi/Downloads/en.x-cube-sbsfu-v2-7-0/STM32CubeExpansion_SBSFU_V2.7.0/Drivers/BSP/STM32H7xx_Nucleo_144/stm32h7xx_nucleo_144.c:877:9:BSP_JOY_Init	56	static
C:/Users/tal.gadasi/Downloads/en.x-cube-sbsfu-v2-7-0/STM32CubeExpansion_SBSFU_V2.7.0/Drivers/BSP/STM32H7xx_Nucleo_144/stm32h7xx_nucleo_144.c:903:6:BSP_JOY_DeInit	8	static
C:/Users/tal.gadasi/Downloads/en.x-cube-sbsfu-v2-7-0/STM32CubeExpansion_SBSFU_V2.7.0/Drivers/BSP/STM32H7xx_Nucleo_144/stm32h7xx_nucleo_144.c:920:18:BSP_JOY_GetState	8	static
