C:/Users/tal.gadasi/Downloads/en.x-cube-sbsfu-v2-7-0/STM32CubeExpansion_SBSFU_V2.7.0/Projects/NUCLEO-H753ZI/Applications/1_Image/1_Image_UserApp/Src/main.c:256:6:FW_APP_PrintMainMenu	1
C:/Users/tal.gadasi/Downloads/en.x-cube-sbsfu-v2-7-0/STM32CubeExpansion_SBSFU_V2.7.0/Projects/NUCLEO-H753ZI/Applications/1_Image/1_Image_UserApp/Src/main.c:272:6:FW_APP_Run	7
C:/Users/tal.gadasi/Downloads/en.x-cube-sbsfu-v2-7-0/STM32CubeExpansion_SBSFU_V2.7.0/Projects/NUCLEO-H753ZI/Applications/1_Image/1_Image_UserApp/Src/main.c:66:5:main	5
