C:/Users/tal.gadasi/Downloads/en.x-cube-sbsfu-v2-7-0/STM32CubeExpansion_SBSFU_V2.7.0/Projects/NUCLEO-H753ZI/Applications/1_Image/1_Image_SBSFU/SBSFU/Target/sfu_low_level_security.c:253:17:SFU_LL_SECU_CheckApplyStaticProtections	80	static
C:/Users/tal.gadasi/Downloads/en.x-cube-sbsfu-v2-7-0/STM32CubeExpansion_SBSFU_V2.7.0/Projects/NUCLEO-H753ZI/Applications/1_Image/1_Image_SBSFU/SBSFU/Target/sfu_low_level_security.c:383:17:SFU_LL_SECU_CheckApplyRuntimeProtections	32	static
C:/Users/tal.gadasi/Downloads/en.x-cube-sbsfu-v2-7-0/STM32CubeExpansion_SBSFU_V2.7.0/Projects/NUCLEO-H753ZI/Applications/1_Image/1_Image_SBSFU/SBSFU/Target/sfu_low_level_security.c:547:6:SFU_LL_SECU_GetResetSources	0	static
C:/Users/tal.gadasi/Downloads/en.x-cube-sbsfu-v2-7-0/STM32CubeExpansion_SBSFU_V2.7.0/Projects/NUCLEO-H753ZI/Applications/1_Image/1_Image_SBSFU/SBSFU/Target/sfu_low_level_security.c:591:6:SFU_LL_SECU_ClearResetSources	0	static
C:/Users/tal.gadasi/Downloads/en.x-cube-sbsfu-v2-7-0/STM32CubeExpansion_SBSFU_V2.7.0/Projects/NUCLEO-H753ZI/Applications/1_Image/1_Image_SBSFU/SBSFU/Target/sfu_low_level_security.c:603:17:SFU_LL_SECU_IWDG_Refresh	0	static
C:/Users/tal.gadasi/Downloads/en.x-cube-sbsfu-v2-7-0/STM32CubeExpansion_SBSFU_V2.7.0/Projects/NUCLEO-H753ZI/Applications/1_Image/1_Image_SBSFU/SBSFU/Target/sfu_low_level_security.c:1414:17:SFU_LL_SECU_ActivateSecUser	8	static,ignoring_inline_asm
