C:/Users/tal.gadasi/Downloads/en.x-cube-sbsfu-v2-7-0/STM32CubeExpansion_SBSFU_V2.7.0/Projects/NUCLEO-H753ZI/Applications/1_Image/1_Image_SBSFU/SBSFU/App/sfu_error.c:72:6:SFU_EXCPT_SetError	0	static
C:/Users/tal.gadasi/Downloads/en.x-cube-sbsfu-v2-7-0/STM32CubeExpansion_SBSFU_V2.7.0/Projects/NUCLEO-H753ZI/Applications/1_Image/1_Image_SBSFU/SBSFU/App/sfu_error.c:92:6:SFU_EXCPT_IrqExceptionHandler	160	static
C:/Users/tal.gadasi/Downloads/en.x-cube-sbsfu-v2-7-0/STM32CubeExpansion_SBSFU_V2.7.0/Projects/NUCLEO-H753ZI/Applications/1_Image/1_Image_SBSFU/SBSFU/App/sfu_error.c:126:6:SFU_EXCPT_Security_Error	8	static,ignoring_inline_asm
C:/Users/tal.gadasi/Downloads/en.x-cube-sbsfu-v2-7-0/STM32CubeExpansion_SBSFU_V2.7.0/Projects/NUCLEO-H753ZI/Applications/1_Image/1_Image_SBSFU/SBSFU/App/sfu_error.c:146:17:SFU_EXCPT_Init	0	static
C:/Users/tal.gadasi/Downloads/en.x-cube-sbsfu-v2-7-0/STM32CubeExpansion_SBSFU_V2.7.0/Projects/NUCLEO-H753ZI/Applications/1_Image/1_Image_SBSFU/SBSFU/App/sfu_error.c:163:17:SFU_EXCPT_DeInit	0	static
