Archive member included to satisfy reference by file (symbol)

C:/ST/STM32CubeIDE_1.17.0/STM32CubeIDE/plugins/com.st.stm32cube.ide.mcu.externaltools.gnu-tools-for-stm32.13.3.rel1.win32_1.0.0.202411081344/tools/bin/../lib/gcc/arm-none-eabi/13.3.1/../../../../arm-none-eabi/lib/thumb/v7e-m+dp/hard\libc_nano.a(libc_a-exit.o)
                              C:/ST/STM32CubeIDE_1.17.0/STM32CubeIDE/plugins/com.st.stm32cube.ide.mcu.externaltools.gnu-tools-for-stm32.13.3.rel1.win32_1.0.0.202411081344/tools/bin/../lib/gcc/arm-none-eabi/13.3.1/../../../../arm-none-eabi/lib/thumb/v7e-m+dp/hard/crt0.o (exit)
C:/ST/STM32CubeIDE_1.17.0/STM32CubeIDE/plugins/com.st.stm32cube.ide.mcu.externaltools.gnu-tools-for-stm32.13.3.rel1.win32_1.0.0.202411081344/tools/bin/../lib/gcc/arm-none-eabi/13.3.1/../../../../arm-none-eabi/lib/thumb/v7e-m+dp/hard\libc_nano.a(libc_a-findfp.o)
                              C:/ST/STM32CubeIDE_1.17.0/STM32CubeIDE/plugins/com.st.stm32cube.ide.mcu.externaltools.gnu-tools-for-stm32.13.3.rel1.win32_1.0.0.202411081344/tools/bin/../lib/gcc/arm-none-eabi/13.3.1/../../../../arm-none-eabi/lib/thumb/v7e-m+dp/hard\libc_nano.a(libc_a-exit.o) (__stdio_exit_handler)
C:/ST/STM32CubeIDE_1.17.0/STM32CubeIDE/plugins/com.st.stm32cube.ide.mcu.externaltools.gnu-tools-for-stm32.13.3.rel1.win32_1.0.0.202411081344/tools/bin/../lib/gcc/arm-none-eabi/13.3.1/../../../../arm-none-eabi/lib/thumb/v7e-m+dp/hard\libc_nano.a(libc_a-fwalk.o)
                              C:/ST/STM32CubeIDE_1.17.0/STM32CubeIDE/plugins/com.st.stm32cube.ide.mcu.externaltools.gnu-tools-for-stm32.13.3.rel1.win32_1.0.0.202411081344/tools/bin/../lib/gcc/arm-none-eabi/13.3.1/../../../../arm-none-eabi/lib/thumb/v7e-m+dp/hard\libc_nano.a(libc_a-findfp.o) (_fwalk_sglue)
C:/ST/STM32CubeIDE_1.17.0/STM32CubeIDE/plugins/com.st.stm32cube.ide.mcu.externaltools.gnu-tools-for-stm32.13.3.rel1.win32_1.0.0.202411081344/tools/bin/../lib/gcc/arm-none-eabi/13.3.1/../../../../arm-none-eabi/lib/thumb/v7e-m+dp/hard\libc_nano.a(libc_a-printf.o)
                              ./Application/User/main.o (printf)
C:/ST/STM32CubeIDE_1.17.0/STM32CubeIDE/plugins/com.st.stm32cube.ide.mcu.externaltools.gnu-tools-for-stm32.13.3.rel1.win32_1.0.0.202411081344/tools/bin/../lib/gcc/arm-none-eabi/13.3.1/../../../../arm-none-eabi/lib/thumb/v7e-m+dp/hard\libc_nano.a(libc_a-puts.o)
                              ./Application/User/flash_if.o (puts)
C:/ST/STM32CubeIDE_1.17.0/STM32CubeIDE/plugins/com.st.stm32cube.ide.mcu.externaltools.gnu-tools-for-stm32.13.3.rel1.win32_1.0.0.202411081344/tools/bin/../lib/gcc/arm-none-eabi/13.3.1/../../../../arm-none-eabi/lib/thumb/v7e-m+dp/hard\libc_nano.a(libc_a-setvbuf.o)
                              ./Application/User/com.o (setvbuf)
C:/ST/STM32CubeIDE_1.17.0/STM32CubeIDE/plugins/com.st.stm32cube.ide.mcu.externaltools.gnu-tools-for-stm32.13.3.rel1.win32_1.0.0.202411081344/tools/bin/../lib/gcc/arm-none-eabi/13.3.1/../../../../arm-none-eabi/lib/thumb/v7e-m+dp/hard\libc_nano.a(libc_a-stdio.o)
                              C:/ST/STM32CubeIDE_1.17.0/STM32CubeIDE/plugins/com.st.stm32cube.ide.mcu.externaltools.gnu-tools-for-stm32.13.3.rel1.win32_1.0.0.202411081344/tools/bin/../lib/gcc/arm-none-eabi/13.3.1/../../../../arm-none-eabi/lib/thumb/v7e-m+dp/hard\libc_nano.a(libc_a-findfp.o) (__sread)
C:/ST/STM32CubeIDE_1.17.0/STM32CubeIDE/plugins/com.st.stm32cube.ide.mcu.externaltools.gnu-tools-for-stm32.13.3.rel1.win32_1.0.0.202411081344/tools/bin/../lib/gcc/arm-none-eabi/13.3.1/../../../../arm-none-eabi/lib/thumb/v7e-m+dp/hard\libc_nano.a(libc_a-wbuf.o)
                              C:/ST/STM32CubeIDE_1.17.0/STM32CubeIDE/plugins/com.st.stm32cube.ide.mcu.externaltools.gnu-tools-for-stm32.13.3.rel1.win32_1.0.0.202411081344/tools/bin/../lib/gcc/arm-none-eabi/13.3.1/../../../../arm-none-eabi/lib/thumb/v7e-m+dp/hard\libc_nano.a(libc_a-puts.o) (__swbuf_r)
C:/ST/STM32CubeIDE_1.17.0/STM32CubeIDE/plugins/com.st.stm32cube.ide.mcu.externaltools.gnu-tools-for-stm32.13.3.rel1.win32_1.0.0.202411081344/tools/bin/../lib/gcc/arm-none-eabi/13.3.1/../../../../arm-none-eabi/lib/thumb/v7e-m+dp/hard\libc_nano.a(libc_a-wsetup.o)
                              C:/ST/STM32CubeIDE_1.17.0/STM32CubeIDE/plugins/com.st.stm32cube.ide.mcu.externaltools.gnu-tools-for-stm32.13.3.rel1.win32_1.0.0.202411081344/tools/bin/../lib/gcc/arm-none-eabi/13.3.1/../../../../arm-none-eabi/lib/thumb/v7e-m+dp/hard\libc_nano.a(libc_a-puts.o) (__swsetup_r)
C:/ST/STM32CubeIDE_1.17.0/STM32CubeIDE/plugins/com.st.stm32cube.ide.mcu.externaltools.gnu-tools-for-stm32.13.3.rel1.win32_1.0.0.202411081344/tools/bin/../lib/gcc/arm-none-eabi/13.3.1/../../../../arm-none-eabi/lib/thumb/v7e-m+dp/hard\libc_nano.a(libc_a-memcmp.o)
                              ./Application/User/flash_if.o (memcmp)
[...]
Memory Configuration

Name             Origin             Length             Attributes
SE_Entry_Secure_ROM_Region 0x08000400         0x00000200         xr
SE_Key_region_ROM 0x08000600         0x00000300         xr
SE_Startup_region_ROM 0x08000900         0x00000100         xr
SE_ROM_region    0x08000a00         0x00007600         xr
SE_IF_region_ROM 0x08008000         0x00000900         xr
SB_HDP_ROM_region 0x08008900         0x00000100         xr
SB_ROM_region    0x08008a00         0x00017600         xr
SE_RAM_region    0x20000400         0x00000c00         xrw
SB_HDP_Code_RAM_region 0x20001000         0x00000100         xrw
SB_RAM_region    0x20001100         0x0001ef00         xrw
ISR_VECTOR       0x08020400         0x00000400         xr
APPLI_region_ROM 0x08020800         0x001df800
APPLI_region_RAM 0x20001000         0x0001f000
*default*        0x00000000         0xffffffff

Linker script and memory map

LOAD C:/ST/STM32CubeIDE_1.17.0/STM32CubeIDE/plugins/com.st.stm32cube.ide.mcu.externaltools.gnu-tools-for-stm32.13.3.rel1.win32_1.0.0.202411081344/tools/bin/../lib/gcc/arm-none-eabi/13.3.1/thumb/v7e-m+dp/hard/crti.o
LOAD C:/ST/STM32CubeIDE_1.17.0/STM32CubeIDE/plugins/com.st.stm32cube.ide.mcu.externaltools.gnu-tools-for-stm32.13.3.rel1.win32_1.0.0.202411081344/tools/bin/../lib/gcc/arm-none-eabi/13.3.1/thumb/v7e-m+dp/hard/crtbegin.o
LOAD C:/ST/STM32CubeIDE_1.17.0/STM32CubeIDE/plugins/com.st.stm32cube.ide.mcu.externaltools.gnu-tools-for-stm32.13.3.rel1.win32_1.0.0.202411081344/tools/bin/../lib/gcc/arm-none-eabi/13.3.1/../../../../arm-none-eabi/lib/thumb/v7e-m+dp/hard/crt0.o
LOAD ./Application/Startup/startup_stm32h753xx.o
LOAD ./Application/User/com.o
LOAD ./Application/User/common.o
LOAD ./Application/User/flash_if.o
LOAD ./Application/User/fw_update_app.o
LOAD ./Application/User/main.o
LOAD ./Application/User/se_user_code.o
LOAD ./Application/User/stm32h7xx_it.o
LOAD ./Application/User/syscalls.o
LOAD ./Application/User/test_protections.o
LOAD ./Application/User/ymodem.o
LOAD ./Drivers/BSP/STM32H7xx_Nucleo_144/stm32h7xx_nucleo_144.o
LOAD ./Drivers/CMSIS/system_stm32h7xx.o
LOAD ./Drivers/STM32H7xx_HAL_Driver/stm32h7xx_hal.o
LOAD ./Drivers/STM32H7xx_HAL_Driver/stm32h7xx_hal_cortex.o
LOAD ./Drivers/STM32H7xx_HAL_Driver/stm32h7xx_hal_crc.o
LOAD ./Drivers/STM32H7xx_HAL_Driver/stm32h7xx_hal_crc_ex.o
LOAD ./Drivers/STM32H7xx_HAL_Driver/stm32h7xx_hal_flash.o
LOAD ./Drivers/STM32H7xx_HAL_Driver/stm32h7xx_hal_flash_ex.o
LOAD ./Drivers/STM32H7xx_HAL_Driver/stm32h7xx_hal_gpio.o
LOAD ./Drivers/STM32H7xx_HAL_Driver/stm32h7xx_hal_iwdg.o
LOAD ./Drivers/STM32H7xx_HAL_Driver/stm32h7xx_hal_pwr.o
LOAD ./Drivers/STM32H7xx_HAL_Driver/stm32h7xx_hal_pwr_ex.o
LOAD ./Drivers/STM32H7xx_HAL_Driver/stm32h7xx_hal_rcc.o
LOAD ./Drivers/STM32H7xx_HAL_Driver/stm32h7xx_hal_rcc_ex.o
LOAD ./Drivers/STM32H7xx_HAL_Driver/stm32h7xx_hal_rtc.o
LOAD ./Drivers/STM32H7xx_HAL_Driver/stm32h7xx_hal_rtc_ex.o
LOAD ./Drivers/STM32H7xx_HAL_Driver/stm32h7xx_hal_uart.o
LOAD ./Drivers/STM32H7xx_HAL_Driver/stm32h7xx_hal_uart_ex.o
START GROUP
LOAD C:/ST/STM32CubeIDE_1.17.0/STM32CubeIDE/plugins/com.st.stm32cube.ide.mcu.externaltools.gnu-tools-for-stm32.13.3.rel1.win32_1.0.0.202411081344/tools/bin/../lib/gcc/arm-none-eabi/13.3.1/../../../../arm-none-eabi/lib/thumb/v7e-m+dp/hard\libc_nano.a
LOAD C:/ST/STM32CubeIDE_1.17.0/STM32CubeIDE/plugins/com.st.stm32cube.ide.mcu.externaltools.gnu-tools-for-stm32.13.3.rel1.win32_1.0.0.202411081344/tools/bin/../lib/gcc/arm-none-eabi/13.3.1/../../../../arm-none-eabi/lib/thumb/v7e-m+dp/hard\libm.a
END GROUP
START GROUP
LOAD C:/ST/STM32CubeIDE_1.17.0/STM32CubeIDE/plugins/com.st.stm32cube.ide.mcu.externaltools.gnu-tools-for-stm32.13.3.rel1.win32_1.0.0.202411081344/tools/bin/../lib/gcc/arm-none-eabi/13.3.1/thumb/v7e-m+dp/hard\libgcc.a
LOAD C:/ST/STM32CubeIDE_1.17.0/STM32CubeIDE/plugins/com.st.stm32cube.ide.mcu.externaltools.gnu-tools-for-stm32.13.3.rel1.win32_1.0.0.202411081344/tools/bin/../lib/gcc/arm-none-eabi/13.3.1/../../../../arm-none-eabi/lib/thumb/v7e-m+dp/hard\libc_nano.a
END GROUP
START GROUP
LOAD C:/ST/STM32CubeIDE_1.17.0/STM32CubeIDE/plugins/com.st.stm32cube.ide.mcu.externaltools.gnu-tools-for-stm32.13.3.rel1.win32_1.0.0.202411081344/tools/bin/../lib/gcc/arm-none-eabi/13.3.1/thumb/v7e-m+dp/hard\libgcc.a
LOAD C:/ST/STM32CubeIDE_1.17.0/STM32CubeIDE/plugins/com.st.stm32cube.ide.mcu.externaltools.gnu-tools-for-stm32.13.3.rel1.win32_1.0.0.202411081344/tools/bin/../lib/gcc/arm-none-eabi/13.3.1/../../../../arm-none-eabi/lib/thumb/v7e-m+dp/hard\libc_nano.a
LOAD C:/ST/STM32CubeIDE_1.17.0/STM32CubeIDE/plugins/com.st.stm32cube.ide.mcu.externaltools.gnu-tools-for-stm32.13.3.rel1.win32_1.0.0.202411081344/tools/bin/../lib/gcc/arm-none-eabi/13.3.1/../../../../arm-none-eabi/lib/thumb/v7e-m+dp/hard\libnosys.a
END GROUP
START GROUP
LOAD C:/ST/STM32CubeIDE_1.17.0/STM32CubeIDE/plugins/com.st.stm32cube.ide.mcu.externaltools.gnu-tools-for-stm32.13.3.rel1.win32_1.0.0.202411081344/tools/bin/../lib/gcc/arm-none-eabi/13.3.1/thumb/v7e-m+dp/hard\libgcc.a
LOAD C:/ST/STM32CubeIDE_1.17.0/STM32CubeIDE/plugins/com.st.stm32cube.ide.mcu.externaltools.gnu-tools-for-stm32.13.3.rel1.win32_1.0.0.202411081344/tools/bin/../lib/gcc/arm-none-eabi/13.3.1/../../../../arm-none-eabi/lib/thumb/v7e-m+dp/hard\libc_nano.a
LOAD C:/ST/STM32CubeIDE_1.17.0/STM32CubeIDE/plugins/com.st.stm32cube.ide.mcu.externaltools.gnu-tools-for-stm32.13.3.rel1.win32_1.0.0.202411081344/tools/bin/../lib/gcc/arm-none-eabi/13.3.1/../../../../arm-none-eabi/lib/thumb/v7e-m+dp/hard\libnosys.a
END GROUP
LOAD C:/ST/STM32CubeIDE_1.17.0/STM32CubeIDE/plugins/com.st.stm32cube.ide.mcu.externaltools.gnu-tools-for-stm32.13.3.rel1.win32_1.0.0.202411081344/tools/bin/../lib/gcc/arm-none-eabi/13.3.1/thumb/v7e-m+dp/hard/crtend.o
LOAD C:/ST/STM32CubeIDE_1.17.0/STM32CubeIDE/plugins/com.st.stm32cube.ide.mcu.externaltools.gnu-tools-for-stm32.13.3.rel1.win32_1.0.0.202411081344/tools/bin/../lib/gcc/arm-none-eabi/13.3.1/thumb/v7e-m+dp/hard/crtn.o
                0x20020000                        _estack = 0x20020000
                0x00000200                        _Min_Heap_Size = 0x200
                0x00000800                        _Min_Stack_Size = 0x800
                0x08008000                        SE_APP_GetActiveFwInfo = 0x8008000
                0x08020000                        __ICFEDIT_SLOT_Active_1_start__ = 0x8020000
                0x081fffff                        __ICFEDIT_SLOT_Active_1_end__ = 0x81fffff
                0x08020000                        __ICFEDIT_SLOT_Active_1_header__ = __ICFEDIT_SLOT_Active_1_start__
                0x00000000                        __ICFEDIT_SLOT_Active_2_header__ = 0x0
                0x00000000                        __ICFEDIT_SLOT_Active_2_start__ = 0x0
                0x00000000                        __ICFEDIT_SLOT_Active_2_end__ = 0x0
                0x00000000                        __ICFEDIT_SLOT_Active_3_header__ = 0x0
                0x00000000                        __ICFEDIT_SLOT_Active_3_start__ = 0x0
                0x00000000                        __ICFEDIT_SLOT_Active_3_end__ = 0x0
                0x00000400                        VECTOR_SIZE = 0x400
                0x08000400                        __ICFEDIT_SE_Code_region_ROM_start__ = (0x8000000 + VECTOR_SIZE)
                0x08000400                        __ICFEDIT_SE_CallGate_region_ROM_start__ = __ICFEDIT_SE_Code_region_ROM_start__
                0x080005ff                        __ICFEDIT_SE_CallGate_region_ROM_end__ = (__ICFEDIT_SE_Code_region_ROM_start__ + 0x1ff)
                0x08000600                        __ICFEDIT_SE_Key_region_ROM_start__ = (__ICFEDIT_SE_CallGate_region_ROM_end__ + 0x1)
                0x080008ff                        __ICFEDIT_SE_Key_region_ROM_end__ = (__ICFEDIT_SE_Key_region_ROM_start__ + 0x2ff)
                0x08000900                        __ICFEDIT_SE_Startup_region_ROM_start__ = (__ICFEDIT_SE_Key_region_ROM_end__ + 0x1)
                0x08000a00                        __ICFEDIT_SE_Code_nokey_region_ROM_start__ = (__ICFEDIT_SE_Startup_region_ROM_start__ + 0x100)
                0x08007fff                        __ICFEDIT_SE_Code_region_ROM_end__ = 0x8007fff
                0x08008000                        __ICFEDIT_SE_IF_region_ROM_start__ = 0x8008000
                0x080088ff                        __ICFEDIT_SE_IF_region_ROM_end__ = (__ICFEDIT_SE_IF_region_ROM_start__ + 0x8ff)
                0x08008900                        __ICFEDIT_SB_HDP_region_ROM_start__ = (__ICFEDIT_SE_IF_region_ROM_end__ + 0x1)
                0x080089ff                        __ICFEDIT_SB_HDP_region_ROM_end__ = (__ICFEDIT_SB_HDP_region_ROM_start__ + 0xff)
                0x08008a00                        __ICFEDIT_SB_region_ROM_start__ = (__ICFEDIT_SB_HDP_region_ROM_end__ + 0x1)
                0x0801ffff                        __ICFEDIT_SB_region_ROM_end__ = 0x801ffff
                0x00000200                        SE_Entry_Secure_ROM_Region_Length = ((__ICFEDIT_SE_CallGate_region_ROM_end__ - __ICFEDIT_SE_CallGate_region_ROM_start__) + 0x1)
                0x00000300                        SE_Key_region_ROM_Length = ((__ICFEDIT_SE_Key_region_ROM_end__ - __ICFEDIT_SE_Key_region_ROM_start__) + 0x1)
                0x00000100                        SE_Startup_region_ROM_Length = (__ICFEDIT_SE_Code_nokey_region_ROM_start__ - __ICFEDIT_SE_Startup_region_ROM_start__)
                0x00007600                        SE_ROM_region_Length = ((__ICFEDIT_SE_Code_region_ROM_end__ - __ICFEDIT_SE_Code_nokey_region_ROM_start__) + 0x1)
                0x00000900                        SE_IF_region_ROM_Length = ((__ICFEDIT_SE_IF_region_ROM_end__ - __ICFEDIT_SE_IF_region_ROM_start__) + 0x1)
                0x00000100                        SB_HDP_ROM_region_Length = ((__ICFEDIT_SB_HDP_region_ROM_end__ - __ICFEDIT_SB_HDP_region_ROM_start__) + 0x1)
                0x00017600                        SB_ROM_region_Length = ((__ICFEDIT_SB_region_ROM_end__ - __ICFEDIT_SB_region_ROM_start__) + 0x1)
                0x20000000                        __ICFEDIT_SE_region_RAM_start__ = 0x20000000
                0x20000400                        __ICFEDIT_SE_region_RAM_stack_top__ = 0x20000400
                0x20000fff                        __ICFEDIT_SE_region_RAM_end__ = 0x20000fff
                0x20001000                        __ICFEDIT_SB_HDP_Code_region_RAM_start__ = (__ICFEDIT_SE_region_RAM_end__ + 0x1)
                0x200010ff                        __ICFEDIT_SB_HDP_Code_region_RAM_end__ = (__ICFEDIT_SB_HDP_Code_region_RAM_start__ + 0xff)
                0x20001100                        __ICFEDIT_SB_region_RAM_start__ = (__ICFEDIT_SB_HDP_Code_region_RAM_end__ + 0x1)
                0x2001ffff                        __ICFEDIT_SB_region_RAM_end__ = 0x2001ffff
                0x00000c00                        SE_RAM_region_Length = ((__ICFEDIT_SE_region_RAM_end__ - __ICFEDIT_SE_region_RAM_stack_top__) + 0x1)
                0x00000100                        SB_HDP_CODE_RAM_region_Length = ((__ICFEDIT_SB_HDP_Code_region_RAM_end__ - __ICFEDIT_SB_HDP_Code_region_RAM_start__) + 0x1)
                0x0001ef00                        SB_RAM_region_Length = ((__ICFEDIT_SB_region_RAM_end__ - __ICFEDIT_SB_region_RAM_start__) + 0x1)
                0x08020400                        __ICFEDIT_intvec_start__ = (__ICFEDIT_SLOT_Active_1_start__ + 0x400)
                0x08020800                        APPLI_region_ROM_start = ((__ICFEDIT_SLOT_Active_1_start__ + VECTOR_SIZE) + 0x400)
                0x001df800                        APPLI_region_ROM_length = ((__ICFEDIT_SLOT_Active_1_end__ - APPLI_region_ROM_start) + 0x1)
                0x20001000                        APPLI_region_RAM_start = (__ICFEDIT_SE_region_RAM_end__ + 0x1)
                0x0001f000                        APPLI_region_RAM_length = (0x20020000 - APPLI_region_RAM_start)

.isr_vector     0x08020400      0x400
                0x08020400                        . = ALIGN (0x8)
 *(.isr_vector)
 .isr_vector    0x08020400      0x29c ./Application/Startup/startup_stm32h753xx.o
                0x08020400                g_pfnVectors
 FILL mask 0x00000000
                0x080207ff                        . = ((ORIGIN (ISR_VECTOR) + LENGTH (ISR_VECTOR)) - 0x1)
 *fill*         0x0802069c      0x163 00000000
                0x080207ff        0x1 BYTE 0x0
                0x08020800                        . = ALIGN (0x8)

.SE_IF_Code
 *se_interface_app.o(.text .text*)

.text           0x08020800     0x3c48
                0x08020800                        . = ALIGN (0x8)
 *(.text)
 .text          0x08020800       0x40 C:/ST/STM32CubeIDE_1.17.0/STM32CubeIDE/plugins/com.st.stm32cube.ide.mcu.externaltools.gnu-tools-for-stm32.13.3.rel1.win32_1.0.0.202411081344/tools/bin/../lib/gcc/arm-none-eabi/13.3.1/thumb/v7e-m+dp/hard/crtbegin.o
 .text          0x08020840       0xa0 C:/ST/STM32CubeIDE_1.17.0/STM32CubeIDE/plugins/com.st.stm32cube.ide.mcu.externaltools.gnu-tools-for-stm32.13.3.rel1.win32_1.0.0.202411081344/tools/bin/../lib/gcc/arm-none-eabi/13.3.1/../../../../arm-none-eabi/lib/thumb/v7e-m+dp/hard\libc_nano.a(libc_a-memchr.o)
                0x08020840                memchr
 .text          0x080208e0       0x30 C:/ST/STM32CubeIDE_1.17.0/STM32CubeIDE/plugins/com.st.stm32cube.ide.mcu.externaltools.gnu-tools-for-stm32.13.3.rel1.win32_1.0.0.202411081344/tools/bin/../lib/gcc/arm-none-eabi/13.3.1/thumb/v7e-m+dp/hard\libgcc.a(_aeabi_uldivmod.o)
                0x080208e0                __aeabi_uldivmod
 .text          0x08020910      0x2f8 C:/ST/STM32CubeIDE_1.17.0/STM32CubeIDE/plugins/com.st.stm32cube.ide.mcu.externaltools.gnu-tools-for-stm32.13.3.rel1.win32_1.0.0.202411081344/tools/bin/../lib/gcc/arm-none-eabi/13.3.1/thumb/v7e-m+dp/hard\libgcc.a(_udivmoddi4.o)
                0x08020910                __udivmoddi4
 .text          0x08020c08        0x4 C:/ST/STM32CubeIDE_1.17.0/STM32CubeIDE/plugins/com.st.stm32cube.ide.mcu.externaltools.gnu-tools-for-stm32.13.3.rel1.win32_1.0.0.202411081344/tools/bin/../lib/gcc/arm-none-eabi/13.3.1/thumb/v7e-m+dp/hard\libgcc.a(_dvmd_tls.o)
                0x08020c08                __aeabi_idiv0
                0x08020c08                __aeabi_ldiv0
 *(.text*)
 .text.Reset_Handler
                0x08020c0c       0x50 ./Application/Startup/startup_stm32h753xx.o
                0x08020c0c                Reset_Handler
 .text.Default_Handler
                0x08020c5c        0x2 ./Application/Startup/startup_stm32h753xx.o
                0x08020c5c                RTC_Alarm_IRQHandler
                0x08020c5c                HASH_RNG_IRQHandler
                0x08020c5c                EXTI2_IRQHandler
                0x08020c5c                TIM8_CC_IRQHandler
                0x08020c5c                HRTIM1_Master_IRQHandler
                0x08020c5c                UART8_IRQHandler
                0x08020c5c                SPI4_IRQHandler
                0x08020c5c                TIM1_CC_IRQHandler
                0x08020c5c                BDMA_Channel6_IRQHandler
                0x08020c5c                DMA2_Stream5_IRQHandler
                0x08020c5c                HRTIM1_FLT_IRQHandler
                0x08020c5c                JPEG_IRQHandler
                0x08020c5c                DMA1_Stream5_IRQHandler
                0x08020c5c                BDMA_Channel1_IRQHandler
                0x08020c5c                HRTIM1_TIMD_IRQHandler
                0x08020c5c                EXTI3_IRQHandler
                0x08020c5c                LPTIM4_IRQHandler
                0x08020c5c                TIM8_TRG_COM_TIM14_IRQHandler
                0x08020c5c                LPTIM2_IRQHandler
                0x08020c5c                DFSDM1_FLT1_IRQHandler
                0x08020c5c                DMAMUX2_OVR_IRQHandler
                0x08020c5c                TIM8_UP_TIM13_IRQHandler
                0x08020c5c                I2C3_ER_IRQHandler
                0x08020c5c                DFSDM1_FLT2_IRQHandler
                0x08020c5c                MDMA_IRQHandler
                0x08020c5c                LPTIM3_IRQHandler
                0x08020c5c                HSEM1_IRQHandler
                0x08020c5c                EXTI0_IRQHandler
                0x08020c5c                I2C2_EV_IRQHandler
                0x08020c5c                DMA1_Stream2_IRQHandler
                0x08020c5c                FPU_IRQHandler
                0x08020c5c                OTG_HS_WKUP_IRQHandler
                0x08020c5c                FDCAN1_IT1_IRQHandler
                0x08020c5c                LTDC_ER_IRQHandler
                0x08020c5c                DMA2_Stream2_IRQHandler
                0x08020c5c                HRTIM1_TIME_IRQHandler
                0x08020c5c                SPI1_IRQHandler
                0x08020c5c                TIM6_DAC_IRQHandler
                0x08020c5c                DCMI_IRQHandler
                0x08020c5c                HRTIM1_TIMC_IRQHandler
                0x08020c5c                DMA2_Stream3_IRQHandler
                0x08020c5c                SAI2_IRQHandler
                0x08020c5c                DFSDM1_FLT3_IRQHandler
                0x08020c5c                USART6_IRQHandler
                0x08020c5c                TIM17_IRQHandler
                0x08020c5c                USART3_IRQHandler
                0x08020c5c                BDMA_Channel7_IRQHandler
                0x08020c5c                CRYP_IRQHandler
                0x08020c5c                LPTIM5_IRQHandler
                0x08020c5c                UART5_IRQHandler
                0x08020c5c                ADC3_IRQHandler
                0x08020c5c                DMA2_Stream0_IRQHandler
                0x08020c5c                TIM4_IRQHandler
                0x08020c5c                BDMA_Channel2_IRQHandler
                0x08020c5c                QUADSPI_IRQHandler
                0x08020c5c                I2C1_EV_IRQHandler
                0x08020c5c                DMA1_Stream6_IRQHandler
                0x08020c5c                DMAMUX1_OVR_IRQHandler
                0x08020c5c                DMA1_Stream1_IRQHandler
                0x08020c5c                TIM16_IRQHandler
                0x08020c5c                UART4_IRQHandler
                0x08020c5c                BDMA_Channel5_IRQHandler
                0x08020c5c                TIM3_IRQHandler
                0x08020c5c                RCC_IRQHandler
                0x08020c5c                TIM8_BRK_TIM12_IRQHandler
                0x08020c5c                TIM1_TRG_COM_IRQHandler
                0x08020c5c                Default_Handler
                0x08020c5c                ECC_IRQHandler
                0x08020c5c                CEC_IRQHandler
                0x08020c5c                EXTI15_10_IRQHandler
                0x08020c5c                BDMA_Channel0_IRQHandler
                0x08020c5c                ADC_IRQHandler
                0x08020c5c                DMA1_Stream7_IRQHandler
                0x08020c5c                HRTIM1_TIMA_IRQHandler
                0x08020c5c                SPI5_IRQHandler
                0x08020c5c                TIM7_IRQHandler
                0x08020c5c                SDMMC1_IRQHandler
                0x08020c5c                TIM5_IRQHandler
                0x08020c5c                DMA2_Stream7_IRQHandler
                0x08020c5c                TIM15_IRQHandler
                0x08020c5c                PVD_AVD_IRQHandler
                0x08020c5c                I2C3_EV_IRQHandler
                0x08020c5c                EXTI9_5_IRQHandler
                0x08020c5c                RTC_WKUP_IRQHandler
                0x08020c5c                LTDC_IRQHandler
                0x08020c5c                SAI3_IRQHandler
                0x08020c5c                ETH_WKUP_IRQHandler
                0x08020c5c                SPDIF_RX_IRQHandler
                0x08020c5c                SPI2_IRQHandler
                0x08020c5c                OTG_HS_EP1_IN_IRQHandler
                0x08020c5c                DMA1_Stream0_IRQHandler
                0x08020c5c                CRS_IRQHandler
                0x08020c5c                EXTI4_IRQHandler
                0x08020c5c                HRTIM1_TIMB_IRQHandler
                0x08020c5c                FDCAN2_IT1_IRQHandler
                0x08020c5c                ETH_IRQHandler
                0x08020c5c                TIM1_UP_IRQHandler
                0x08020c5c                BDMA_Channel4_IRQHandler
                0x08020c5c                OTG_HS_EP1_OUT_IRQHandler
                0x08020c5c                WWDG_IRQHandler
                0x08020c5c                SPI6_IRQHandler
                0x08020c5c                MDIOS_IRQHandler
                0x08020c5c                I2C4_EV_IRQHandler
                0x08020c5c                FDCAN2_IT0_IRQHandler
                0x08020c5c                LPUART1_IRQHandler
                0x08020c5c                FDCAN1_IT0_IRQHandler
                0x08020c5c                TIM2_IRQHandler
                0x08020c5c                OTG_FS_WKUP_IRQHandler
                0x08020c5c                OTG_HS_IRQHandler
                0x08020c5c                DMA2D_IRQHandler
                0x08020c5c                TIM1_BRK_IRQHandler
                0x08020c5c                EXTI1_IRQHandler
                0x08020c5c                SDMMC2_IRQHandler
                0x08020c5c                OTG_FS_EP1_OUT_IRQHandler
                0x08020c5c                BDMA_Channel3_IRQHandler
                0x08020c5c                UART7_IRQHandler
                0x08020c5c                MDIOS_WKUP_IRQHandler
                0x08020c5c                USART2_IRQHandler
                0x08020c5c                DFSDM1_FLT0_IRQHandler
                0x08020c5c                SAI4_IRQHandler
                0x08020c5c                I2C2_ER_IRQHandler
                0x08020c5c                DMA2_Stream1_IRQHandler
                0x08020c5c                DMA2_Stream4_IRQHandler
                0x08020c5c                USART1_IRQHandler
                0x08020c5c                OTG_FS_IRQHandler
                0x08020c5c                SPI3_IRQHandler
                0x08020c5c                WAKEUP_PIN_IRQHandler
                0x08020c5c                DMA1_Stream4_IRQHandler
                0x08020c5c                OTG_FS_EP1_IN_IRQHandler
                0x08020c5c                I2C1_ER_IRQHandler
                0x08020c5c                FMC_IRQHandler
                0x08020c5c                FDCAN_CAL_IRQHandler
                0x08020c5c                SWPMI1_IRQHandler
                0x08020c5c                COMP1_IRQHandler
                0x08020c5c                LPTIM1_IRQHandler
                0x08020c5c                I2C4_ER_IRQHandler
                0x08020c5c                DMA2_Stream6_IRQHandler
                0x08020c5c                SAI1_IRQHandler
                0x08020c5c                DMA1_Stream3_IRQHandler
 *fill*         0x08020c5e        0x2 
 .text.COM_Init
                0x08020c60       0x4c ./Application/User/com.o
                0x08020c60                COM_Init
 .text.HAL_UART_MspInit
                0x08020cac       0x9c ./Application/User/com.o
                0x08020cac                HAL_UART_MspInit
 .text.COM_Receive
                0x08020d48       0x10 ./Application/User/com.o
                0x08020d48                COM_Receive
 .text.COM_Flush
                0x08020d58       0x1c ./Application/User/com.o
                0x08020d58                COM_Flush
 .text.__io_putchar
                0x08020d74       0x20 ./Application/User/com.o
                0x08020d74                __io_putchar
 .text.FLASH_INT_If_Clear_Error
                0x08020d94       0x38 ./Application/User/flash_if.o
 .text.FLASH_If_Init
                0x08020dcc        0x4 ./Application/User/flash_if.o
                0x08020dcc                FLASH_If_Init
 .text.FLASH_INT_If_Write
                0x08020dd0       0x68 ./Application/User/flash_if.o
                0x08020dd0                FLASH_INT_If_Write
 .text.FLASH_If_Write
                0x08020e38        0xe ./Application/User/flash_if.o
                0x08020e38                FLASH_If_Write
 *fill*         0x08020e46        0x2 
 .text.FW_UPDATE_Run
                0x08020e48        0xc ./Application/User/fw_update_app.o
                0x08020e48                FW_UPDATE_Run
 .text.FW_UPDATE_MULTIPLE_RunMenu
                0x08020e54        0x4 ./Application/User/fw_update_app.o
                0x08020e54                FW_UPDATE_MULTIPLE_RunMenu
 .text.FW_VALIDATE_RunMenu
                0x08020e58        0x4 ./Application/User/fw_update_app.o
                0x08020e58                FW_VALIDATE_RunMenu
 .text.FW_APP_PrintMainMenu
                0x08020e5c       0x4c ./Application/User/main.o
                0x08020e5c                FW_APP_PrintMainMenu
 .text.FW_APP_Run
                0x08020ea8       0x74 ./Application/User/main.o
                0x08020ea8                FW_APP_Run
 .text.startup.main
                0x08020f1c      0x1bc ./Application/User/main.o
                0x08020f1c                main
 .text.SE_USER_CODE_PrintMenu
                0x080210d8       0x44 ./Application/User/se_user_code.o
 .text.SE_USER_CODE_RunMenu
                0x0802111c      0x110 ./Application/User/se_user_code.o
                0x0802111c                SE_USER_CODE_RunMenu
 .text.NMI_Handler
                0x0802122c        0x2 ./Application/User/stm32h7xx_it.o
                0x0802122c                NMI_Handler
 .text.HardFault_Handler
                0x0802122e        0x2 ./Application/User/stm32h7xx_it.o
                0x0802122e                HardFault_Handler
 .text.MemManage_Handler
                0x08021230        0x2 ./Application/User/stm32h7xx_it.o
                0x08021230                MemManage_Handler
 .text.BusFault_Handler
                0x08021232        0x2 ./Application/User/stm32h7xx_it.o
                0x08021232                BusFault_Handler
 .text.UsageFault_Handler
                0x08021234        0x2 ./Application/User/stm32h7xx_it.o
                0x08021234                UsageFault_Handler
 .text.SVC_Handler
                0x08021236        0x2 ./Application/User/stm32h7xx_it.o
                0x08021236                SVC_Handler
 .text.DebugMon_Handler
                0x08021238        0x2 ./Application/User/stm32h7xx_it.o
                0x08021238                DebugMon_Handler
 .text.PendSV_Handler
                0x0802123a        0x2 ./Application/User/stm32h7xx_it.o
                0x0802123a                PendSV_Handler
 .text.SysTick_Handler
                0x0802123c        0x4 ./Application/User/stm32h7xx_it.o
                0x0802123c                SysTick_Handler
 .text.FLASH_IRQHandler
                0x08021240        0x4 ./Application/User/stm32h7xx_it.o
                0x08021240                FLASH_IRQHandler
 .text.TAMP_STAMP_IRQHandler
                0x08021244       0x14 ./Application/User/stm32h7xx_it.o
                0x08021244                TAMP_STAMP_IRQHandler
 .text._read    0x08021258       0x1c ./Application/User/syscalls.o
                0x08021258                _read
 .text._write   0x08021274       0x1c ./Application/User/syscalls.o
                0x08021274                _write
 .text._sbrk    0x08021290       0x34 ./Application/User/syscalls.o
                0x08021290                _sbrk
 .text._close   0x080212c4        0x6 ./Application/User/syscalls.o
                0x080212c4                _close
 .text._fstat   0x080212ca        0xa ./Application/User/syscalls.o
                0x080212ca                _fstat
 .text._isatty  0x080212d4        0x4 ./Application/User/syscalls.o
                0x080212d4                _isatty
 .text._lseek   0x080212d8        0x4 ./Application/User/syscalls.o
                0x080212d8                _lseek
 .text.__NVIC_SystemReset
                0x080212dc       0x24 ./Application/User/test_protections.o
 .text.TEST_PROTECTIONS_CORRUPT_PrintMenu
                0x08021300       0x44 ./Application/User/test_protections.o
 .text.TEST_PROTECTIONS_PrintTestingMenu
                0x08021344       0x58 ./Application/User/test_protections.o
 .text.TEST_PROTECTIONS_RunMenu
                0x0802139c      0x280 ./Application/User/test_protections.o
                0x0802139c                TEST_PROTECTIONS_RunMenu
 .text.HAL_RTCEx_Tamper3EventCallback
                0x0802161c        0xc ./Application/User/test_protections.o
                0x0802161c                HAL_RTCEx_Tamper3EventCallback
 .text.BSP_LED_Init
                0x08021628       0x64 ./Drivers/BSP/STM32H7xx_Nucleo_144/stm32h7xx_nucleo_144.o
                0x08021628                BSP_LED_Init
 .text.BSP_LED_Toggle
                0x0802168c       0x18 ./Drivers/BSP/STM32H7xx_Nucleo_144/stm32h7xx_nucleo_144.o
                0x0802168c                BSP_LED_Toggle
 .text.BSP_PB_Init
                0x080216a4       0x80 ./Drivers/BSP/STM32H7xx_Nucleo_144/stm32h7xx_nucleo_144.o
                0x080216a4                BSP_PB_Init
 .text.SystemInit
                0x08021724       0x68 ./Drivers/CMSIS/system_stm32h7xx.o
                0x08021724                SystemInit
 .text.HAL_MspInit
                0x0802178c        0x2 ./Drivers/STM32H7xx_HAL_Driver/stm32h7xx_hal.o
                0x0802178c                HAL_MspInit
 *fill*         0x0802178e        0x2 
 .text.HAL_InitTick
                0x08021790       0x48 ./Drivers/STM32H7xx_HAL_Driver/stm32h7xx_hal.o
                0x08021790                HAL_InitTick
 .text.HAL_Init
                0x080217d8       0x5c ./Drivers/STM32H7xx_HAL_Driver/stm32h7xx_hal.o
                0x080217d8                HAL_Init
 .text.HAL_IncTick
                0x08021834       0x18 ./Drivers/STM32H7xx_HAL_Driver/stm32h7xx_hal.o
                0x08021834                HAL_IncTick
 .text.HAL_GetTick
                0x0802184c        0xc ./Drivers/STM32H7xx_HAL_Driver/stm32h7xx_hal.o
                0x0802184c                HAL_GetTick
 .text.HAL_Delay
                0x08021858       0x24 ./Drivers/STM32H7xx_HAL_Driver/stm32h7xx_hal.o
                0x08021858                HAL_Delay
 .text.HAL_GetREVID
                0x0802187c        0xc ./Drivers/STM32H7xx_HAL_Driver/stm32h7xx_hal.o
                0x0802187c                HAL_GetREVID
 .text.HAL_NVIC_SetPriorityGrouping
                0x08021888       0x24 ./Drivers/STM32H7xx_HAL_Driver/stm32h7xx_hal_cortex.o
                0x08021888                HAL_NVIC_SetPriorityGrouping
 .text.HAL_NVIC_SetPriority
                0x080218ac       0x64 ./Drivers/STM32H7xx_HAL_Driver/stm32h7xx_hal_cortex.o
                0x080218ac                HAL_NVIC_SetPriority
 .text.HAL_NVIC_EnableIRQ
                0x08021910       0x1c ./Drivers/STM32H7xx_HAL_Driver/stm32h7xx_hal_cortex.o
                0x08021910                HAL_NVIC_EnableIRQ
 .text.HAL_SYSTICK_Config
                0x0802192c       0x28 ./Drivers/STM32H7xx_HAL_Driver/stm32h7xx_hal_cortex.o
                0x0802192c                HAL_SYSTICK_Config
 .text.HAL_FLASH_EndOfOperationCallback
                0x08021954        0x2 ./Drivers/STM32H7xx_HAL_Driver/stm32h7xx_hal_flash.o
                0x08021954                HAL_FLASH_EndOfOperationCallback
 .text.HAL_FLASH_OperationErrorCallback
                0x08021956        0x2 ./Drivers/STM32H7xx_HAL_Driver/stm32h7xx_hal_flash.o
                0x08021956                HAL_FLASH_OperationErrorCallback
 .text.HAL_FLASH_IRQHandler
                0x08021958      0x1b4 ./Drivers/STM32H7xx_HAL_Driver/stm32h7xx_hal_flash.o
                0x08021958                HAL_FLASH_IRQHandler
 .text.HAL_FLASH_Unlock
                0x08021b0c       0x4c ./Drivers/STM32H7xx_HAL_Driver/stm32h7xx_hal_flash.o
                0x08021b0c                HAL_FLASH_Unlock
 .text.HAL_FLASH_Lock
                0x08021b58       0x30 ./Drivers/STM32H7xx_HAL_Driver/stm32h7xx_hal_flash.o
                0x08021b58                HAL_FLASH_Lock
 .text.FLASH_WaitForLastOperation
                0x08021b88       0xb8 ./Drivers/STM32H7xx_HAL_Driver/stm32h7xx_hal_flash.o
                0x08021b88                FLASH_WaitForLastOperation
 .text.HAL_FLASH_Program
                0x08021c40       0xac ./Drivers/STM32H7xx_HAL_Driver/stm32h7xx_hal_flash.o
                0x08021c40                HAL_FLASH_Program
 .text.FLASH_Erase_Sector
                0x08021cec       0x48 ./Drivers/STM32H7xx_HAL_Driver/stm32h7xx_hal_flash_ex.o
                0x08021cec                FLASH_Erase_Sector
 .text.HAL_GPIO_Init
                0x08021d34      0x1d0 ./Drivers/STM32H7xx_HAL_Driver/stm32h7xx_hal_gpio.o
                0x08021d34                HAL_GPIO_Init
 .text.HAL_GPIO_WritePin
                0x08021f04        0xa ./Drivers/STM32H7xx_HAL_Driver/stm32h7xx_hal_gpio.o
                0x08021f04                HAL_GPIO_WritePin
 .text.HAL_GPIO_TogglePin
                0x08021f0e       0x12 ./Drivers/STM32H7xx_HAL_Driver/stm32h7xx_hal_gpio.o
                0x08021f0e                HAL_GPIO_TogglePin
 .text.HAL_PWREx_ConfigSupply
                0x08021f20       0x48 ./Drivers/STM32H7xx_HAL_Driver/stm32h7xx_hal_pwr_ex.o
                0x08021f20                HAL_PWREx_ConfigSupply
 .text.HAL_RCC_OscConfig
                0x08021f68      0x550 ./Drivers/STM32H7xx_HAL_Driver/stm32h7xx_hal_rcc.o
                0x08021f68                HAL_RCC_OscConfig
 .text.HAL_RCC_GetSysClockFreq
                0x080224b8      0x144 ./Drivers/STM32H7xx_HAL_Driver/stm32h7xx_hal_rcc.o
                0x080224b8                HAL_RCC_GetSysClockFreq
 .text.HAL_RCC_ClockConfig
                0x080225fc      0x24c ./Drivers/STM32H7xx_HAL_Driver/stm32h7xx_hal_rcc.o
                0x080225fc                HAL_RCC_ClockConfig
 .text.HAL_RCC_GetHCLKFreq
                0x08022848       0x44 ./Drivers/STM32H7xx_HAL_Driver/stm32h7xx_hal_rcc.o
                0x08022848                HAL_RCC_GetHCLKFreq
 .text.HAL_RCC_GetPCLK1Freq
                0x0802288c       0x24 ./Drivers/STM32H7xx_HAL_Driver/stm32h7xx_hal_rcc.o
                0x0802288c                HAL_RCC_GetPCLK1Freq
 .text.HAL_RCC_GetPCLK2Freq
                0x080228b0       0x24 ./Drivers/STM32H7xx_HAL_Driver/stm32h7xx_hal_rcc.o
                0x080228b0                HAL_RCC_GetPCLK2Freq
 .text.HAL_RCCEx_GetD3PCLK1Freq
                0x080228d4       0x24 ./Drivers/STM32H7xx_HAL_Driver/stm32h7xx_hal_rcc_ex.o
                0x080228d4                HAL_RCCEx_GetD3PCLK1Freq
 .text.HAL_RCCEx_GetPLL2ClockFreq
                0x080228f8      0x154 ./Drivers/STM32H7xx_HAL_Driver/stm32h7xx_hal_rcc_ex.o
                0x080228f8                HAL_RCCEx_GetPLL2ClockFreq
 .text.HAL_RCCEx_GetPLL3ClockFreq
                0x08022a4c      0x154 ./Drivers/STM32H7xx_HAL_Driver/stm32h7xx_hal_rcc_ex.o
                0x08022a4c                HAL_RCCEx_GetPLL3ClockFreq
 .text.HAL_RTCEx_TimeStampEventCallback
                0x08022ba0        0x2 ./Drivers/STM32H7xx_HAL_Driver/stm32h7xx_hal_rtc_ex.o
                0x08022ba0                HAL_RTCEx_TimeStampEventCallback
 .text.HAL_RTCEx_Tamper1EventCallback
                0x08022ba2        0x2 ./Drivers/STM32H7xx_HAL_Driver/stm32h7xx_hal_rtc_ex.o
                0x08022ba2                HAL_RTCEx_Tamper1EventCallback
 .text.HAL_RTCEx_Tamper2EventCallback
                0x08022ba4        0x2 ./Drivers/STM32H7xx_HAL_Driver/stm32h7xx_hal_rtc_ex.o
                0x08022ba4                HAL_RTCEx_Tamper2EventCallback
 *fill*         0x08022ba6        0x2 
 .text.HAL_RTCEx_TamperTimeStampIRQHandler
                0x08022ba8       0xb0 ./Drivers/STM32H7xx_HAL_Driver/stm32h7xx_hal_rtc_ex.o
                0x08022ba8                HAL_RTCEx_TamperTimeStampIRQHandler
 .text.UART_EndRxTransfer
                0x08022c58       0x58 ./Drivers/STM32H7xx_HAL_Driver/stm32h7xx_hal_uart.o
 .text.UART_SetConfig
                0x08022cb0      0x2fc ./Drivers/STM32H7xx_HAL_Driver/stm32h7xx_hal_uart.o
                0x08022cb0                UART_SetConfig
 .text.UART_AdvFeatureConfig
                0x08022fac       0xaa ./Drivers/STM32H7xx_HAL_Driver/stm32h7xx_hal_uart.o
                0x08022fac                UART_AdvFeatureConfig
 .text.UART_WaitOnFlagUntilTimeout
                0x08023056       0x90 ./Drivers/STM32H7xx_HAL_Driver/stm32h7xx_hal_uart.o
                0x08023056                UART_WaitOnFlagUntilTimeout
 .text.HAL_UART_Transmit
                0x080230e6       0xaa ./Drivers/STM32H7xx_HAL_Driver/stm32h7xx_hal_uart.o
                0x080230e6                HAL_UART_Transmit
 .text.HAL_UART_Receive
                0x08023190       0xd6 ./Drivers/STM32H7xx_HAL_Driver/stm32h7xx_hal_uart.o
                0x08023190                HAL_UART_Receive
 .text.UART_CheckIdleState
                0x08023266       0xb6 ./Drivers/STM32H7xx_HAL_Driver/stm32h7xx_hal_uart.o
                0x08023266                UART_CheckIdleState
 .text.HAL_UART_Init
                0x0802331c       0x60 ./Drivers/STM32H7xx_HAL_Driver/stm32h7xx_hal_uart.o
                0x0802331c                HAL_UART_Init
 .text.std      0x0802337c       0x6c C:/ST/STM32CubeIDE_1.17.0/STM32CubeIDE/plugins/com.st.stm32cube.ide.mcu.externaltools.gnu-tools-for-stm32.13.3.rel1.win32_1.0.0.202411081344/tools/bin/../lib/gcc/arm-none-eabi/13.3.1/../../../../arm-none-eabi/lib/thumb/v7e-m+dp/hard\libc_nano.a(libc_a-findfp.o)
 .text.stdio_exit_handler
                0x080233e8       0x18 C:/ST/STM32CubeIDE_1.17.0/STM32CubeIDE/plugins/com.st.stm32cube.ide.mcu.externaltools.gnu-tools-for-stm32.13.3.rel1.win32_1.0.0.202411081344/tools/bin/../lib/gcc/arm-none-eabi/13.3.1/../../../../arm-none-eabi/lib/thumb/v7e-m+dp/hard\libc_nano.a(libc_a-findfp.o)
 .text.cleanup_stdio
                0x08023400       0x40 C:/ST/STM32CubeIDE_1.17.0/STM32CubeIDE/plugins/com.st.stm32cube.ide.mcu.externaltools.gnu-tools-for-stm32.13.3.rel1.win32_1.0.0.202411081344/tools/bin/../lib/gcc/arm-none-eabi/13.3.1/../../../../arm-none-eabi/lib/thumb/v7e-m+dp/hard\libc_nano.a(libc_a-findfp.o)
 .text.global_stdio_init.part.0
                0x08023440       0x3c C:/ST/STM32CubeIDE_1.17.0/STM32CubeIDE/plugins/com.st.stm32cube.ide.mcu.externaltools.gnu-tools-for-stm32.13.3.rel1.win32_1.0.0.202411081344/tools/bin/../lib/gcc/arm-none-eabi/13.3.1/../../../../arm-none-eabi/lib/thumb/v7e-m+dp/hard\libc_nano.a(libc_a-findfp.o)
 .text.__sfp_lock_acquire
                0x0802347c        0xc C:/ST/STM32CubeIDE_1.17.0/STM32CubeIDE/plugins/com.st.stm32cube.ide.mcu.externaltools.gnu-tools-for-stm32.13.3.rel1.win32_1.0.0.202411081344/tools/bin/../lib/gcc/arm-none-eabi/13.3.1/../../../../arm-none-eabi/lib/thumb/v7e-m+dp/hard\libc_nano.a(libc_a-findfp.o)
                0x0802347c                __sfp_lock_acquire
 .text.__sfp_lock_release
                0x08023488        0xc C:/ST/STM32CubeIDE_1.17.0/STM32CubeIDE/plugins/com.st.stm32cube.ide.mcu.externaltools.gnu-tools-for-stm32.13.3.rel1.win32_1.0.0.202411081344/tools/bin/../lib/gcc/arm-none-eabi/13.3.1/../../../../arm-none-eabi/lib/thumb/v7e-m+dp/hard\libc_nano.a(libc_a-findfp.o)
                0x08023488                __sfp_lock_release
 .text.__sinit  0x08023494       0x30 C:/ST/STM32CubeIDE_1.17.0/STM32CubeIDE/plugins/com.st.stm32cube.ide.mcu.externaltools.gnu-tools-for-stm32.13.3.rel1.win32_1.0.0.202411081344/tools/bin/../lib/gcc/arm-none-eabi/13.3.1/../../../../arm-none-eabi/lib/thumb/v7e-m+dp/hard\libc_nano.a(libc_a-findfp.o)
                0x08023494                __sinit
 .text._fwalk_sglue
                0x080234c4       0x3c C:/ST/STM32CubeIDE_1.17.0/STM32CubeIDE/plugins/com.st.stm32cube.ide.mcu.externaltools.gnu-tools-for-stm32.13.3.rel1.win32_1.0.0.202411081344/tools/bin/../lib/gcc/arm-none-eabi/13.3.1/../../../../arm-none-eabi/lib/thumb/v7e-m+dp/hard\libc_nano.a(libc_a-fwalk.o)
                0x080234c4                _fwalk_sglue
 .text.printf   0x08023500       0x24 C:/ST/STM32CubeIDE_1.17.0/STM32CubeIDE/plugins/com.st.stm32cube.ide.mcu.externaltools.gnu-tools-for-stm32.13.3.rel1.win32_1.0.0.202411081344/tools/bin/../lib/gcc/arm-none-eabi/13.3.1/../../../../arm-none-eabi/lib/thumb/v7e-m+dp/hard\libc_nano.a(libc_a-printf.o)
                0x08023500                iprintf
                0x08023500                printf
 .text._puts_r  0x08023524       0xaa C:/ST/STM32CubeIDE_1.17.0/STM32CubeIDE/plugins/com.st.stm32cube.ide.mcu.externaltools.gnu-tools-for-stm32.13.3.rel1.win32_1.0.0.202411081344/tools/bin/../lib/gcc/arm-none-eabi/13.3.1/../../../../arm-none-eabi/lib/thumb/v7e-m+dp/hard\libc_nano.a(libc_a-puts.o)
                0x08023524                _puts_r
 *fill*         0x080235ce        0x2 
 .text.puts     0x080235d0       0x10 C:/ST/STM32CubeIDE_1.17.0/STM32CubeIDE/plugins/com.st.stm32cube.ide.mcu.externaltools.gnu-tools-for-stm32.13.3.rel1.win32_1.0.0.202411081344/tools/bin/../lib/gcc/arm-none-eabi/13.3.1/../../../../arm-none-eabi/lib/thumb/v7e-m+dp/hard\libc_nano.a(libc_a-puts.o)
                0x080235d0                puts
 .text.setvbuf  0x080235e0      0x168 C:/ST/STM32CubeIDE_1.17.0/STM32CubeIDE/plugins/com.st.stm32cube.ide.mcu.externaltools.gnu-tools-for-stm32.13.3.rel1.win32_1.0.0.202411081344/tools/bin/../lib/gcc/arm-none-eabi/13.3.1/../../../../arm-none-eabi/lib/thumb/v7e-m+dp/hard\libc_nano.a(libc_a-setvbuf.o)
                0x080235e0                setvbuf
 .text.__sread  0x08023748       0x22 C:/ST/STM32CubeIDE_1.17.0/STM32CubeIDE/plugins/com.st.stm32cube.ide.mcu.externaltools.gnu-tools-for-stm32.13.3.rel1.win32_1.0.0.202411081344/tools/bin/../lib/gcc/arm-none-eabi/13.3.1/../../../../arm-none-eabi/lib/thumb/v7e-m+dp/hard\libc_nano.a(libc_a-stdio.o)
                0x08023748                __sread
 .text.__swrite
                0x0802376a       0x38 C:/ST/STM32CubeIDE_1.17.0/STM32CubeIDE/plugins/com.st.stm32cube.ide.mcu.externaltools.gnu-tools-for-stm32.13.3.rel1.win32_1.0.0.202411081344/tools/bin/../lib/gcc/arm-none-eabi/13.3.1/../../../../arm-none-eabi/lib/thumb/v7e-m+dp/hard\libc_nano.a(libc_a-stdio.o)
                0x0802376a                __swrite
 .text.__sseek  0x080237a2       0x24 C:/ST/STM32CubeIDE_1.17.0/STM32CubeIDE/plugins/com.st.stm32cube.ide.mcu.externaltools.gnu-tools-for-stm32.13.3.rel1.win32_1.0.0.202411081344/tools/bin/../lib/gcc/arm-none-eabi/13.3.1/../../../../arm-none-eabi/lib/thumb/v7e-m+dp/hard\libc_nano.a(libc_a-stdio.o)
                0x080237a2                __sseek
 .text.__sclose
                0x080237c6        0x8 C:/ST/STM32CubeIDE_1.17.0/STM32CubeIDE/plugins/com.st.stm32cube.ide.mcu.externaltools.gnu-tools-for-stm32.13.3.rel1.win32_1.0.0.202411081344/tools/bin/../lib/gcc/arm-none-eabi/13.3.1/../../../../arm-none-eabi/lib/thumb/v7e-m+dp/hard\libc_nano.a(libc_a-stdio.o)
                0x080237c6                __sclose
 .text.__swbuf_r
                0x080237ce       0x7c C:/ST/STM32CubeIDE_1.17.0/STM32CubeIDE/plugins/com.st.stm32cube.ide.mcu.externaltools.gnu-tools-for-stm32.13.3.rel1.win32_1.0.0.202411081344/tools/bin/../lib/gcc/arm-none-eabi/13.3.1/../../../../arm-none-eabi/lib/thumb/v7e-m+dp/hard\libc_nano.a(libc_a-wbuf.o)
                0x080237ce                __swbuf_r
 *fill*         0x0802384a        0x2 
 .text.__swsetup_r
                0x0802384c       0xac C:/ST/STM32CubeIDE_1.17.0/STM32CubeIDE/plugins/com.st.stm32cube.ide.mcu.externaltools.gnu-tools-for-stm32.13.3.rel1.win32_1.0.0.202411081344/tools/bin/../lib/gcc/arm-none-eabi/13.3.1/../../../../arm-none-eabi/lib/thumb/v7e-m+dp/hard\libc_nano.a(libc_a-wsetup.o)
                0x0802384c                __swsetup_r
 .text.memcmp   0x080238f8       0x20 C:/ST/STM32CubeIDE_1.17.0/STM32CubeIDE/plugins/com.st.stm32cube.ide.mcu.externaltools.gnu-tools-for-stm32.13.3.rel1.win32_1.0.0.202411081344/tools/bin/../lib/gcc/arm-none-eabi/13.3.1/../../../../arm-none-eabi/lib/thumb/v7e-m+dp/hard\libc_nano.a(libc_a-memcmp.o)
                0x080238f8                memcmp
 .text.memset   0x08023918       0x10 C:/ST/STM32CubeIDE_1.17.0/STM32CubeIDE/plugins/com.st.stm32cube.ide.mcu.externaltools.gnu-tools-for-stm32.13.3.rel1.win32_1.0.0.202411081344/tools/bin/../lib/gcc/arm-none-eabi/13.3.1/../../../../arm-none-eabi/lib/thumb/v7e-m+dp/hard\libc_nano.a(libc_a-memset.o)
                0x08023918                memset
 .text._close_r
                0x08023928       0x20 C:/ST/STM32CubeIDE_1.17.0/STM32CubeIDE/plugins/com.st.stm32cube.ide.mcu.externaltools.gnu-tools-for-stm32.13.3.rel1.win32_1.0.0.202411081344/tools/bin/../lib/gcc/arm-none-eabi/13.3.1/../../../../arm-none-eabi/lib/thumb/v7e-m+dp/hard\libc_nano.a(libc_a-closer.o)
                0x08023928                _close_r
 .text._lseek_r
                0x08023948       0x24 C:/ST/STM32CubeIDE_1.17.0/STM32CubeIDE/plugins/com.st.stm32cube.ide.mcu.externaltools.gnu-tools-for-stm32.13.3.rel1.win32_1.0.0.202411081344/tools/bin/../lib/gcc/arm-none-eabi/13.3.1/../../../../arm-none-eabi/lib/thumb/v7e-m+dp/hard\libc_nano.a(libc_a-lseekr.o)
                0x08023948                _lseek_r
 .text._read_r  0x0802396c       0x24 C:/ST/STM32CubeIDE_1.17.0/STM32CubeIDE/plugins/com.st.stm32cube.ide.mcu.externaltools.gnu-tools-for-stm32.13.3.rel1.win32_1.0.0.202411081344/tools/bin/../lib/gcc/arm-none-eabi/13.3.1/../../../../arm-none-eabi/lib/thumb/v7e-m+dp/hard\libc_nano.a(libc_a-readr.o)
                0x0802396c                _read_r
 .text._write_r
                0x08023990       0x24 C:/ST/STM32CubeIDE_1.17.0/STM32CubeIDE/plugins/com.st.stm32cube.ide.mcu.externaltools.gnu-tools-for-stm32.13.3.rel1.win32_1.0.0.202411081344/tools/bin/../lib/gcc/arm-none-eabi/13.3.1/../../../../arm-none-eabi/lib/thumb/v7e-m+dp/hard\libc_nano.a(libc_a-writer.o)
                0x08023990                _write_r
 .text.__errno  0x080239b4        0xc C:/ST/STM32CubeIDE_1.17.0/STM32CubeIDE/plugins/com.st.stm32cube.ide.mcu.externaltools.gnu-tools-for-stm32.13.3.rel1.win32_1.0.0.202411081344/tools/bin/../lib/gcc/arm-none-eabi/13.3.1/../../../../arm-none-eabi/lib/thumb/v7e-m+dp/hard\libc_nano.a(libc_a-errno.o)
                0x080239b4                __errno
 .text.__libc_init_array
                0x080239c0       0x48 C:/ST/STM32CubeIDE_1.17.0/STM32CubeIDE/plugins/com.st.stm32cube.ide.mcu.externaltools.gnu-tools-for-stm32.13.3.rel1.win32_1.0.0.202411081344/tools/bin/../lib/gcc/arm-none-eabi/13.3.1/../../../../arm-none-eabi/lib/thumb/v7e-m+dp/hard\libc_nano.a(libc_a-init.o)
                0x080239c0                __libc_init_array
 .text.__retarget_lock_init_recursive
                0x08023a08        0x2 C:/ST/STM32CubeIDE_1.17.0/STM32CubeIDE/plugins/com.st.stm32cube.ide.mcu.externaltools.gnu-tools-for-stm32.13.3.rel1.win32_1.0.0.202411081344/tools/bin/../lib/gcc/arm-none-eabi/13.3.1/../../../../arm-none-eabi/lib/thumb/v7e-m+dp/hard\libc_nano.a(libc_a-lock.o)
                0x08023a08                __retarget_lock_init_recursive
 .text.__retarget_lock_acquire_recursive
                0x08023a0a        0x2 C:/ST/STM32CubeIDE_1.17.0/STM32CubeIDE/plugins/com.st.stm32cube.ide.mcu.externaltools.gnu-tools-for-stm32.13.3.rel1.win32_1.0.0.202411081344/tools/bin/../lib/gcc/arm-none-eabi/13.3.1/../../../../arm-none-eabi/lib/thumb/v7e-m+dp/hard\libc_nano.a(libc_a-lock.o)
                0x08023a0a                __retarget_lock_acquire_recursive
 .text.__retarget_lock_release_recursive
                0x08023a0c        0x2 C:/ST/STM32CubeIDE_1.17.0/STM32CubeIDE/plugins/com.st.stm32cube.ide.mcu.externaltools.gnu-tools-for-stm32.13.3.rel1.win32_1.0.0.202411081344/tools/bin/../lib/gcc/arm-none-eabi/13.3.1/../../../../arm-none-eabi/lib/thumb/v7e-m+dp/hard\libc_nano.a(libc_a-lock.o)
                0x08023a0c                __retarget_lock_release_recursive
 *fill*         0x08023a0e        0x2 
 .text._free_r  0x08023a10       0x94 C:/ST/STM32CubeIDE_1.17.0/STM32CubeIDE/plugins/com.st.stm32cube.ide.mcu.externaltools.gnu-tools-for-stm32.13.3.rel1.win32_1.0.0.202411081344/tools/bin/../lib/gcc/arm-none-eabi/13.3.1/../../../../arm-none-eabi/lib/thumb/v7e-m+dp/hard\libc_nano.a(libc_a-freer.o)
                0x08023a10                _free_r
 .text.malloc   0x08023aa4       0x10 C:/ST/STM32CubeIDE_1.17.0/STM32CubeIDE/plugins/com.st.stm32cube.ide.mcu.externaltools.gnu-tools-for-stm32.13.3.rel1.win32_1.0.0.202411081344/tools/bin/../lib/gcc/arm-none-eabi/13.3.1/../../../../arm-none-eabi/lib/thumb/v7e-m+dp/hard\libc_nano.a(libc_a-malloc.o)
                0x08023aa4                malloc
 .text.sbrk_aligned
                0x08023ab4       0x44 C:/ST/STM32CubeIDE_1.17.0/STM32CubeIDE/plugins/com.st.stm32cube.ide.mcu.externaltools.gnu-tools-for-stm32.13.3.rel1.win32_1.0.0.202411081344/tools/bin/../lib/gcc/arm-none-eabi/13.3.1/../../../../arm-none-eabi/lib/thumb/v7e-m+dp/hard\libc_nano.a(libc_a-mallocr.o)
 .text._malloc_r
                0x08023af8      0x100 C:/ST/STM32CubeIDE_1.17.0/STM32CubeIDE/plugins/com.st.stm32cube.ide.mcu.externaltools.gnu-tools-for-stm32.13.3.rel1.win32_1.0.0.202411081344/tools/bin/../lib/gcc/arm-none-eabi/13.3.1/../../../../arm-none-eabi/lib/thumb/v7e-m+dp/hard\libc_nano.a(libc_a-mallocr.o)
                0x08023af8                _malloc_r
 .text.__malloc_lock
                0x08023bf8        0xc C:/ST/STM32CubeIDE_1.17.0/STM32CubeIDE/plugins/com.st.stm32cube.ide.mcu.externaltools.gnu-tools-for-stm32.13.3.rel1.win32_1.0.0.202411081344/tools/bin/../lib/gcc/arm-none-eabi/13.3.1/../../../../arm-none-eabi/lib/thumb/v7e-m+dp/hard\libc_nano.a(libc_a-mlock.o)
                0x08023bf8                __malloc_lock
 .text.__malloc_unlock
                0x08023c04        0xc C:/ST/STM32CubeIDE_1.17.0/STM32CubeIDE/plugins/com.st.stm32cube.ide.mcu.externaltools.gnu-tools-for-stm32.13.3.rel1.win32_1.0.0.202411081344/tools/bin/../lib/gcc/arm-none-eabi/13.3.1/../../../../arm-none-eabi/lib/thumb/v7e-m+dp/hard\libc_nano.a(libc_a-mlock.o)
                0x08023c04                __malloc_unlock
 .text.__sfputc_r
                0x08023c10       0x2e C:/ST/STM32CubeIDE_1.17.0/STM32CubeIDE/plugins/com.st.stm32cube.ide.mcu.externaltools.gnu-tools-for-stm32.13.3.rel1.win32_1.0.0.202411081344/tools/bin/../lib/gcc/arm-none-eabi/13.3.1/../../../../arm-none-eabi/lib/thumb/v7e-m+dp/hard\libc_nano.a(libc_a-nano-vfprintf.o)
 .text.__sfputs_r
                0x08023c3e       0x24 C:/ST/STM32CubeIDE_1.17.0/STM32CubeIDE/plugins/com.st.stm32cube.ide.mcu.externaltools.gnu-tools-for-stm32.13.3.rel1.win32_1.0.0.202411081344/tools/bin/../lib/gcc/arm-none-eabi/13.3.1/../../../../arm-none-eabi/lib/thumb/v7e-m+dp/hard\libc_nano.a(libc_a-nano-vfprintf.o)
                0x08023c3e                __sfputs_r
 *fill*         0x08023c62        0x2 
 .text._vfprintf_r
                0x08023c64      0x230 C:/ST/STM32CubeIDE_1.17.0/STM32CubeIDE/plugins/com.st.stm32cube.ide.mcu.externaltools.gnu-tools-for-stm32.13.3.rel1.win32_1.0.0.202411081344/tools/bin/../lib/gcc/arm-none-eabi/13.3.1/../../../../arm-none-eabi/lib/thumb/v7e-m+dp/hard\libc_nano.a(libc_a-nano-vfprintf.o)
                0x08023c64                _vfprintf_r
                0x08023c64                _vfiprintf_r
 .text._printf_common
                0x08023e94       0xda C:/ST/STM32CubeIDE_1.17.0/STM32CubeIDE/plugins/com.st.stm32cube.ide.mcu.externaltools.gnu-tools-for-stm32.13.3.rel1.win32_1.0.0.202411081344/tools/bin/../lib/gcc/arm-none-eabi/13.3.1/../../../../arm-none-eabi/lib/thumb/v7e-m+dp/hard\libc_nano.a(libc_a-nano-vfprintf_i.o)
                0x08023e94                _printf_common
 *fill*         0x08023f6e        0x2 
 .text._printf_i
                0x08023f70      0x23c C:/ST/STM32CubeIDE_1.17.0/STM32CubeIDE/plugins/com.st.stm32cube.ide.mcu.externaltools.gnu-tools-for-stm32.13.3.rel1.win32_1.0.0.202411081344/tools/bin/../lib/gcc/arm-none-eabi/13.3.1/../../../../arm-none-eabi/lib/thumb/v7e-m+dp/hard\libc_nano.a(libc_a-nano-vfprintf_i.o)
                0x08023f70                _printf_i
 .text.__sflush_r
                0x080241ac      0x108 C:/ST/STM32CubeIDE_1.17.0/STM32CubeIDE/plugins/com.st.stm32cube.ide.mcu.externaltools.gnu-tools-for-stm32.13.3.rel1.win32_1.0.0.202411081344/tools/bin/../lib/gcc/arm-none-eabi/13.3.1/../../../../arm-none-eabi/lib/thumb/v7e-m+dp/hard\libc_nano.a(libc_a-fflush.o)
                0x080241ac                __sflush_r
 .text._fflush_r
                0x080242b4       0x50 C:/ST/STM32CubeIDE_1.17.0/STM32CubeIDE/plugins/com.st.stm32cube.ide.mcu.externaltools.gnu-tools-for-stm32.13.3.rel1.win32_1.0.0.202411081344/tools/bin/../lib/gcc/arm-none-eabi/13.3.1/../../../../arm-none-eabi/lib/thumb/v7e-m+dp/hard\libc_nano.a(libc_a-fflush.o)
                0x080242b4                _fflush_r
 .text.__swhatbuf_r
                0x08024304       0x4c C:/ST/STM32CubeIDE_1.17.0/STM32CubeIDE/plugins/com.st.stm32cube.ide.mcu.externaltools.gnu-tools-for-stm32.13.3.rel1.win32_1.0.0.202411081344/tools/bin/../lib/gcc/arm-none-eabi/13.3.1/../../../../arm-none-eabi/lib/thumb/v7e-m+dp/hard\libc_nano.a(libc_a-makebuf.o)
                0x08024304                __swhatbuf_r
 .text.__smakebuf_r
                0x08024350       0x78 C:/ST/STM32CubeIDE_1.17.0/STM32CubeIDE/plugins/com.st.stm32cube.ide.mcu.externaltools.gnu-tools-for-stm32.13.3.rel1.win32_1.0.0.202411081344/tools/bin/../lib/gcc/arm-none-eabi/13.3.1/../../../../arm-none-eabi/lib/thumb/v7e-m+dp/hard\libc_nano.a(libc_a-makebuf.o)
                0x08024350                __smakebuf_r
 .text._fstat_r
                0x080243c8       0x24 C:/ST/STM32CubeIDE_1.17.0/STM32CubeIDE/plugins/com.st.stm32cube.ide.mcu.externaltools.gnu-tools-for-stm32.13.3.rel1.win32_1.0.0.202411081344/tools/bin/../lib/gcc/arm-none-eabi/13.3.1/../../../../arm-none-eabi/lib/thumb/v7e-m+dp/hard\libc_nano.a(libc_a-fstatr.o)
                0x080243c8                _fstat_r
 .text._isatty_r
                0x080243ec       0x20 C:/ST/STM32CubeIDE_1.17.0/STM32CubeIDE/plugins/com.st.stm32cube.ide.mcu.externaltools.gnu-tools-for-stm32.13.3.rel1.win32_1.0.0.202411081344/tools/bin/../lib/gcc/arm-none-eabi/13.3.1/../../../../arm-none-eabi/lib/thumb/v7e-m+dp/hard\libc_nano.a(libc_a-isattyr.o)
                0x080243ec                _isatty_r
 .text._sbrk_r  0x0802440c       0x20 C:/ST/STM32CubeIDE_1.17.0/STM32CubeIDE/plugins/com.st.stm32cube.ide.mcu.externaltools.gnu-tools-for-stm32.13.3.rel1.win32_1.0.0.202411081344/tools/bin/../lib/gcc/arm-none-eabi/13.3.1/../../../../arm-none-eabi/lib/thumb/v7e-m+dp/hard\libc_nano.a(libc_a-sbrkr.o)
                0x0802440c                _sbrk_r
 *(.glue_7)
 .glue_7        0x0802442c        0x0 linker stubs
 *(.glue_7t)
 .glue_7t       0x0802442c        0x0 linker stubs
 *(.eh_frame)
 .eh_frame      0x0802442c        0x0 C:/ST/STM32CubeIDE_1.17.0/STM32CubeIDE/plugins/com.st.stm32cube.ide.mcu.externaltools.gnu-tools-for-stm32.13.3.rel1.win32_1.0.0.202411081344/tools/bin/../lib/gcc/arm-none-eabi/13.3.1/thumb/v7e-m+dp/hard/crtbegin.o
 *(.init)
 .init          0x0802442c        0x4 C:/ST/STM32CubeIDE_1.17.0/STM32CubeIDE/plugins/com.st.stm32cube.ide.mcu.externaltools.gnu-tools-for-stm32.13.3.rel1.win32_1.0.0.202411081344/tools/bin/../lib/gcc/arm-none-eabi/13.3.1/thumb/v7e-m+dp/hard/crti.o
                0x0802442c                _init
 .init          0x08024430        0x8 C:/ST/STM32CubeIDE_1.17.0/STM32CubeIDE/plugins/com.st.stm32cube.ide.mcu.externaltools.gnu-tools-for-stm32.13.3.rel1.win32_1.0.0.202411081344/tools/bin/../lib/gcc/arm-none-eabi/13.3.1/thumb/v7e-m+dp/hard/crtn.o
 *(.fini)
 .fini          0x08024438        0x4 C:/ST/STM32CubeIDE_1.17.0/STM32CubeIDE/plugins/com.st.stm32cube.ide.mcu.externaltools.gnu-tools-for-stm32.13.3.rel1.win32_1.0.0.202411081344/tools/bin/../lib/gcc/arm-none-eabi/13.3.1/thumb/v7e-m+dp/hard/crti.o
                0x08024438                _fini
 .fini          0x0802443c        0x8 C:/ST/STM32CubeIDE_1.17.0/STM32CubeIDE/plugins/com.st.stm32cube.ide.mcu.externaltools.gnu-tools-for-stm32.13.3.rel1.win32_1.0.0.202411081344/tools/bin/../lib/gcc/arm-none-eabi/13.3.1/thumb/v7e-m+dp/hard/crtn.o
                0x08024448                        . = ALIGN (0x8)
 *fill*         0x08024444        0x4 
                0x08024448                        _etext = .

.vfp11_veneer   0x08024448        0x0
 .vfp11_veneer  0x08024448        0x0 linker stubs

.v4_bx          0x08024448        0x0
 .v4_bx         0x08024448        0x0 linker stubs

.iplt           0x08024448        0x0
 .iplt          0x08024448        0x0 C:/ST/STM32CubeIDE_1.17.0/STM32CubeIDE/plugins/com.st.stm32cube.ide.mcu.externaltools.gnu-tools-for-stm32.13.3.rel1.win32_1.0.0.202411081344/tools/bin/../lib/gcc/arm-none-eabi/13.3.1/thumb/v7e-m+dp/hard/crtbegin.o

.rodata         0x08024448      0xe10
                0x08024448                        . = ALIGN (0x8)
 *(.rodata)
 .rodata        0x08024448        0x1 ./Application/User/main.o
                0x08024448                UserAppId
 *fill*         0x08024449        0x3 
 .rodata        0x0802444c       0x60 ./Application/User/test_protections.o
                0x0802444c                SlotStartAdd
                0x0802446c                SlotEndAdd
                0x0802448c                SlotHeaderAdd
 .rodata        0x080244ac        0xa ./Drivers/BSP/STM32H7xx_Nucleo_144/stm32h7xx_nucleo_144.o
                0x080244ac                GPIO_PIN
                0x080244b2                BUTTON_IRQn
                0x080244b4                BUTTON_PIN
 .rodata        0x080244b6       0x10 ./Drivers/CMSIS/system_stm32h7xx.o
                0x080244b6                D1CorePrescTable
 .rodata        0x080244c6       0x18 ./Drivers/STM32H7xx_HAL_Driver/stm32h7xx_hal_uart.o
                0x080244c6                UARTPrescTable
 *(.rodata*)
 .rodata.str1.1
                0x080244de      0xd73 ./Application/User/flash_if.o
                                 0x82 (size before relaxing)
 .rodata.str1.1
                0x08025251       0x1c ./Application/User/fw_update_app.o
 .rodata.str1.1
                0x08025251      0x2c0 ./Application/User/main.o
 .rodata.str1.1
                0x08025251      0x2eb ./Application/User/se_user_code.o
 .rodata.str1.1
                0x08025251      0x82f ./Application/User/test_protections.o
 .rodata._vfprintf_r.str1.1
                0x08025251       0x11 C:/ST/STM32CubeIDE_1.17.0/STM32CubeIDE/plugins/com.st.stm32cube.ide.mcu.externaltools.gnu-tools-for-stm32.13.3.rel1.win32_1.0.0.202411081344/tools/bin/../lib/gcc/arm-none-eabi/13.3.1/../../../../arm-none-eabi/lib/thumb/v7e-m+dp/hard\libc_nano.a(libc_a-nano-vfprintf.o)
 .rodata._printf_i.str1.1
                0x08025251       0x22 C:/ST/STM32CubeIDE_1.17.0/STM32CubeIDE/plugins/com.st.stm32cube.ide.mcu.externaltools.gnu-tools-for-stm32.13.3.rel1.win32_1.0.0.202411081344/tools/bin/../lib/gcc/arm-none-eabi/13.3.1/../../../../arm-none-eabi/lib/thumb/v7e-m+dp/hard\libc_nano.a(libc_a-nano-vfprintf_i.o)
                0x08025a80                        . = ALIGN (0x8)
 *fill*         0x08025251        0x7 

.ARM.extab      0x08025258        0x0
                0x08025258                        . = ALIGN (0x8)
 *(.ARM.extab* .gnu.linkonce.armextab.*)
                0x08025258                        . = ALIGN (0x8)

.ARM            0x08025258        0x8
                0x08025258                        . = ALIGN (0x8)
                0x08025258                        __exidx_start = .
 *(.ARM.exidx*)
 .ARM.exidx     0x08025258        0x8 C:/ST/STM32CubeIDE_1.17.0/STM32CubeIDE/plugins/com.st.stm32cube.ide.mcu.externaltools.gnu-tools-for-stm32.13.3.rel1.win32_1.0.0.202411081344/tools/bin/../lib/gcc/arm-none-eabi/13.3.1/../../../../arm-none-eabi/lib/thumb/v7e-m+dp/hard\libc_nano.a(libc_a-memchr.o)
 .ARM.exidx     0x08025260        0x0 C:/ST/STM32CubeIDE_1.17.0/STM32CubeIDE/plugins/com.st.stm32cube.ide.mcu.externaltools.gnu-tools-for-stm32.13.3.rel1.win32_1.0.0.202411081344/tools/bin/../lib/gcc/arm-none-eabi/13.3.1/thumb/v7e-m+dp/hard\libgcc.a(_udivmoddi4.o)
                                  0x8 (size before relaxing)
                0x08025260                        __exidx_end = .
                0x08025260                        . = ALIGN (0x8)

.preinit_array  0x08025260        0x0
                0x08025260                        . = ALIGN (0x8)
                0x08025260                        PROVIDE (__preinit_array_start = .)
 *(.preinit_array*)
                0x08025260                        PROVIDE (__preinit_array_end = .)
                0x08025260                        . = ALIGN (0x8)

.init_array     0x08025260        0x8
                0x08025260                        . = ALIGN (0x8)
                0x08025260                        PROVIDE (__init_array_start = .)
 *(SORT_BY_NAME(.init_array.*))
 *(.init_array*)
 .init_array    0x08025260        0x4 C:/ST/STM32CubeIDE_1.17.0/STM32CubeIDE/plugins/com.st.stm32cube.ide.mcu.externaltools.gnu-tools-for-stm32.13.3.rel1.win32_1.0.0.202411081344/tools/bin/../lib/gcc/arm-none-eabi/13.3.1/thumb/v7e-m+dp/hard/crtbegin.o
                0x08025264                        PROVIDE (__init_array_end = .)
                0x08025268                        . = ALIGN (0x8)
 *fill*         0x08025264        0x4 

.fini_array     0x08025268        0x8
                0x08025268                        . = ALIGN (0x8)
                [!provide]                        PROVIDE (__fini_array_start = .)
 *(SORT_BY_NAME(.fini_array.*))
 *(.fini_array*)
 .fini_array    0x08025268        0x4 C:/ST/STM32CubeIDE_1.17.0/STM32CubeIDE/plugins/com.st.stm32cube.ide.mcu.externaltools.gnu-tools-for-stm32.13.3.rel1.win32_1.0.0.202411081344/tools/bin/../lib/gcc/arm-none-eabi/13.3.1/thumb/v7e-m+dp/hard/crtbegin.o
                [!provide]                        PROVIDE (__fini_array_end = .)
                0x08025270                        . = ALIGN (0x8)
 *fill*         0x0802526c        0x4 
                0x08025270                        _sidata = LOADADDR (.data)

.data           0x20001000       0x80 load address 0x08025270
                0x20001000                        . = ALIGN (0x8)
                0x20001000                        _sdata = .
 *(.data)
 .data          0x20001000       0x10 ./Drivers/BSP/STM32H7xx_Nucleo_144/stm32h7xx_nucleo_144.o
                0x20001000                GPIO_PORT
                0x2000100c                BUTTON_PORT
 .data          0x20001010        0x8 ./Drivers/CMSIS/system_stm32h7xx.o
                0x20001010                SystemCoreClock
                0x20001014                SystemD2Clock
 .data          0x20001018        0x8 ./Drivers/STM32H7xx_HAL_Driver/stm32h7xx_hal.o
                0x20001018                uwTickFreq
                0x2000101c                uwTickPrio
 *(.data*)
 .data.__sglue  0x20001020        0xc C:/ST/STM32CubeIDE_1.17.0/STM32CubeIDE/plugins/com.st.stm32cube.ide.mcu.externaltools.gnu-tools-for-stm32.13.3.rel1.win32_1.0.0.202411081344/tools/bin/../lib/gcc/arm-none-eabi/13.3.1/../../../../arm-none-eabi/lib/thumb/v7e-m+dp/hard\libc_nano.a(libc_a-findfp.o)
                0x20001020                __sglue
 .data._impure_ptr
                0x2000102c        0x4 C:/ST/STM32CubeIDE_1.17.0/STM32CubeIDE/plugins/com.st.stm32cube.ide.mcu.externaltools.gnu-tools-for-stm32.13.3.rel1.win32_1.0.0.202411081344/tools/bin/../lib/gcc/arm-none-eabi/13.3.1/../../../../arm-none-eabi/lib/thumb/v7e-m+dp/hard\libc_nano.a(libc_a-impure.o)
                0x2000102c                _impure_ptr
 .data._impure_data
                0x20001030       0x4c C:/ST/STM32CubeIDE_1.17.0/STM32CubeIDE/plugins/com.st.stm32cube.ide.mcu.externaltools.gnu-tools-for-stm32.13.3.rel1.win32_1.0.0.202411081344/tools/bin/../lib/gcc/arm-none-eabi/13.3.1/../../../../arm-none-eabi/lib/thumb/v7e-m+dp/hard\libc_nano.a(libc_a-impure.o)
                0x20001030                _impure_data
                0x20001080                        . = ALIGN (0x8)
 *fill*         0x2000107c        0x4 
                0x20001080                        _edata = .

.igot.plt       0x20001080        0x0 load address 0x080252f0
 .igot.plt      0x20001080        0x0 C:/ST/STM32CubeIDE_1.17.0/STM32CubeIDE/plugins/com.st.stm32cube.ide.mcu.externaltools.gnu-tools-for-stm32.13.3.rel1.win32_1.0.0.202411081344/tools/bin/../lib/gcc/arm-none-eabi/13.3.1/thumb/v7e-m+dp/hard/crtbegin.o

.align32        0x080252f0       0x10
                0x080252f0        0x1 BYTE 0xaa
                0x08025300                        . = ALIGN (0x20)
 *fill*         0x080252f1        0xf 

.rel.dyn        0x08025300        0x0
 .rel.iplt      0x08025300        0x0 C:/ST/STM32CubeIDE_1.17.0/STM32CubeIDE/plugins/com.st.stm32cube.ide.mcu.externaltools.gnu-tools-for-stm32.13.3.rel1.win32_1.0.0.202411081344/tools/bin/../lib/gcc/arm-none-eabi/13.3.1/thumb/v7e-m+dp/hard/crtbegin.o
                0x08025300                        . = ALIGN (0x4)

.bss            0x20001080      0x254
                0x20001080                        _sbss = .
                0x20001080                        __bss_start__ = _sbss
 *(.bss)
 .bss           0x20001080       0x1c C:/ST/STM32CubeIDE_1.17.0/STM32CubeIDE/plugins/com.st.stm32cube.ide.mcu.externaltools.gnu-tools-for-stm32.13.3.rel1.win32_1.0.0.202411081344/tools/bin/../lib/gcc/arm-none-eabi/13.3.1/thumb/v7e-m+dp/hard/crtbegin.o
 .bss           0x2000109c       0x94 ./Application/User/com.o
 .bss           0x20001130        0x8 ./Application/User/main.o
                0x20001130                pUserAppId
                0x20001134                eStatus
 .bss           0x20001138       0x24 ./Application/User/stm32h7xx_it.o
                0x20001138                RtcHandle
 .bss           0x2000115c        0x8 ./Application/User/syscalls.o
                0x20001160                __env
 .bss           0x20001164        0x4 ./Application/User/test_protections.o
 .bss           0x20001168        0x4 ./Drivers/STM32H7xx_HAL_Driver/stm32h7xx_hal.o
                0x20001168                uwTick
 .bss           0x2000116c       0x1c ./Drivers/STM32H7xx_HAL_Driver/stm32h7xx_hal_flash.o
                0x2000116c                pFlash
 *(.bss*)
 .bss.__sf      0x20001188      0x138 C:/ST/STM32CubeIDE_1.17.0/STM32CubeIDE/plugins/com.st.stm32cube.ide.mcu.externaltools.gnu-tools-for-stm32.13.3.rel1.win32_1.0.0.202411081344/tools/bin/../lib/gcc/arm-none-eabi/13.3.1/../../../../arm-none-eabi/lib/thumb/v7e-m+dp/hard\libc_nano.a(libc_a-findfp.o)
                0x20001188                __sf
 .bss.__stdio_exit_handler
                0x200012c0        0x4 C:/ST/STM32CubeIDE_1.17.0/STM32CubeIDE/plugins/com.st.stm32cube.ide.mcu.externaltools.gnu-tools-for-stm32.13.3.rel1.win32_1.0.0.202411081344/tools/bin/../lib/gcc/arm-none-eabi/13.3.1/../../../../arm-none-eabi/lib/thumb/v7e-m+dp/hard\libc_nano.a(libc_a-findfp.o)
                0x200012c0                __stdio_exit_handler
 .bss.errno     0x200012c4        0x4 C:/ST/STM32CubeIDE_1.17.0/STM32CubeIDE/plugins/com.st.stm32cube.ide.mcu.externaltools.gnu-tools-for-stm32.13.3.rel1.win32_1.0.0.202411081344/tools/bin/../lib/gcc/arm-none-eabi/13.3.1/../../../../arm-none-eabi/lib/thumb/v7e-m+dp/hard\libc_nano.a(libc_a-reent.o)
                0x200012c4                errno
 .bss.__lock___malloc_recursive_mutex
                0x200012c8        0x1 C:/ST/STM32CubeIDE_1.17.0/STM32CubeIDE/plugins/com.st.stm32cube.ide.mcu.externaltools.gnu-tools-for-stm32.13.3.rel1.win32_1.0.0.202411081344/tools/bin/../lib/gcc/arm-none-eabi/13.3.1/../../../../arm-none-eabi/lib/thumb/v7e-m+dp/hard\libc_nano.a(libc_a-lock.o)
                0x200012c8                __lock___malloc_recursive_mutex
 .bss.__lock___sfp_recursive_mutex
                0x200012c9        0x1 C:/ST/STM32CubeIDE_1.17.0/STM32CubeIDE/plugins/com.st.stm32cube.ide.mcu.externaltools.gnu-tools-for-stm32.13.3.rel1.win32_1.0.0.202411081344/tools/bin/../lib/gcc/arm-none-eabi/13.3.1/../../../../arm-none-eabi/lib/thumb/v7e-m+dp/hard\libc_nano.a(libc_a-lock.o)
                0x200012c9                __lock___sfp_recursive_mutex
 *fill*         0x200012ca        0x2 
 .bss.__malloc_sbrk_start
                0x200012cc        0x4 C:/ST/STM32CubeIDE_1.17.0/STM32CubeIDE/plugins/com.st.stm32cube.ide.mcu.externaltools.gnu-tools-for-stm32.13.3.rel1.win32_1.0.0.202411081344/tools/bin/../lib/gcc/arm-none-eabi/13.3.1/../../../../arm-none-eabi/lib/thumb/v7e-m+dp/hard\libc_nano.a(libc_a-mallocr.o)
                0x200012cc                __malloc_sbrk_start
 .bss.__malloc_free_list
                0x200012d0        0x4 C:/ST/STM32CubeIDE_1.17.0/STM32CubeIDE/plugins/com.st.stm32cube.ide.mcu.externaltools.gnu-tools-for-stm32.13.3.rel1.win32_1.0.0.202411081344/tools/bin/../lib/gcc/arm-none-eabi/13.3.1/../../../../arm-none-eabi/lib/thumb/v7e-m+dp/hard\libc_nano.a(libc_a-mallocr.o)
                0x200012d0                __malloc_free_list
 *(COMMON)
                0x200012d4                        . = ALIGN (0x4)
                0x200012d4                        _ebss = .
                0x200012d4                        __bss_end__ = _ebss

._user_heap_stack
                0x200012d4      0xa04
                0x200012d8                        . = ALIGN (0x8)
 *fill*         0x200012d4        0x4 
                0x200012d8                        PROVIDE (end = .)
                [!provide]                        PROVIDE (_end = .)
                0x200014d8                        . = (. + _Min_Heap_Size)
 *fill*         0x200012d8      0x200 
                0x20001cd8                        . = (. + _Min_Stack_Size)
 *fill*         0x200014d8      0x800 
                0x20001cd8                        . = ALIGN (0x8)

/DISCARD/
 libc.a(*)
 libm.a(*)
 libgcc.a(*)

.ARM.attributes
                0x00000000       0x2e
 *(.ARM.attributes)
 .ARM.attributes
                0x00000000       0x20 C:/ST/STM32CubeIDE_1.17.0/STM32CubeIDE/plugins/com.st.stm32cube.ide.mcu.externaltools.gnu-tools-for-stm32.13.3.rel1.win32_1.0.0.202411081344/tools/bin/../lib/gcc/arm-none-eabi/13.3.1/thumb/v7e-m+dp/hard/crti.o
 .ARM.attributes
                0x00000020       0x32 C:/ST/STM32CubeIDE_1.17.0/STM32CubeIDE/plugins/com.st.stm32cube.ide.mcu.externaltools.gnu-tools-for-stm32.13.3.rel1.win32_1.0.0.202411081344/tools/bin/../lib/gcc/arm-none-eabi/13.3.1/thumb/v7e-m+dp/hard/crtbegin.o
 .ARM.attributes
                0x00000052       0x21 ./Application/Startup/startup_stm32h753xx.o
 .ARM.attributes
                0x00000073       0x32 ./Application/User/com.o
 .ARM.attributes
                0x000000a5       0x32 ./Application/User/flash_if.o
 .ARM.attributes
                0x000000d7       0x32 ./Application/User/fw_update_app.o
 .ARM.attributes
                0x00000109       0x32 ./Application/User/main.o
 .ARM.attributes
                0x0000013b       0x32 ./Application/User/se_user_code.o
 .ARM.attributes
                0x0000016d       0x32 ./Application/User/stm32h7xx_it.o
 .ARM.attributes
                0x0000019f       0x32 ./Application/User/syscalls.o
 .ARM.attributes
                0x000001d1       0x32 ./Application/User/test_protections.o
 .ARM.attributes
                0x00000203       0x32 ./Drivers/BSP/STM32H7xx_Nucleo_144/stm32h7xx_nucleo_144.o
 .ARM.attributes
                0x00000235       0x32 ./Drivers/CMSIS/system_stm32h7xx.o
 .ARM.attributes
                0x00000267       0x32 ./Drivers/STM32H7xx_HAL_Driver/stm32h7xx_hal.o
 .ARM.attributes
                0x00000299       0x32 ./Drivers/STM32H7xx_HAL_Driver/stm32h7xx_hal_cortex.o
 .ARM.attributes
                0x000002cb       0x32 ./Drivers/STM32H7xx_HAL_Driver/stm32h7xx_hal_flash.o
 .ARM.attributes
                0x000002fd       0x32 ./Drivers/STM32H7xx_HAL_Driver/stm32h7xx_hal_flash_ex.o
 .ARM.attributes
                0x0000032f       0x32 ./Drivers/STM32H7xx_HAL_Driver/stm32h7xx_hal_gpio.o
 .ARM.attributes
                0x00000361       0x32 ./Drivers/STM32H7xx_HAL_Driver/stm32h7xx_hal_pwr_ex.o
 .ARM.attributes
                0x00000393       0x32 ./Drivers/STM32H7xx_HAL_Driver/stm32h7xx_hal_rcc.o
 .ARM.attributes
                0x000003c5       0x32 ./Drivers/STM32H7xx_HAL_Driver/stm32h7xx_hal_rcc_ex.o
 .ARM.attributes
                0x000003f7       0x32 ./Drivers/STM32H7xx_HAL_Driver/stm32h7xx_hal_rtc_ex.o
 .ARM.attributes
                0x00000429       0x32 ./Drivers/STM32H7xx_HAL_Driver/stm32h7xx_hal_uart.o
 .ARM.attributes
                0x0000045b       0x32 C:/ST/STM32CubeIDE_1.17.0/STM32CubeIDE/plugins/com.st.stm32cube.ide.mcu.externaltools.gnu-tools-for-stm32.13.3.rel1.win32_1.0.0.202411081344/tools/bin/../lib/gcc/arm-none-eabi/13.3.1/../../../../arm-none-eabi/lib/thumb/v7e-m+dp/hard\libc_nano.a(libc_a-findfp.o)
 .ARM.attributes
                0x0000048d       0x32 C:/ST/STM32CubeIDE_1.17.0/STM32CubeIDE/plugins/com.st.stm32cube.ide.mcu.externaltools.gnu-tools-for-stm32.13.3.rel1.win32_1.0.0.202411081344/tools/bin/../lib/gcc/arm-none-eabi/13.3.1/../../../../arm-none-eabi/lib/thumb/v7e-m+dp/hard\libc_nano.a(libc_a-fwalk.o)
 .ARM.attributes
                0x000004bf       0x32 C:/ST/STM32CubeIDE_1.17.0/STM32CubeIDE/plugins/com.st.stm32cube.ide.mcu.externaltools.gnu-tools-for-stm32.13.3.rel1.win32_1.0.0.202411081344/tools/bin/../lib/gcc/arm-none-eabi/13.3.1/../../../../arm-none-eabi/lib/thumb/v7e-m+dp/hard\libc_nano.a(libc_a-printf.o)
 .ARM.attributes
                0x000004f1       0x32 C:/ST/STM32CubeIDE_1.17.0/STM32CubeIDE/plugins/com.st.stm32cube.ide.mcu.externaltools.gnu-tools-for-stm32.13.3.rel1.win32_1.0.0.202411081344/tools/bin/../lib/gcc/arm-none-eabi/13.3.1/../../../../arm-none-eabi/lib/thumb/v7e-m+dp/hard\libc_nano.a(libc_a-puts.o)
 .ARM.attributes
                0x00000523       0x32 C:/ST/STM32CubeIDE_1.17.0/STM32CubeIDE/plugins/com.st.stm32cube.ide.mcu.externaltools.gnu-tools-for-stm32.13.3.rel1.win32_1.0.0.202411081344/tools/bin/../lib/gcc/arm-none-eabi/13.3.1/../../../../arm-none-eabi/lib/thumb/v7e-m+dp/hard\libc_nano.a(libc_a-setvbuf.o)
 .ARM.attributes
                0x00000555       0x32 C:/ST/STM32CubeIDE_1.17.0/STM32CubeIDE/plugins/com.st.stm32cube.ide.mcu.externaltools.gnu-tools-for-stm32.13.3.rel1.win32_1.0.0.202411081344/tools/bin/../lib/gcc/arm-none-eabi/13.3.1/../../../../arm-none-eabi/lib/thumb/v7e-m+dp/hard\libc_nano.a(libc_a-stdio.o)
 .ARM.attributes
                0x00000587       0x32 C:/ST/STM32CubeIDE_1.17.0/STM32CubeIDE/plugins/com.st.stm32cube.ide.mcu.externaltools.gnu-tools-for-stm32.13.3.rel1.win32_1.0.0.202411081344/tools/bin/../lib/gcc/arm-none-eabi/13.3.1/../../../../arm-none-eabi/lib/thumb/v7e-m+dp/hard\libc_nano.a(libc_a-wbuf.o)
 .ARM.attributes
                0x000005b9       0x32 C:/ST/STM32CubeIDE_1.17.0/STM32CubeIDE/plugins/com.st.stm32cube.ide.mcu.externaltools.gnu-tools-for-stm32.13.3.rel1.win32_1.0.0.202411081344/tools/bin/../lib/gcc/arm-none-eabi/13.3.1/../../../../arm-none-eabi/lib/thumb/v7e-m+dp/hard\libc_nano.a(libc_a-wsetup.o)
 .ARM.attributes
                0x000005eb       0x32 C:/ST/STM32CubeIDE_1.17.0/STM32CubeIDE/plugins/com.st.stm32cube.ide.mcu.externaltools.gnu-tools-for-stm32.13.3.rel1.win32_1.0.0.202411081344/tools/bin/../lib/gcc/arm-none-eabi/13.3.1/../../../../arm-none-eabi/lib/thumb/v7e-m+dp/hard\libc_nano.a(libc_a-memcmp.o)
 .ARM.attributes
                0x0000061d       0x32 C:/ST/STM32CubeIDE_1.17.0/STM32CubeIDE/plugins/com.st.stm32cube.ide.mcu.externaltools.gnu-tools-for-stm32.13.3.rel1.win32_1.0.0.202411081344/tools/bin/../lib/gcc/arm-none-eabi/13.3.1/../../../../arm-none-eabi/lib/thumb/v7e-m+dp/hard\libc_nano.a(libc_a-memset.o)
 .ARM.attributes
                0x0000064f       0x32 C:/ST/STM32CubeIDE_1.17.0/STM32CubeIDE/plugins/com.st.stm32cube.ide.mcu.externaltools.gnu-tools-for-stm32.13.3.rel1.win32_1.0.0.202411081344/tools/bin/../lib/gcc/arm-none-eabi/13.3.1/../../../../arm-none-eabi/lib/thumb/v7e-m+dp/hard\libc_nano.a(libc_a-closer.o)
 .ARM.attributes
                0x00000681       0x32 C:/ST/STM32CubeIDE_1.17.0/STM32CubeIDE/plugins/com.st.stm32cube.ide.mcu.externaltools.gnu-tools-for-stm32.13.3.rel1.win32_1.0.0.202411081344/tools/bin/../lib/gcc/arm-none-eabi/13.3.1/../../../../arm-none-eabi/lib/thumb/v7e-m+dp/hard\libc_nano.a(libc_a-reent.o)
 .ARM.attributes
                0x000006b3       0x32 C:/ST/STM32CubeIDE_1.17.0/STM32CubeIDE/plugins/com.st.stm32cube.ide.mcu.externaltools.gnu-tools-for-stm32.13.3.rel1.win32_1.0.0.202411081344/tools/bin/../lib/gcc/arm-none-eabi/13.3.1/../../../../arm-none-eabi/lib/thumb/v7e-m+dp/hard\libc_nano.a(libc_a-impure.o)
 .ARM.attributes
                0x000006e5       0x32 C:/ST/STM32CubeIDE_1.17.0/STM32CubeIDE/plugins/com.st.stm32cube.ide.mcu.externaltools.gnu-tools-for-stm32.13.3.rel1.win32_1.0.0.202411081344/tools/bin/../lib/gcc/arm-none-eabi/13.3.1/../../../../arm-none-eabi/lib/thumb/v7e-m+dp/hard\libc_nano.a(libc_a-lseekr.o)
 .ARM.attributes
                0x00000717       0x32 C:/ST/STM32CubeIDE_1.17.0/STM32CubeIDE/plugins/com.st.stm32cube.ide.mcu.externaltools.gnu-tools-for-stm32.13.3.rel1.win32_1.0.0.202411081344/tools/bin/../lib/gcc/arm-none-eabi/13.3.1/../../../../arm-none-eabi/lib/thumb/v7e-m+dp/hard\libc_nano.a(libc_a-readr.o)
 .ARM.attributes
                0x00000749       0x32 C:/ST/STM32CubeIDE_1.17.0/STM32CubeIDE/plugins/com.st.stm32cube.ide.mcu.externaltools.gnu-tools-for-stm32.13.3.rel1.win32_1.0.0.202411081344/tools/bin/../lib/gcc/arm-none-eabi/13.3.1/../../../../arm-none-eabi/lib/thumb/v7e-m+dp/hard\libc_nano.a(libc_a-writer.o)
 .ARM.attributes
                0x0000077b       0x32 C:/ST/STM32CubeIDE_1.17.0/STM32CubeIDE/plugins/com.st.stm32cube.ide.mcu.externaltools.gnu-tools-for-stm32.13.3.rel1.win32_1.0.0.202411081344/tools/bin/../lib/gcc/arm-none-eabi/13.3.1/../../../../arm-none-eabi/lib/thumb/v7e-m+dp/hard\libc_nano.a(libc_a-errno.o)
 .ARM.attributes
                0x000007ad       0x32 C:/ST/STM32CubeIDE_1.17.0/STM32CubeIDE/plugins/com.st.stm32cube.ide.mcu.externaltools.gnu-tools-for-stm32.13.3.rel1.win32_1.0.0.202411081344/tools/bin/../lib/gcc/arm-none-eabi/13.3.1/../../../../arm-none-eabi/lib/thumb/v7e-m+dp/hard\libc_nano.a(libc_a-init.o)
 .ARM.attributes
                0x000007df       0x32 C:/ST/STM32CubeIDE_1.17.0/STM32CubeIDE/plugins/com.st.stm32cube.ide.mcu.externaltools.gnu-tools-for-stm32.13.3.rel1.win32_1.0.0.202411081344/tools/bin/../lib/gcc/arm-none-eabi/13.3.1/../../../../arm-none-eabi/lib/thumb/v7e-m+dp/hard\libc_nano.a(libc_a-lock.o)
 .ARM.attributes
                0x00000811       0x32 C:/ST/STM32CubeIDE_1.17.0/STM32CubeIDE/plugins/com.st.stm32cube.ide.mcu.externaltools.gnu-tools-for-stm32.13.3.rel1.win32_1.0.0.202411081344/tools/bin/../lib/gcc/arm-none-eabi/13.3.1/../../../../arm-none-eabi/lib/thumb/v7e-m+dp/hard\libc_nano.a(libc_a-freer.o)
 .ARM.attributes
                0x00000843       0x32 C:/ST/STM32CubeIDE_1.17.0/STM32CubeIDE/plugins/com.st.stm32cube.ide.mcu.externaltools.gnu-tools-for-stm32.13.3.rel1.win32_1.0.0.202411081344/tools/bin/../lib/gcc/arm-none-eabi/13.3.1/../../../../arm-none-eabi/lib/thumb/v7e-m+dp/hard\libc_nano.a(libc_a-malloc.o)
 .ARM.attributes
                0x00000875       0x32 C:/ST/STM32CubeIDE_1.17.0/STM32CubeIDE/plugins/com.st.stm32cube.ide.mcu.externaltools.gnu-tools-for-stm32.13.3.rel1.win32_1.0.0.202411081344/tools/bin/../lib/gcc/arm-none-eabi/13.3.1/../../../../arm-none-eabi/lib/thumb/v7e-m+dp/hard\libc_nano.a(libc_a-mallocr.o)
 .ARM.attributes
                0x000008a7       0x32 C:/ST/STM32CubeIDE_1.17.0/STM32CubeIDE/plugins/com.st.stm32cube.ide.mcu.externaltools.gnu-tools-for-stm32.13.3.rel1.win32_1.0.0.202411081344/tools/bin/../lib/gcc/arm-none-eabi/13.3.1/../../../../arm-none-eabi/lib/thumb/v7e-m+dp/hard\libc_nano.a(libc_a-mlock.o)
 .ARM.attributes
                0x000008d9       0x32 C:/ST/STM32CubeIDE_1.17.0/STM32CubeIDE/plugins/com.st.stm32cube.ide.mcu.externaltools.gnu-tools-for-stm32.13.3.rel1.win32_1.0.0.202411081344/tools/bin/../lib/gcc/arm-none-eabi/13.3.1/../../../../arm-none-eabi/lib/thumb/v7e-m+dp/hard\libc_nano.a(libc_a-nano-vfprintf.o)
 .ARM.attributes
                0x0000090b       0x32 C:/ST/STM32CubeIDE_1.17.0/STM32CubeIDE/plugins/com.st.stm32cube.ide.mcu.externaltools.gnu-tools-for-stm32.13.3.rel1.win32_1.0.0.202411081344/tools/bin/../lib/gcc/arm-none-eabi/13.3.1/../../../../arm-none-eabi/lib/thumb/v7e-m+dp/hard\libc_nano.a(libc_a-nano-vfprintf_i.o)
 .ARM.attributes
                0x0000093d       0x32 C:/ST/STM32CubeIDE_1.17.0/STM32CubeIDE/plugins/com.st.stm32cube.ide.mcu.externaltools.gnu-tools-for-stm32.13.3.rel1.win32_1.0.0.202411081344/tools/bin/../lib/gcc/arm-none-eabi/13.3.1/../../../../arm-none-eabi/lib/thumb/v7e-m+dp/hard\libc_nano.a(libc_a-fflush.o)
 .ARM.attributes
                0x0000096f       0x32 C:/ST/STM32CubeIDE_1.17.0/STM32CubeIDE/plugins/com.st.stm32cube.ide.mcu.externaltools.gnu-tools-for-stm32.13.3.rel1.win32_1.0.0.202411081344/tools/bin/../lib/gcc/arm-none-eabi/13.3.1/../../../../arm-none-eabi/lib/thumb/v7e-m+dp/hard\libc_nano.a(libc_a-makebuf.o)
 .ARM.attributes
                0x000009a1       0x32 C:/ST/STM32CubeIDE_1.17.0/STM32CubeIDE/plugins/com.st.stm32cube.ide.mcu.externaltools.gnu-tools-for-stm32.13.3.rel1.win32_1.0.0.202411081344/tools/bin/../lib/gcc/arm-none-eabi/13.3.1/../../../../arm-none-eabi/lib/thumb/v7e-m+dp/hard\libc_nano.a(libc_a-fstatr.o)
 .ARM.attributes
                0x000009d3       0x32 C:/ST/STM32CubeIDE_1.17.0/STM32CubeIDE/plugins/com.st.stm32cube.ide.mcu.externaltools.gnu-tools-for-stm32.13.3.rel1.win32_1.0.0.202411081344/tools/bin/../lib/gcc/arm-none-eabi/13.3.1/../../../../arm-none-eabi/lib/thumb/v7e-m+dp/hard\libc_nano.a(libc_a-isattyr.o)
 .ARM.attributes
                0x00000a05       0x32 C:/ST/STM32CubeIDE_1.17.0/STM32CubeIDE/plugins/com.st.stm32cube.ide.mcu.externaltools.gnu-tools-for-stm32.13.3.rel1.win32_1.0.0.202411081344/tools/bin/../lib/gcc/arm-none-eabi/13.3.1/../../../../arm-none-eabi/lib/thumb/v7e-m+dp/hard\libc_nano.a(libc_a-sbrkr.o)
 .ARM.attributes
                0x00000a37       0x1c C:/ST/STM32CubeIDE_1.17.0/STM32CubeIDE/plugins/com.st.stm32cube.ide.mcu.externaltools.gnu-tools-for-stm32.13.3.rel1.win32_1.0.0.202411081344/tools/bin/../lib/gcc/arm-none-eabi/13.3.1/../../../../arm-none-eabi/lib/thumb/v7e-m+dp/hard\libc_nano.a(libc_a-memchr.o)
 .ARM.attributes
                0x00000a53       0x20 C:/ST/STM32CubeIDE_1.17.0/STM32CubeIDE/plugins/com.st.stm32cube.ide.mcu.externaltools.gnu-tools-for-stm32.13.3.rel1.win32_1.0.0.202411081344/tools/bin/../lib/gcc/arm-none-eabi/13.3.1/thumb/v7e-m+dp/hard\libgcc.a(_aeabi_uldivmod.o)
 .ARM.attributes
                0x00000a73       0x32 C:/ST/STM32CubeIDE_1.17.0/STM32CubeIDE/plugins/com.st.stm32cube.ide.mcu.externaltools.gnu-tools-for-stm32.13.3.rel1.win32_1.0.0.202411081344/tools/bin/../lib/gcc/arm-none-eabi/13.3.1/thumb/v7e-m+dp/hard\libgcc.a(_udivmoddi4.o)
 .ARM.attributes
                0x00000aa5       0x20 C:/ST/STM32CubeIDE_1.17.0/STM32CubeIDE/plugins/com.st.stm32cube.ide.mcu.externaltools.gnu-tools-for-stm32.13.3.rel1.win32_1.0.0.202411081344/tools/bin/../lib/gcc/arm-none-eabi/13.3.1/thumb/v7e-m+dp/hard\libgcc.a(_dvmd_tls.o)
 .ARM.attributes
                0x00000ac5       0x20 C:/ST/STM32CubeIDE_1.17.0/STM32CubeIDE/plugins/com.st.stm32cube.ide.mcu.externaltools.gnu-tools-for-stm32.13.3.rel1.win32_1.0.0.202411081344/tools/bin/../lib/gcc/arm-none-eabi/13.3.1/thumb/v7e-m+dp/hard/crtn.o
OUTPUT(UserApp.elf elf32-littlearm)
LOAD linker stubs
LOAD C:/ST/STM32CubeIDE_1.17.0/STM32CubeIDE/plugins/com.st.stm32cube.ide.mcu.externaltools.gnu-tools-for-stm32.13.3.rel1.win32_1.0.0.202411081344/tools/bin/../lib/gcc/arm-none-eabi/13.3.1/../../../../arm-none-eabi/lib/thumb/v7e-m+dp/hard\libc.a
LOAD C:/ST/STM32CubeIDE_1.17.0/STM32CubeIDE/plugins/com.st.stm32cube.ide.mcu.externaltools.gnu-tools-for-stm32.13.3.rel1.win32_1.0.0.202411081344/tools/bin/../lib/gcc/arm-none-eabi/13.3.1/../../../../arm-none-eabi/lib/thumb/v7e-m+dp/hard\libm.a
LOAD C:/ST/STM32CubeIDE_1.17.0/STM32CubeIDE/plugins/com.st.stm32cube.ide.mcu.externaltools.gnu-tools-for-stm32.13.3.rel1.win32_1.0.0.202411081344/tools/bin/../lib/gcc/arm-none-eabi/13.3.1/thumb/v7e-m+dp/hard\libgcc.a

.debug_line     0x00000000    0x193a8
 .debug_line    0x00000000       0x77 ./Application/Startup/startup_stm32h753xx.o
 .debug_line    0x00000077      0xba8 ./Application/User/com.o
 .debug_line    0x00000c1f      0xee4 ./Application/User/flash_if.o
 .debug_line    0x00001b03      0xc09 ./Application/User/fw_update_app.o
 .debug_line    0x0000270c      0xe77 ./Application/User/main.o
 .debug_line    0x00003583      0xcb8 ./Application/User/se_user_code.o
 .debug_line    0x0000423b      0xb29 ./Application/User/stm32h7xx_it.o
 .debug_line    0x00004d64      0x9c3 ./Application/User/syscalls.o
 .debug_line    0x00005727      0xe5e ./Application/User/test_protections.o
 .debug_line    0x00006585      0xb8c ./Drivers/BSP/STM32H7xx_Nucleo_144/stm32h7xx_nucleo_144.o
 .debug_line    0x00007111      0xbc6 ./Drivers/CMSIS/system_stm32h7xx.o
 .debug_line    0x00007cd7     0x10b5 ./Drivers/STM32H7xx_HAL_Driver/stm32h7xx_hal.o
 .debug_line    0x00008d8c      0xfde ./Drivers/STM32H7xx_HAL_Driver/stm32h7xx_hal_cortex.o
 .debug_line    0x00009d6a     0x1220 ./Drivers/STM32H7xx_HAL_Driver/stm32h7xx_hal_flash.o
 .debug_line    0x0000af8a     0x1596 ./Drivers/STM32H7xx_HAL_Driver/stm32h7xx_hal_flash_ex.o
 .debug_line    0x0000c520      0xead ./Drivers/STM32H7xx_HAL_Driver/stm32h7xx_hal_gpio.o
 .debug_line    0x0000d3cd     0x125e ./Drivers/STM32H7xx_HAL_Driver/stm32h7xx_hal_pwr_ex.o
 .debug_line    0x0000e62b     0x1ab4 ./Drivers/STM32H7xx_HAL_Driver/stm32h7xx_hal_rcc.o
 .debug_line    0x000100df     0x216c ./Drivers/STM32H7xx_HAL_Driver/stm32h7xx_hal_rcc_ex.o
 .debug_line    0x0001224b     0x1c9f ./Drivers/STM32H7xx_HAL_Driver/stm32h7xx_hal_rtc_ex.o
 .debug_line    0x00013eea     0x54be ./Drivers/STM32H7xx_HAL_Driver/stm32h7xx_hal_uart.o

.debug_line_str
                0x00000000       0xd1
 .debug_line_str
                0x00000000       0xd1 ./Application/Startup/startup_stm32h753xx.o

.debug_info     0x00000000    0x17c27
 .debug_info    0x00000000       0x30 ./Application/Startup/startup_stm32h753xx.o
 .debug_info    0x00000030     0x1767 ./Application/User/com.o
 .debug_info    0x00001797      0xbfc ./Application/User/flash_if.o
 .debug_info    0x00002393       0xce ./Application/User/fw_update_app.o
 .debug_info    0x00002461     0x10d8 ./Application/User/main.o
 .debug_info    0x00003539      0x547 ./Application/User/se_user_code.o
 .debug_info    0x00003a80      0x550 ./Application/User/stm32h7xx_it.o
 .debug_info    0x00003fd0      0x83d ./Application/User/syscalls.o
 .debug_info    0x0000480d     0x1248 ./Application/User/test_protections.o
 .debug_info    0x00005a55      0xea2 ./Drivers/BSP/STM32H7xx_Nucleo_144/stm32h7xx_nucleo_144.o
 .debug_info    0x000068f7      0x9c1 ./Drivers/CMSIS/system_stm32h7xx.o
 .debug_info    0x000072b8     0x1678 ./Drivers/STM32H7xx_HAL_Driver/stm32h7xx_hal.o
 .debug_info    0x00008930     0x133e ./Drivers/STM32H7xx_HAL_Driver/stm32h7xx_hal_cortex.o
 .debug_info    0x00009c6e      0xa71 ./Drivers/STM32H7xx_HAL_Driver/stm32h7xx_hal_flash.o
 .debug_info    0x0000a6df     0x1263 ./Drivers/STM32H7xx_HAL_Driver/stm32h7xx_hal_flash_ex.o
 .debug_info    0x0000b942      0xca4 ./Drivers/STM32H7xx_HAL_Driver/stm32h7xx_hal_gpio.o
 .debug_info    0x0000c5e6     0x10ce ./Drivers/STM32H7xx_HAL_Driver/stm32h7xx_hal_pwr_ex.o
 .debug_info    0x0000d6b4     0x11cb ./Drivers/STM32H7xx_HAL_Driver/stm32h7xx_hal_rcc.o
 .debug_info    0x0000e87f     0x193c ./Drivers/STM32H7xx_HAL_Driver/stm32h7xx_hal_rcc_ex.o
 .debug_info    0x000101bb     0x152c ./Drivers/STM32H7xx_HAL_Driver/stm32h7xx_hal_rtc_ex.o
 .debug_info    0x000116e7     0x6540 ./Drivers/STM32H7xx_HAL_Driver/stm32h7xx_hal_uart.o

.debug_abbrev   0x00000000     0x38f8
 .debug_abbrev  0x00000000       0x24 ./Application/Startup/startup_stm32h753xx.o
 .debug_abbrev  0x00000024      0x32d ./Application/User/com.o
 .debug_abbrev  0x00000351      0x3a1 ./Application/User/flash_if.o
 .debug_abbrev  0x000006f2       0x80 ./Application/User/fw_update_app.o
 .debug_abbrev  0x00000772      0x362 ./Application/User/main.o
 .debug_abbrev  0x00000ad4      0x250 ./Application/User/se_user_code.o
 .debug_abbrev  0x00000d24      0x1a3 ./Application/User/stm32h7xx_it.o
 .debug_abbrev  0x00000ec7      0x22c ./Application/User/syscalls.o
 .debug_abbrev  0x000010f3      0x3b1 ./Application/User/test_protections.o
 .debug_abbrev  0x000014a4      0x2a4 ./Drivers/BSP/STM32H7xx_Nucleo_144/stm32h7xx_nucleo_144.o
 .debug_abbrev  0x00001748      0x199 ./Drivers/CMSIS/system_stm32h7xx.o
 .debug_abbrev  0x000018e1      0x315 ./Drivers/STM32H7xx_HAL_Driver/stm32h7xx_hal.o
 .debug_abbrev  0x00001bf6      0x3a1 ./Drivers/STM32H7xx_HAL_Driver/stm32h7xx_hal_cortex.o
 .debug_abbrev  0x00001f97      0x363 ./Drivers/STM32H7xx_HAL_Driver/stm32h7xx_hal_flash.o
 .debug_abbrev  0x000022fa      0x36b ./Drivers/STM32H7xx_HAL_Driver/stm32h7xx_hal_flash_ex.o
 .debug_abbrev  0x00002665      0x25e ./Drivers/STM32H7xx_HAL_Driver/stm32h7xx_hal_gpio.o
 .debug_abbrev  0x000028c3      0x304 ./Drivers/STM32H7xx_HAL_Driver/stm32h7xx_hal_pwr_ex.o
 .debug_abbrev  0x00002bc7      0x31c ./Drivers/STM32H7xx_HAL_Driver/stm32h7xx_hal_rcc.o
 .debug_abbrev  0x00002ee3      0x312 ./Drivers/STM32H7xx_HAL_Driver/stm32h7xx_hal_rcc_ex.o
 .debug_abbrev  0x000031f5      0x278 ./Drivers/STM32H7xx_HAL_Driver/stm32h7xx_hal_rtc_ex.o
 .debug_abbrev  0x0000346d      0x48b ./Drivers/STM32H7xx_HAL_Driver/stm32h7xx_hal_uart.o

.debug_aranges  0x00000000      0xd98
 .debug_aranges
                0x00000000       0x28 ./Application/Startup/startup_stm32h753xx.o
 .debug_aranges
                0x00000028       0x68 ./Application/User/com.o
 .debug_aranges
                0x00000090       0x90 ./Application/User/flash_if.o
 .debug_aranges
                0x00000120       0x30 ./Application/User/fw_update_app.o
 .debug_aranges
                0x00000150       0x30 ./Application/User/main.o
 .debug_aranges
                0x00000180       0x28 ./Application/User/se_user_code.o
 .debug_aranges
                0x000001a8       0x70 ./Application/User/stm32h7xx_it.o
 .debug_aranges
                0x00000218       0xb0 ./Application/User/syscalls.o
 .debug_aranges
                0x000002c8       0x40 ./Application/User/test_protections.o
 .debug_aranges
                0x00000308       0x60 ./Drivers/BSP/STM32H7xx_Nucleo_144/stm32h7xx_nucleo_144.o
 .debug_aranges
                0x00000368       0x28 ./Drivers/CMSIS/system_stm32h7xx.o
 .debug_aranges
                0x00000390      0x198 ./Drivers/STM32H7xx_HAL_Driver/stm32h7xx_hal.o
 .debug_aranges
                0x00000528       0xc0 ./Drivers/STM32H7xx_HAL_Driver/stm32h7xx_hal_cortex.o
 .debug_aranges
                0x000005e8       0x88 ./Drivers/STM32H7xx_HAL_Driver/stm32h7xx_hal_flash.o
 .debug_aranges
                0x00000670       0x70 ./Drivers/STM32H7xx_HAL_Driver/stm32h7xx_hal_flash_ex.o
 .debug_aranges
                0x000006e0       0x58 ./Drivers/STM32H7xx_HAL_Driver/stm32h7xx_hal_gpio.o
 .debug_aranges
                0x00000738      0x158 ./Drivers/STM32H7xx_HAL_Driver/stm32h7xx_hal_pwr_ex.o
 .debug_aranges
                0x00000890       0x88 ./Drivers/STM32H7xx_HAL_Driver/stm32h7xx_hal_rcc.o
 .debug_aranges
                0x00000918       0xf8 ./Drivers/STM32H7xx_HAL_Driver/stm32h7xx_hal_rcc_ex.o
 .debug_aranges
                0x00000a10      0x140 ./Drivers/STM32H7xx_HAL_Driver/stm32h7xx_hal_rtc_ex.o
 .debug_aranges
                0x00000b50      0x248 ./Drivers/STM32H7xx_HAL_Driver/stm32h7xx_hal_uart.o

.debug_str      0x00000000   0x1616bf
 .debug_str     0x00000000   0x1616bf ./Application/Startup/startup_stm32h753xx.o
                                 0xed (size before relaxing)
 .debug_str     0x001616bf   0x157fdc ./Application/User/com.o
 .debug_str     0x001616bf   0x1575f8 ./Application/User/flash_if.o
 .debug_str     0x001616bf   0x158e24 ./Application/User/fw_update_app.o
 .debug_str     0x001616bf   0x1588f6 ./Application/User/main.o
 .debug_str     0x001616bf   0x158c7f ./Application/User/se_user_code.o
 .debug_str     0x001616bf   0x158020 ./Application/User/stm32h7xx_it.o
 .debug_str     0x001616bf     0x9ae3 ./Application/User/syscalls.o
 .debug_str     0x001616bf   0x158ebc ./Application/User/test_protections.o
 .debug_str     0x001616bf   0x157fce ./Drivers/BSP/STM32H7xx_Nucleo_144/stm32h7xx_nucleo_144.o
 .debug_str     0x001616bf   0x156eaa ./Drivers/CMSIS/system_stm32h7xx.o
 .debug_str     0x001616bf   0x157ed6 ./Drivers/STM32H7xx_HAL_Driver/stm32h7xx_hal.o
 .debug_str     0x001616bf   0x157910 ./Drivers/STM32H7xx_HAL_Driver/stm32h7xx_hal_cortex.o
 .debug_str     0x001616bf   0x156f95 ./Drivers/STM32H7xx_HAL_Driver/stm32h7xx_hal_flash.o
 .debug_str     0x001616bf   0x157245 ./Drivers/STM32H7xx_HAL_Driver/stm32h7xx_hal_flash_ex.o
 .debug_str     0x001616bf   0x156f68 ./Drivers/STM32H7xx_HAL_Driver/stm32h7xx_hal_gpio.o
 .debug_str     0x001616bf   0x157423 ./Drivers/STM32H7xx_HAL_Driver/stm32h7xx_hal_pwr_ex.o
 .debug_str     0x001616bf   0x15734c ./Drivers/STM32H7xx_HAL_Driver/stm32h7xx_hal_rcc.o
 .debug_str     0x001616bf   0x15782d ./Drivers/STM32H7xx_HAL_Driver/stm32h7xx_hal_rcc_ex.o
 .debug_str     0x001616bf   0x1574e9 ./Drivers/STM32H7xx_HAL_Driver/stm32h7xx_hal_rtc_ex.o
 .debug_str     0x001616bf   0x157e9e ./Drivers/STM32H7xx_HAL_Driver/stm32h7xx_hal_uart.o

.debug_rnglists
                0x00000000      0xcd9
 .debug_rnglists
                0x00000000       0x19 ./Application/Startup/startup_stm32h753xx.o
 .debug_rnglists
                0x00000019       0x65 ./Application/User/com.o
 .debug_rnglists
                0x0000007e       0x8e ./Application/User/flash_if.o
 .debug_rnglists
                0x0000010c       0x1f ./Application/User/fw_update_app.o
 .debug_rnglists
                0x0000012b       0x20 ./Application/User/main.o
 .debug_rnglists
                0x0000014b       0x27 ./Application/User/se_user_code.o
 .debug_rnglists
                0x00000172       0x4f ./Application/User/stm32h7xx_it.o
 .debug_rnglists
                0x000001c1       0x8b ./Application/User/syscalls.o
 .debug_rnglists
                0x0000024c       0x72 ./Application/User/test_protections.o
 .debug_rnglists
                0x000002be       0x62 ./Drivers/BSP/STM32H7xx_Nucleo_144/stm32h7xx_nucleo_144.o
 .debug_rnglists
                0x00000320       0x26 ./Drivers/CMSIS/system_stm32h7xx.o
 .debug_rnglists
                0x00000346      0x12e ./Drivers/STM32H7xx_HAL_Driver/stm32h7xx_hal.o
 .debug_rnglists
                0x00000474       0xe5 ./Drivers/STM32H7xx_HAL_Driver/stm32h7xx_hal_cortex.o
 .debug_rnglists
                0x00000559       0x66 ./Drivers/STM32H7xx_HAL_Driver/stm32h7xx_hal_flash.o
 .debug_rnglists